// Jest Snapshot v1, https://goo.gl/fbAQLP

exports[`DelegatedAdministrator Should match snapshot 1`] = `
Object {
  "Resources": Object {
    "AWS679f53fac002430cb0da5b7982bd22872D164C4C": Object {
      "DependsOn": Array [
        "AWS679f53fac002430cb0da5b7982bd2287ServiceRoleC1EA0FF2",
      ],
      "Properties": Object {
        "Code": Any<Object>,
        "Handler": "index.handler",
        "Role": Object {
          "Fn::GetAtt": Array [
            "AWS679f53fac002430cb0da5b7982bd2287ServiceRoleC1EA0FF2",
            "Arn",
          ],
        },
        "Runtime": "nodejs22.x",
        "Timeout": 120,
      },
      "Type": "AWS::Lambda::Function",
    },
    "AWS679f53fac002430cb0da5b7982bd2287ServiceRoleC1EA0FF2": Object {
      "Properties": Object {
        "AssumeRolePolicyDocument": Object {
          "Statement": Array [
            Object {
              "Action": "sts:AssumeRole",
              "Effect": "Allow",
              "Principal": Object {
                "Service": "lambda.amazonaws.com",
              },
            },
          ],
          "Version": "2012-10-17",
        },
        "ManagedPolicyArns": Array [
          Object {
            "Fn::Join": Array [
              "",
              Array [
                "arn:",
                Object {
                  "Ref": "AWS::Partition",
                },
                ":iam::aws:policy/service-role/AWSLambdaBasicExecutionRole",
              ],
            ],
          },
        ],
      },
      "Type": "AWS::IAM::Role",
    },
    "AccountCreateAccount833709C2": Object {
      "DeletionPolicy": "Delete",
      "Properties": Object {
        "AccountName": "TestAccount",
        "Email": "info@pepperize.com",
        "IamUserAccessToBilling": "ALLOW",
        "ImportOnDuplicate": "true",
        "RemovalPolicy": "retain",
        "RoleName": "OrganizationAccountAccessRole",
        "ServiceToken": Object {
          "Fn::GetAtt": Array [
            "cdkorganizationsAccountProviderNestedStackcdkorganizationsAccountProviderNestedStackResourceA1C2E3D5",
            "Outputs.cdkorganizationsAccountProviderframeworkonEvent4241E2B3Arn",
          ],
        },
      },
      "Type": "Custom::Organizations_Account",
      "UpdateReplacePolicy": "Delete",
    },
    "AccountTagsTagResourceB6D57C22": Object {
      "DeletionPolicy": "Delete",
      "DependsOn": Array [
        "AccountCreateAccount833709C2",
      ],
      "Properties": Object {
        "ResourceId": Object {
          "Fn::GetAtt": Array [
            "AccountCreateAccount833709C2",
            "AccountId",
          ],
        },
        "ServiceToken": Object {
          "Fn::GetAtt": Array [
            "cdkorganizationsTagResourceProviderNestedStackcdkorganizationsTagResourceProviderNestedStackResourceA7B8DF96",
            "Outputs.cdkorganizationsTagResourceProviderframeworkonEventDD009DFBArn",
          ],
        },
      },
      "Type": "Custom::Organizations_TagResource",
      "UpdateReplacePolicy": "Delete",
    },
    "DelegatedAdministratorDelegatedAdministratorCustomResource8756F10E": Object {
      "DeletionPolicy": "Delete",
      "DependsOn": Array [
        "DelegatedAdministratorDelegatedAdministratorCustomResourceCustomResourcePolicyCBFF6201",
      ],
      "Properties": Object {
        "Create": Object {
          "Fn::Join": Array [
            "",
            Array [
              "{\\"service\\":\\"Organizations\\",\\"action\\":\\"registerDelegatedAdministrator\\",\\"region\\":\\"us-east-1\\",\\"physicalResourceId\\":{\\"id\\":\\"",
              Object {
                "Fn::GetAtt": Array [
                  "AccountCreateAccount833709C2",
                  "AccountId",
                ],
              },
              ":service-abbreviation.amazonaws.com\\"},\\"parameters\\":{\\"AccountId\\":\\"",
              Object {
                "Fn::GetAtt": Array [
                  "AccountCreateAccount833709C2",
                  "AccountId",
                ],
              },
              "\\",\\"ServicePrincipal\\":\\"service-abbreviation.amazonaws.com\\"},\\"ignoreErrorCodesMatching\\":\\"AccountAlreadyRegisteredException\\"}",
            ],
          ],
        },
        "Delete": Object {
          "Fn::Join": Array [
            "",
            Array [
              "{\\"service\\":\\"Organizations\\",\\"action\\":\\"deregisterDelegatedAdministrator\\",\\"region\\":\\"us-east-1\\",\\"parameters\\":{\\"AccountId\\":\\"",
              Object {
                "Fn::GetAtt": Array [
                  "AccountCreateAccount833709C2",
                  "AccountId",
                ],
              },
              "\\",\\"ServicePrincipal\\":\\"service-abbreviation.amazonaws.com\\"}}",
            ],
          ],
        },
        "InstallLatestAwsSdk": false,
        "ServiceToken": Object {
          "Fn::GetAtt": Array [
            "AWS679f53fac002430cb0da5b7982bd22872D164C4C",
            "Arn",
          ],
        },
      },
      "Type": "Custom::Organizations_DelegatedAdministrator",
      "UpdateReplacePolicy": "Delete",
    },
    "DelegatedAdministratorDelegatedAdministratorCustomResourceCustomResourcePolicyCBFF6201": Object {
      "Properties": Object {
        "PolicyDocument": Object {
          "Statement": Array [
            Object {
              "Action": "organizations:RegisterDelegatedAdministrator",
              "Effect": "Allow",
              "Resource": "*",
            },
            Object {
              "Action": "organizations:DeregisterDelegatedAdministrator",
              "Effect": "Allow",
              "Resource": "*",
            },
          ],
          "Version": "2012-10-17",
        },
        "PolicyName": "DelegatedAdministratorDelegatedAdministratorCustomResourceCustomResourcePolicyCBFF6201",
        "Roles": Array [
          Object {
            "Ref": "AWS679f53fac002430cb0da5b7982bd2287ServiceRoleC1EA0FF2",
          },
        ],
      },
      "Type": "AWS::IAM::Policy",
    },
    "cdkorganizationsAccountProviderNestedStackcdkorganizationsAccountProviderNestedStackResourceA1C2E3D5": Object {
      "DeletionPolicy": "Delete",
      "Properties": Object {
        "TemplateURL": Object {
          "Fn::Join": Array [
            "",
            Array [
              "https://s3.us-east-1.",
              Object {
                "Ref": "AWS::URLSuffix",
              },
              "/cdk-hnb659fds-assets-123456789012-us-east-1/a21fb725b010605290a857fcc53edc2b939abd5698b47d7a18fea8f922926d74.json",
            ],
          ],
        },
      },
      "Type": "AWS::CloudFormation::Stack",
      "UpdateReplacePolicy": "Delete",
    },
    "cdkorganizationsTagResourceProviderNestedStackcdkorganizationsTagResourceProviderNestedStackResourceA7B8DF96": Object {
      "DeletionPolicy": "Delete",
      "Properties": Object {
        "TemplateURL": Object {
          "Fn::Join": Array [
            "",
            Array [
              "https://s3.us-east-1.",
              Object {
                "Ref": "AWS::URLSuffix",
              },
              "/cdk-hnb659fds-assets-123456789012-us-east-1/97e9e3bf7fc3447432bd4e7398ac495512689323a60f7c8f921df5663a45a95d.json",
            ],
          ],
        },
      },
      "Type": "AWS::CloudFormation::Stack",
      "UpdateReplacePolicy": "Delete",
    },
  },
}
`;
