// Jest Snapshot v1, https://goo.gl/fbAQLP

exports[`EnablePolicyType Should match snapshot 1`] = `
Object {
  "Resources": Object {
    "AWS679f53fac002430cb0da5b7982bd22872D164C4C": Object {
      "DependsOn": Array [
        "AWS679f53fac002430cb0da5b7982bd2287ServiceRoleC1EA0FF2",
      ],
      "Properties": Object {
        "Code": Any<Object>,
        "Handler": "index.handler",
        "Role": Object {
          "Fn::GetAtt": Array [
            "AWS679f53fac002430cb0da5b7982bd2287ServiceRoleC1EA0FF2",
            "Arn",
          ],
        },
        "Runtime": "nodejs22.x",
        "Timeout": 120,
      },
      "Type": "AWS::Lambda::Function",
    },
    "AWS679f53fac002430cb0da5b7982bd2287ServiceRoleC1EA0FF2": Object {
      "Properties": Object {
        "AssumeRolePolicyDocument": Object {
          "Statement": Array [
            Object {
              "Action": "sts:AssumeRole",
              "Effect": "Allow",
              "Principal": Object {
                "Service": "lambda.amazonaws.com",
              },
            },
          ],
          "Version": "2012-10-17",
        },
        "ManagedPolicyArns": Array [
          Object {
            "Fn::Join": Array [
              "",
              Array [
                "arn:",
                Object {
                  "Ref": "AWS::Partition",
                },
                ":iam::aws:policy/service-role/AWSLambdaBasicExecutionRole",
              ],
            ],
          },
        ],
      },
      "Type": "AWS::IAM::Role",
    },
    "EnablePolicyTypeEnablePolicyTypeCustomResource00A3BBE7": Object {
      "DeletionPolicy": "Delete",
      "DependsOn": Array [
        "EnablePolicyTypeEnablePolicyTypeCustomResourceCustomResourcePolicy556AC066",
      ],
      "Properties": Object {
        "Create": Object {
          "Fn::Join": Array [
            "",
            Array [
              "{\\"service\\":\\"Organizations\\",\\"action\\":\\"enablePolicyType\\",\\"region\\":\\"us-east-1\\",\\"physicalResourceId\\":{\\"id\\":\\"",
              Object {
                "Fn::GetAtt": Array [
                  "OrganizationRootRootCustomResourceBB74F060",
                  "Roots.0.Id",
                ],
              },
              ":SERVICE_CONTROL_POLICY\\"},\\"parameters\\":{\\"RootId\\":\\"",
              Object {
                "Fn::GetAtt": Array [
                  "OrganizationRootRootCustomResourceBB74F060",
                  "Roots.0.Id",
                ],
              },
              "\\",\\"PolicyType\\":\\"SERVICE_CONTROL_POLICY\\"},\\"ignoreErrorCodesMatching\\":\\"PolicyTypeAlreadyEnabledException\\"}",
            ],
          ],
        },
        "Delete": Object {
          "Fn::Join": Array [
            "",
            Array [
              "{\\"service\\":\\"Organizations\\",\\"action\\":\\"disablePolicyType\\",\\"region\\":\\"us-east-1\\",\\"parameters\\":{\\"RootId\\":\\"",
              Object {
                "Fn::GetAtt": Array [
                  "OrganizationRootRootCustomResourceBB74F060",
                  "Roots.0.Id",
                ],
              },
              "\\",\\"PolicyType\\":\\"SERVICE_CONTROL_POLICY\\"}}",
            ],
          ],
        },
        "InstallLatestAwsSdk": false,
        "ServiceToken": Object {
          "Fn::GetAtt": Array [
            "AWS679f53fac002430cb0da5b7982bd22872D164C4C",
            "Arn",
          ],
        },
      },
      "Type": "Custom::Organizations_EnablePolicyType",
      "UpdateReplacePolicy": "Delete",
    },
    "EnablePolicyTypeEnablePolicyTypeCustomResourceCustomResourcePolicy556AC066": Object {
      "Properties": Object {
        "PolicyDocument": Object {
          "Statement": Array [
            Object {
              "Action": "organizations:EnablePolicyType",
              "Effect": "Allow",
              "Resource": "*",
            },
            Object {
              "Action": "organizations:DisablePolicyType",
              "Effect": "Allow",
              "Resource": "*",
            },
          ],
          "Version": "2012-10-17",
        },
        "PolicyName": "EnablePolicyTypeEnablePolicyTypeCustomResourceCustomResourcePolicy556AC066",
        "Roles": Array [
          Object {
            "Ref": "AWS679f53fac002430cb0da5b7982bd2287ServiceRoleC1EA0FF2",
          },
        ],
      },
      "Type": "AWS::IAM::Policy",
    },
    "Organization06E16095": Object {
      "DeletionPolicy": "Delete",
      "Properties": Object {
        "FeatureSet": "ALL",
        "ServiceToken": Object {
          "Fn::GetAtt": Array [
            "cdkorganizationsOrganizationProviderNestedStackcdkorganizationsOrganizationProviderNestedStackResourceE0751832",
            "Outputs.cdkorganizationsOrganizationProviderframeworkonEvent268B5E2CArn",
          ],
        },
      },
      "Type": "Custom::Organizations_Organization",
      "UpdateReplacePolicy": "Delete",
    },
    "OrganizationRootRootCustomResourceBB74F060": Object {
      "DeletionPolicy": "Delete",
      "DependsOn": Array [
        "Organization06E16095",
        "OrganizationRootRootCustomResourceCustomResourcePolicyB45F831E",
      ],
      "Properties": Object {
        "Create": "{\\"service\\":\\"Organizations\\",\\"action\\":\\"listRoots\\",\\"region\\":\\"us-east-1\\",\\"physicalResourceId\\":{\\"responsePath\\":\\"Roots.0.Id\\"}}",
        "Delete": "{\\"service\\":\\"Organizations\\",\\"action\\":\\"listRoots\\",\\"region\\":\\"us-east-1\\"}",
        "InstallLatestAwsSdk": false,
        "ServiceToken": Object {
          "Fn::GetAtt": Array [
            "AWS679f53fac002430cb0da5b7982bd22872D164C4C",
            "Arn",
          ],
        },
        "Update": "{\\"service\\":\\"Organizations\\",\\"action\\":\\"listRoots\\",\\"region\\":\\"us-east-1\\",\\"physicalResourceId\\":{\\"responsePath\\":\\"Roots.0.Id\\"}}",
      },
      "Type": "Custom::Organizations_Root",
      "UpdateReplacePolicy": "Delete",
    },
    "OrganizationRootRootCustomResourceCustomResourcePolicyB45F831E": Object {
      "DependsOn": Array [
        "Organization06E16095",
      ],
      "Properties": Object {
        "PolicyDocument": Object {
          "Statement": Array [
            Object {
              "Action": "organizations:ListRoots",
              "Effect": "Allow",
              "Resource": "*",
            },
          ],
          "Version": "2012-10-17",
        },
        "PolicyName": "OrganizationRootRootCustomResourceCustomResourcePolicyB45F831E",
        "Roles": Array [
          Object {
            "Ref": "AWS679f53fac002430cb0da5b7982bd2287ServiceRoleC1EA0FF2",
          },
        ],
      },
      "Type": "AWS::IAM::Policy",
    },
    "OrganizationRootTagsTagResourceCBEA7B2F": Object {
      "DeletionPolicy": "Delete",
      "DependsOn": Array [
        "Organization06E16095",
        "OrganizationRootRootCustomResourceCustomResourcePolicyB45F831E",
        "OrganizationRootRootCustomResourceBB74F060",
      ],
      "Properties": Object {
        "ResourceId": Object {
          "Fn::GetAtt": Array [
            "OrganizationRootRootCustomResourceBB74F060",
            "Roots.0.Id",
          ],
        },
        "ServiceToken": Object {
          "Fn::GetAtt": Array [
            "cdkorganizationsTagResourceProviderNestedStackcdkorganizationsTagResourceProviderNestedStackResourceA7B8DF96",
            "Outputs.cdkorganizationsTagResourceProviderframeworkonEventDD009DFBArn",
          ],
        },
      },
      "Type": "Custom::Organizations_TagResource",
      "UpdateReplacePolicy": "Delete",
    },
    "cdkorganizationsOrganizationProviderNestedStackcdkorganizationsOrganizationProviderNestedStackResourceE0751832": Object {
      "DeletionPolicy": "Delete",
      "Properties": Object {
        "TemplateURL": Object {
          "Fn::Join": Array [
            "",
            Array [
              "https://s3.us-east-1.",
              Object {
                "Ref": "AWS::URLSuffix",
              },
              "/cdk-hnb659fds-assets-123456789012-us-east-1/146ffbc67cd3598d7612255fcf9f96c1aa8091bc78f22b77e19cf914781061bc.json",
            ],
          ],
        },
      },
      "Type": "AWS::CloudFormation::Stack",
      "UpdateReplacePolicy": "Delete",
    },
    "cdkorganizationsTagResourceProviderNestedStackcdkorganizationsTagResourceProviderNestedStackResourceA7B8DF96": Object {
      "DeletionPolicy": "Delete",
      "Properties": Object {
        "TemplateURL": Object {
          "Fn::Join": Array [
            "",
            Array [
              "https://s3.us-east-1.",
              Object {
                "Ref": "AWS::URLSuffix",
              },
              "/cdk-hnb659fds-assets-123456789012-us-east-1/12ae963d4272593113f1e03f24ad4dd7c4239cb7cfe502d14b95839e8f3d08a8.json",
            ],
          ],
        },
      },
      "Type": "AWS::CloudFormation::Stack",
      "UpdateReplacePolicy": "Delete",
    },
  },
}
`;
