// Jest Snapshot v1, https://goo.gl/fbAQLP

exports[`integ.default Should match snapshot 1`] = `
Object {
  "Parameters": Object {
    "BootstrapVersion": Object {
      "Default": "/cdk-bootstrap/hnb659fds/version",
      "Description": "Version of the CDK Bootstrap resources in this environment, automatically retrieved from SSM Parameter Store. [cdk:skip]",
      "Type": "AWS::SSM::Parameter::Value<String>",
    },
  },
  "Resources": Object {
    "AWS679f53fac002430cb0da5b7982bd22872D164C4C": Object {
      "DependsOn": Array [
        "AWS679f53fac002430cb0da5b7982bd2287ServiceRoleC1EA0FF2",
      ],
      "Properties": Object {
        "Code": Object {
          "S3Bucket": Object {
            "Fn::Sub": "cdk-hnb659fds-assets-\${AWS::AccountId}-\${AWS::Region}",
          },
          "S3Key": "4a575666d1c2c6412590d2a56f328e040a81ad1ef59aecee31ae9b393d05f659.zip",
        },
        "Handler": "index.handler",
        "Role": Object {
          "Fn::GetAtt": Array [
            "AWS679f53fac002430cb0da5b7982bd2287ServiceRoleC1EA0FF2",
            "Arn",
          ],
        },
        "Runtime": "nodejs12.x",
        "Tags": Array [
          Object {
            "Key": "tagKey",
            "Value": "tagValue",
          },
        ],
        "Timeout": 120,
      },
      "Type": "AWS::Lambda::Function",
    },
    "AWS679f53fac002430cb0da5b7982bd2287ServiceRoleC1EA0FF2": Object {
      "Properties": Object {
        "AssumeRolePolicyDocument": Object {
          "Statement": Array [
            Object {
              "Action": "sts:AssumeRole",
              "Effect": "Allow",
              "Principal": Object {
                "Service": "lambda.amazonaws.com",
              },
            },
          ],
          "Version": "2012-10-17",
        },
        "ManagedPolicyArns": Array [
          Object {
            "Fn::Join": Array [
              "",
              Array [
                "arn:",
                Object {
                  "Ref": "AWS::Partition",
                },
                ":iam::aws:policy/service-role/AWSLambdaBasicExecutionRole",
              ],
            ],
          },
        ],
        "Tags": Array [
          Object {
            "Key": "tagKey",
            "Value": "tagValue",
          },
        ],
      },
      "Type": "AWS::IAM::Role",
    },
    "ImportedAccountCreateAccount0DDC7950": Object {
      "DeletionPolicy": "Delete",
      "Properties": Object {
        "AccountName": "test",
        "Email": "info+integ-test@pepperize.com",
        "IamUserAccessToBilling": "ALLOW",
        "ImportOnDuplicate": "true",
        "ParentId": Object {
          "Fn::GetAtt": Array [
            "OrganizationRootRootCustomResourceBB74F060",
            "Roots.0.Id",
          ],
        },
        "RemovalPolicy": "retain",
        "RoleName": "OrganizationAccountAccessRole",
        "ServiceToken": Object {
          "Fn::GetAtt": Array [
            "cdkorganizationsAccountProviderNestedStackcdkorganizationsAccountProviderNestedStackResourceA1C2E3D5",
            "Outputs.cdkorganizationsAccountProviderframeworkonEvent4241E2B3Arn",
          ],
        },
      },
      "Type": "Custom::Organizations_Account",
      "UpdateReplacePolicy": "Delete",
    },
    "ImportedAccountDelegateConfigAmazonawsComDelegatedAdministratorCustomResourceCustomResourcePolicyA6F85B48": Object {
      "DependsOn": Array [
        "ImportedAccountCreateAccount0DDC7950",
      ],
      "Properties": Object {
        "PolicyDocument": Object {
          "Statement": Array [
            Object {
              "Action": "organizations:RegisterDelegatedAdministrator",
              "Effect": "Allow",
              "Resource": "*",
            },
          ],
          "Version": "2012-10-17",
        },
        "PolicyName": "ImportedAccountDelegateConfigAmazonawsComDelegatedAdministratorCustomResourceCustomResourcePolicyA6F85B48",
        "Roles": Array [
          Object {
            "Ref": "AWS679f53fac002430cb0da5b7982bd2287ServiceRoleC1EA0FF2",
          },
        ],
      },
      "Type": "AWS::IAM::Policy",
    },
    "ImportedAccountDelegateConfigAmazonawsComDelegatedAdministratorCustomResourceEA9B3A5B": Object {
      "DeletionPolicy": "Delete",
      "DependsOn": Array [
        "ImportedAccountCreateAccount0DDC7950",
        "ImportedAccountDelegateConfigAmazonawsComDelegatedAdministratorCustomResourceCustomResourcePolicyA6F85B48",
      ],
      "Properties": Object {
        "Create": Object {
          "Fn::Join": Array [
            "",
            Array [
              "{\\"service\\":\\"Organizations\\",\\"action\\":\\"registerDelegatedAdministrator\\",\\"region\\":\\"us-east-1\\",\\"physicalResourceId\\":{\\"id\\":\\"",
              Object {
                "Fn::GetAtt": Array [
                  "ImportedAccountCreateAccount0DDC7950",
                  "AccountId",
                ],
              },
              ":config.amazonaws.com\\"},\\"parameters\\":{\\"AccountId\\":\\"",
              Object {
                "Fn::GetAtt": Array [
                  "ImportedAccountCreateAccount0DDC7950",
                  "AccountId",
                ],
              },
              "\\",\\"ServicePrincipal\\":\\"config.amazonaws.com\\"}}",
            ],
          ],
        },
        "Delete": Object {
          "Fn::Join": Array [
            "",
            Array [
              "{\\"service\\":\\"Organizations\\",\\"action\\":\\"registerDelegatedAdministrator\\",\\"region\\":\\"us-east-1\\",\\"parameters\\":{\\"AccountId\\":\\"",
              Object {
                "Fn::GetAtt": Array [
                  "ImportedAccountCreateAccount0DDC7950",
                  "AccountId",
                ],
              },
              "\\",\\"ServicePrincipal\\":\\"config.amazonaws.com\\"}}",
            ],
          ],
        },
        "InstallLatestAwsSdk": false,
        "ServiceToken": Object {
          "Fn::GetAtt": Array [
            "AWS679f53fac002430cb0da5b7982bd22872D164C4C",
            "Arn",
          ],
        },
      },
      "Type": "Custom::Organizations_DelegatedAdministrator",
      "UpdateReplacePolicy": "Delete",
    },
    "ImportedAccountDelegateServiceAbbreviationAmazonawsComDelegatedAdministratorCustomResource513A981D": Object {
      "DeletionPolicy": "Delete",
      "DependsOn": Array [
        "ImportedAccountCreateAccount0DDC7950",
        "ImportedAccountDelegateServiceAbbreviationAmazonawsComDelegatedAdministratorCustomResourceCustomResourcePolicy46D1A807",
      ],
      "Properties": Object {
        "Create": Object {
          "Fn::Join": Array [
            "",
            Array [
              "{\\"service\\":\\"Organizations\\",\\"action\\":\\"registerDelegatedAdministrator\\",\\"region\\":\\"us-east-1\\",\\"physicalResourceId\\":{\\"id\\":\\"",
              Object {
                "Fn::GetAtt": Array [
                  "ImportedAccountCreateAccount0DDC7950",
                  "AccountId",
                ],
              },
              ":service-abbreviation.amazonaws.com\\"},\\"parameters\\":{\\"AccountId\\":\\"",
              Object {
                "Fn::GetAtt": Array [
                  "ImportedAccountCreateAccount0DDC7950",
                  "AccountId",
                ],
              },
              "\\",\\"ServicePrincipal\\":\\"service-abbreviation.amazonaws.com\\"}}",
            ],
          ],
        },
        "Delete": Object {
          "Fn::Join": Array [
            "",
            Array [
              "{\\"service\\":\\"Organizations\\",\\"action\\":\\"registerDelegatedAdministrator\\",\\"region\\":\\"us-east-1\\",\\"parameters\\":{\\"AccountId\\":\\"",
              Object {
                "Fn::GetAtt": Array [
                  "ImportedAccountCreateAccount0DDC7950",
                  "AccountId",
                ],
              },
              "\\",\\"ServicePrincipal\\":\\"service-abbreviation.amazonaws.com\\"}}",
            ],
          ],
        },
        "InstallLatestAwsSdk": false,
        "ServiceToken": Object {
          "Fn::GetAtt": Array [
            "AWS679f53fac002430cb0da5b7982bd22872D164C4C",
            "Arn",
          ],
        },
      },
      "Type": "Custom::Organizations_DelegatedAdministrator",
      "UpdateReplacePolicy": "Delete",
    },
    "ImportedAccountDelegateServiceAbbreviationAmazonawsComDelegatedAdministratorCustomResourceCustomResourcePolicy46D1A807": Object {
      "DependsOn": Array [
        "ImportedAccountCreateAccount0DDC7950",
      ],
      "Properties": Object {
        "PolicyDocument": Object {
          "Statement": Array [
            Object {
              "Action": "organizations:RegisterDelegatedAdministrator",
              "Effect": "Allow",
              "Resource": "*",
            },
          ],
          "Version": "2012-10-17",
        },
        "PolicyName": "ImportedAccountDelegateServiceAbbreviationAmazonawsComDelegatedAdministratorCustomResourceCustomResourcePolicy46D1A807",
        "Roles": Array [
          Object {
            "Ref": "AWS679f53fac002430cb0da5b7982bd2287ServiceRoleC1EA0FF2",
          },
        ],
      },
      "Type": "AWS::IAM::Policy",
    },
    "ImportedAccountDelegateStacksetsCloudformationAmazonawsComDelegatedAdministratorCustomResource8EC61813": Object {
      "DeletionPolicy": "Delete",
      "DependsOn": Array [
        "ImportedAccountCreateAccount0DDC7950",
        "ImportedAccountDelegateStacksetsCloudformationAmazonawsComDelegatedAdministratorCustomResourceCustomResourcePolicy3C86DE9E",
      ],
      "Properties": Object {
        "Create": Object {
          "Fn::Join": Array [
            "",
            Array [
              "{\\"service\\":\\"Organizations\\",\\"action\\":\\"registerDelegatedAdministrator\\",\\"region\\":\\"us-east-1\\",\\"physicalResourceId\\":{\\"id\\":\\"",
              Object {
                "Fn::GetAtt": Array [
                  "ImportedAccountCreateAccount0DDC7950",
                  "AccountId",
                ],
              },
              ":stacksets.cloudformation.amazonaws.com\\"},\\"parameters\\":{\\"AccountId\\":\\"",
              Object {
                "Fn::GetAtt": Array [
                  "ImportedAccountCreateAccount0DDC7950",
                  "AccountId",
                ],
              },
              "\\",\\"ServicePrincipal\\":\\"stacksets.cloudformation.amazonaws.com\\"}}",
            ],
          ],
        },
        "Delete": Object {
          "Fn::Join": Array [
            "",
            Array [
              "{\\"service\\":\\"Organizations\\",\\"action\\":\\"registerDelegatedAdministrator\\",\\"region\\":\\"us-east-1\\",\\"parameters\\":{\\"AccountId\\":\\"",
              Object {
                "Fn::GetAtt": Array [
                  "ImportedAccountCreateAccount0DDC7950",
                  "AccountId",
                ],
              },
              "\\",\\"ServicePrincipal\\":\\"stacksets.cloudformation.amazonaws.com\\"}}",
            ],
          ],
        },
        "InstallLatestAwsSdk": false,
        "ServiceToken": Object {
          "Fn::GetAtt": Array [
            "AWS679f53fac002430cb0da5b7982bd22872D164C4C",
            "Arn",
          ],
        },
      },
      "Type": "Custom::Organizations_DelegatedAdministrator",
      "UpdateReplacePolicy": "Delete",
    },
    "ImportedAccountDelegateStacksetsCloudformationAmazonawsComDelegatedAdministratorCustomResourceCustomResourcePolicy3C86DE9E": Object {
      "DependsOn": Array [
        "ImportedAccountCreateAccount0DDC7950",
      ],
      "Properties": Object {
        "PolicyDocument": Object {
          "Statement": Array [
            Object {
              "Action": "organizations:RegisterDelegatedAdministrator",
              "Effect": "Allow",
              "Resource": "*",
            },
          ],
          "Version": "2012-10-17",
        },
        "PolicyName": "ImportedAccountDelegateStacksetsCloudformationAmazonawsComDelegatedAdministratorCustomResourceCustomResourcePolicy3C86DE9E",
        "Roles": Array [
          Object {
            "Ref": "AWS679f53fac002430cb0da5b7982bd2287ServiceRoleC1EA0FF2",
          },
        ],
      },
      "Type": "AWS::IAM::Policy",
    },
    "ImportedAccountPolicyAttachmentS3PolicyCustomResourceCustomResourcePolicyEF2394C4": Object {
      "DependsOn": Array [
        "ImportedAccountCreateAccount0DDC7950",
        "S3PolicyPolicyCustomResourceCustomResourcePolicyCA33F036",
        "S3PolicyPolicyCustomResource0D921FA4",
        "S3PolicyTagsTagResource12DC413E",
      ],
      "Properties": Object {
        "PolicyDocument": Object {
          "Statement": Array [
            Object {
              "Action": "organizations:AttachPolicy",
              "Effect": "Allow",
              "Resource": "*",
            },
            Object {
              "Action": "organizations:DetachPolicy",
              "Effect": "Allow",
              "Resource": "*",
            },
          ],
          "Version": "2012-10-17",
        },
        "PolicyName": "ImportedAccountPolicyAttachmentS3PolicyCustomResourceCustomResourcePolicyEF2394C4",
        "Roles": Array [
          Object {
            "Ref": "AWS679f53fac002430cb0da5b7982bd2287ServiceRoleC1EA0FF2",
          },
        ],
      },
      "Type": "AWS::IAM::Policy",
    },
    "ImportedAccountPolicyAttachmentS3PolicyCustomResourceFB92BF90": Object {
      "DeletionPolicy": "Delete",
      "DependsOn": Array [
        "ImportedAccountCreateAccount0DDC7950",
        "ImportedAccountPolicyAttachmentS3PolicyCustomResourceCustomResourcePolicyEF2394C4",
        "S3PolicyPolicyCustomResourceCustomResourcePolicyCA33F036",
        "S3PolicyPolicyCustomResource0D921FA4",
        "S3PolicyTagsTagResource12DC413E",
      ],
      "Properties": Object {
        "Create": Object {
          "Fn::Join": Array [
            "",
            Array [
              "{\\"service\\":\\"Organizations\\",\\"action\\":\\"attachPolicy\\",\\"region\\":\\"us-east-1\\",\\"parameters\\":{\\"PolicyId\\":\\"",
              Object {
                "Fn::GetAtt": Array [
                  "S3PolicyPolicyCustomResource0D921FA4",
                  "Policy.PolicySummary.Id",
                ],
              },
              "\\",\\"TargetId\\":\\"",
              Object {
                "Fn::GetAtt": Array [
                  "ImportedAccountCreateAccount0DDC7950",
                  "AccountId",
                ],
              },
              "\\"},\\"physicalResourceId\\":{\\"id\\":\\"",
              Object {
                "Fn::GetAtt": Array [
                  "S3PolicyPolicyCustomResource0D921FA4",
                  "Policy.PolicySummary.Id",
                ],
              },
              ":",
              Object {
                "Fn::GetAtt": Array [
                  "ImportedAccountCreateAccount0DDC7950",
                  "AccountId",
                ],
              },
              "\\"}}",
            ],
          ],
        },
        "Delete": Object {
          "Fn::Join": Array [
            "",
            Array [
              "{\\"service\\":\\"Organizations\\",\\"action\\":\\"detachPolicy\\",\\"region\\":\\"us-east-1\\",\\"parameters\\":{\\"PolicyId\\":\\"",
              Object {
                "Fn::GetAtt": Array [
                  "S3PolicyPolicyCustomResource0D921FA4",
                  "Policy.PolicySummary.Id",
                ],
              },
              "\\",\\"TargetId\\":\\"",
              Object {
                "Fn::GetAtt": Array [
                  "ImportedAccountCreateAccount0DDC7950",
                  "AccountId",
                ],
              },
              "\\"},\\"physicalResourceId\\":{\\"id\\":\\"",
              Object {
                "Fn::GetAtt": Array [
                  "S3PolicyPolicyCustomResource0D921FA4",
                  "Policy.PolicySummary.Id",
                ],
              },
              ":",
              Object {
                "Fn::GetAtt": Array [
                  "ImportedAccountCreateAccount0DDC7950",
                  "AccountId",
                ],
              },
              "\\"}}",
            ],
          ],
        },
        "InstallLatestAwsSdk": false,
        "ServiceToken": Object {
          "Fn::GetAtt": Array [
            "AWS679f53fac002430cb0da5b7982bd22872D164C4C",
            "Arn",
          ],
        },
      },
      "Type": "Custom::AWS",
      "UpdateReplacePolicy": "Delete",
    },
    "ImportedAccountPolicyAttachmentTagPolicyCustomResource2004384F": Object {
      "DeletionPolicy": "Delete",
      "DependsOn": Array [
        "ImportedAccountCreateAccount0DDC7950",
        "ImportedAccountPolicyAttachmentTagPolicyCustomResourceCustomResourcePolicyE523677D",
        "TagPolicyPolicyCustomResourceCustomResourcePolicyBC4C6C1B",
        "TagPolicyPolicyCustomResource70E64110",
        "TagPolicyTagsTagResource71A94A6C",
      ],
      "Properties": Object {
        "Create": Object {
          "Fn::Join": Array [
            "",
            Array [
              "{\\"service\\":\\"Organizations\\",\\"action\\":\\"attachPolicy\\",\\"region\\":\\"us-east-1\\",\\"parameters\\":{\\"PolicyId\\":\\"",
              Object {
                "Fn::GetAtt": Array [
                  "TagPolicyPolicyCustomResource70E64110",
                  "Policy.PolicySummary.Id",
                ],
              },
              "\\",\\"TargetId\\":\\"",
              Object {
                "Fn::GetAtt": Array [
                  "ImportedAccountCreateAccount0DDC7950",
                  "AccountId",
                ],
              },
              "\\"},\\"physicalResourceId\\":{\\"id\\":\\"",
              Object {
                "Fn::GetAtt": Array [
                  "TagPolicyPolicyCustomResource70E64110",
                  "Policy.PolicySummary.Id",
                ],
              },
              ":",
              Object {
                "Fn::GetAtt": Array [
                  "ImportedAccountCreateAccount0DDC7950",
                  "AccountId",
                ],
              },
              "\\"}}",
            ],
          ],
        },
        "Delete": Object {
          "Fn::Join": Array [
            "",
            Array [
              "{\\"service\\":\\"Organizations\\",\\"action\\":\\"detachPolicy\\",\\"region\\":\\"us-east-1\\",\\"parameters\\":{\\"PolicyId\\":\\"",
              Object {
                "Fn::GetAtt": Array [
                  "TagPolicyPolicyCustomResource70E64110",
                  "Policy.PolicySummary.Id",
                ],
              },
              "\\",\\"TargetId\\":\\"",
              Object {
                "Fn::GetAtt": Array [
                  "ImportedAccountCreateAccount0DDC7950",
                  "AccountId",
                ],
              },
              "\\"},\\"physicalResourceId\\":{\\"id\\":\\"",
              Object {
                "Fn::GetAtt": Array [
                  "TagPolicyPolicyCustomResource70E64110",
                  "Policy.PolicySummary.Id",
                ],
              },
              ":",
              Object {
                "Fn::GetAtt": Array [
                  "ImportedAccountCreateAccount0DDC7950",
                  "AccountId",
                ],
              },
              "\\"}}",
            ],
          ],
        },
        "InstallLatestAwsSdk": false,
        "ServiceToken": Object {
          "Fn::GetAtt": Array [
            "AWS679f53fac002430cb0da5b7982bd22872D164C4C",
            "Arn",
          ],
        },
      },
      "Type": "Custom::AWS",
      "UpdateReplacePolicy": "Delete",
    },
    "ImportedAccountPolicyAttachmentTagPolicyCustomResourceCustomResourcePolicyE523677D": Object {
      "DependsOn": Array [
        "ImportedAccountCreateAccount0DDC7950",
        "TagPolicyPolicyCustomResourceCustomResourcePolicyBC4C6C1B",
        "TagPolicyPolicyCustomResource70E64110",
        "TagPolicyTagsTagResource71A94A6C",
      ],
      "Properties": Object {
        "PolicyDocument": Object {
          "Statement": Array [
            Object {
              "Action": "organizations:AttachPolicy",
              "Effect": "Allow",
              "Resource": "*",
            },
            Object {
              "Action": "organizations:DetachPolicy",
              "Effect": "Allow",
              "Resource": "*",
            },
          ],
          "Version": "2012-10-17",
        },
        "PolicyName": "ImportedAccountPolicyAttachmentTagPolicyCustomResourceCustomResourcePolicyE523677D",
        "Roles": Array [
          Object {
            "Ref": "AWS679f53fac002430cb0da5b7982bd2287ServiceRoleC1EA0FF2",
          },
        ],
      },
      "Type": "AWS::IAM::Policy",
    },
    "ImportedAccountTagsTagResourceEAA2977A": Object {
      "DeletionPolicy": "Delete",
      "DependsOn": Array [
        "ImportedAccountCreateAccount0DDC7950",
      ],
      "Properties": Object {
        "ResourceId": Object {
          "Fn::GetAtt": Array [
            "ImportedAccountCreateAccount0DDC7950",
            "AccountId",
          ],
        },
        "ServiceToken": Object {
          "Fn::GetAtt": Array [
            "cdkorganizationsTagResourceProviderNestedStackcdkorganizationsTagResourceProviderNestedStackResourceA7B8DF96",
            "Outputs.cdkorganizationsTagResourceProviderframeworkonEventDD009DFBArn",
          ],
        },
        "Tags": Array [
          Object {
            "Key": "tagKey",
            "Value": "tagValue",
          },
        ],
      },
      "Type": "Custom::Organizations_TagResource",
      "UpdateReplacePolicy": "Delete",
    },
    "Organization06E16095": Object {
      "DeletionPolicy": "Delete",
      "Properties": Object {
        "FeatureSet": "ALL",
        "ServiceToken": Object {
          "Fn::GetAtt": Array [
            "cdkorganizationsOrganizationProviderNestedStackcdkorganizationsOrganizationProviderNestedStackResourceE0751832",
            "Outputs.cdkorganizationsOrganizationProviderframeworkonEvent268B5E2CArn",
          ],
        },
      },
      "Type": "Custom::Organizations_Organization",
      "UpdateReplacePolicy": "Delete",
    },
    "OrganizationEnableConfigMultiaccountsetupAmazonawsComEnableAwsServiceAccessCustomResource3A59621B": Object {
      "DeletionPolicy": "Delete",
      "DependsOn": Array [
        "OrganizationEnableConfigMultiaccountsetupAmazonawsComEnableAwsServiceAccessCustomResourceCustomResourcePolicy2A524CEE",
        "Organization06E16095",
      ],
      "Properties": Object {
        "Create": "{\\"service\\":\\"Organizations\\",\\"action\\":\\"enableAWSServiceAccess\\",\\"region\\":\\"us-east-1\\",\\"physicalResourceId\\":{\\"id\\":\\"config-multiaccountsetup.amazonaws.com\\"},\\"parameters\\":{\\"ServicePrincipal\\":\\"config-multiaccountsetup.amazonaws.com\\"}}",
        "Delete": "{\\"service\\":\\"Organizations\\",\\"action\\":\\"disableAWSServiceAccess\\",\\"region\\":\\"us-east-1\\",\\"parameters\\":{\\"ServicePrincipal\\":\\"config-multiaccountsetup.amazonaws.com\\"}}",
        "InstallLatestAwsSdk": false,
        "ServiceToken": Object {
          "Fn::GetAtt": Array [
            "AWS679f53fac002430cb0da5b7982bd22872D164C4C",
            "Arn",
          ],
        },
      },
      "Type": "Custom::Organizations_EnableAwsServiceAccess",
      "UpdateReplacePolicy": "Delete",
    },
    "OrganizationEnableConfigMultiaccountsetupAmazonawsComEnableAwsServiceAccessCustomResourceCustomResourcePolicy2A524CEE": Object {
      "DependsOn": Array [
        "Organization06E16095",
      ],
      "Properties": Object {
        "PolicyDocument": Object {
          "Statement": Array [
            Object {
              "Action": "organizations:EnableAWSServiceAccess",
              "Effect": "Allow",
              "Resource": "*",
            },
            Object {
              "Action": "organizations:DisableAWSServiceAccess",
              "Effect": "Allow",
              "Resource": "*",
            },
          ],
          "Version": "2012-10-17",
        },
        "PolicyName": "OrganizationEnableConfigMultiaccountsetupAmazonawsComEnableAwsServiceAccessCustomResourceCustomResourcePolicy2A524CEE",
        "Roles": Array [
          Object {
            "Ref": "AWS679f53fac002430cb0da5b7982bd2287ServiceRoleC1EA0FF2",
          },
        ],
      },
      "Type": "AWS::IAM::Policy",
    },
    "OrganizationEnableServiceAbbreviationAmazonawsComEnableAwsServiceAccessCustomResource8698F17F": Object {
      "DeletionPolicy": "Delete",
      "DependsOn": Array [
        "OrganizationEnableServiceAbbreviationAmazonawsComEnableAwsServiceAccessCustomResourceCustomResourcePolicy47A0A099",
        "Organization06E16095",
      ],
      "Properties": Object {
        "Create": "{\\"service\\":\\"Organizations\\",\\"action\\":\\"enableAWSServiceAccess\\",\\"region\\":\\"us-east-1\\",\\"physicalResourceId\\":{\\"id\\":\\"service-abbreviation.amazonaws.com\\"},\\"parameters\\":{\\"ServicePrincipal\\":\\"service-abbreviation.amazonaws.com\\"}}",
        "Delete": "{\\"service\\":\\"Organizations\\",\\"action\\":\\"disableAWSServiceAccess\\",\\"region\\":\\"us-east-1\\",\\"parameters\\":{\\"ServicePrincipal\\":\\"service-abbreviation.amazonaws.com\\"}}",
        "InstallLatestAwsSdk": false,
        "ServiceToken": Object {
          "Fn::GetAtt": Array [
            "AWS679f53fac002430cb0da5b7982bd22872D164C4C",
            "Arn",
          ],
        },
      },
      "Type": "Custom::Organizations_EnableAwsServiceAccess",
      "UpdateReplacePolicy": "Delete",
    },
    "OrganizationEnableServiceAbbreviationAmazonawsComEnableAwsServiceAccessCustomResourceCustomResourcePolicy47A0A099": Object {
      "DependsOn": Array [
        "Organization06E16095",
      ],
      "Properties": Object {
        "PolicyDocument": Object {
          "Statement": Array [
            Object {
              "Action": "organizations:EnableAWSServiceAccess",
              "Effect": "Allow",
              "Resource": "*",
            },
            Object {
              "Action": "organizations:DisableAWSServiceAccess",
              "Effect": "Allow",
              "Resource": "*",
            },
          ],
          "Version": "2012-10-17",
        },
        "PolicyName": "OrganizationEnableServiceAbbreviationAmazonawsComEnableAwsServiceAccessCustomResourceCustomResourcePolicy47A0A099",
        "Roles": Array [
          Object {
            "Ref": "AWS679f53fac002430cb0da5b7982bd2287ServiceRoleC1EA0FF2",
          },
        ],
      },
      "Type": "AWS::IAM::Policy",
    },
    "OrganizationEnableSsmAmazonawsComEnableAwsServiceAccessCustomResource4E491170": Object {
      "DeletionPolicy": "Delete",
      "DependsOn": Array [
        "OrganizationEnableSsmAmazonawsComEnableAwsServiceAccessCustomResourceCustomResourcePolicy8BE3ED27",
        "Organization06E16095",
      ],
      "Properties": Object {
        "Create": "{\\"service\\":\\"Organizations\\",\\"action\\":\\"enableAWSServiceAccess\\",\\"region\\":\\"us-east-1\\",\\"physicalResourceId\\":{\\"id\\":\\"ssm.amazonaws.com\\"},\\"parameters\\":{\\"ServicePrincipal\\":\\"ssm.amazonaws.com\\"}}",
        "Delete": "{\\"service\\":\\"Organizations\\",\\"action\\":\\"disableAWSServiceAccess\\",\\"region\\":\\"us-east-1\\",\\"parameters\\":{\\"ServicePrincipal\\":\\"ssm.amazonaws.com\\"}}",
        "InstallLatestAwsSdk": false,
        "ServiceToken": Object {
          "Fn::GetAtt": Array [
            "AWS679f53fac002430cb0da5b7982bd22872D164C4C",
            "Arn",
          ],
        },
      },
      "Type": "Custom::Organizations_EnableAwsServiceAccess",
      "UpdateReplacePolicy": "Delete",
    },
    "OrganizationEnableSsmAmazonawsComEnableAwsServiceAccessCustomResourceCustomResourcePolicy8BE3ED27": Object {
      "DependsOn": Array [
        "Organization06E16095",
      ],
      "Properties": Object {
        "PolicyDocument": Object {
          "Statement": Array [
            Object {
              "Action": "organizations:EnableAWSServiceAccess",
              "Effect": "Allow",
              "Resource": "*",
            },
            Object {
              "Action": "organizations:DisableAWSServiceAccess",
              "Effect": "Allow",
              "Resource": "*",
            },
          ],
          "Version": "2012-10-17",
        },
        "PolicyName": "OrganizationEnableSsmAmazonawsComEnableAwsServiceAccessCustomResourceCustomResourcePolicy8BE3ED27",
        "Roles": Array [
          Object {
            "Ref": "AWS679f53fac002430cb0da5b7982bd2287ServiceRoleC1EA0FF2",
          },
        ],
      },
      "Type": "AWS::IAM::Policy",
    },
    "OrganizationRootEnableServiceControlPolicyEnablePolicyTypeCustomResourceBFCAC35E": Object {
      "DeletionPolicy": "Delete",
      "DependsOn": Array [
        "Organization06E16095",
        "OrganizationRootEnableServiceControlPolicyEnablePolicyTypeCustomResourceCustomResourcePolicy811B6EDE",
        "OrganizationRootRootCustomResourceCustomResourcePolicyB45F831E",
        "OrganizationRootRootCustomResourceBB74F060",
      ],
      "Properties": Object {
        "Create": Object {
          "Fn::Join": Array [
            "",
            Array [
              "{\\"service\\":\\"Organizations\\",\\"action\\":\\"enablePolicyType\\",\\"region\\":\\"us-east-1\\",\\"physicalResourceId\\":{\\"id\\":\\"",
              Object {
                "Fn::GetAtt": Array [
                  "OrganizationRootRootCustomResourceBB74F060",
                  "Roots.0.Id",
                ],
              },
              ":SERVICE_CONTROL_POLICY\\"},\\"parameters\\":{\\"RootId\\":\\"",
              Object {
                "Fn::GetAtt": Array [
                  "OrganizationRootRootCustomResourceBB74F060",
                  "Roots.0.Id",
                ],
              },
              "\\",\\"PolicyType\\":\\"SERVICE_CONTROL_POLICY\\"}}",
            ],
          ],
        },
        "Delete": Object {
          "Fn::Join": Array [
            "",
            Array [
              "{\\"service\\":\\"Organizations\\",\\"action\\":\\"disablePolicyType\\",\\"region\\":\\"us-east-1\\",\\"parameters\\":{\\"RootId\\":\\"",
              Object {
                "Fn::GetAtt": Array [
                  "OrganizationRootRootCustomResourceBB74F060",
                  "Roots.0.Id",
                ],
              },
              "\\",\\"PolicyType\\":\\"SERVICE_CONTROL_POLICY\\"}}",
            ],
          ],
        },
        "InstallLatestAwsSdk": false,
        "ServiceToken": Object {
          "Fn::GetAtt": Array [
            "AWS679f53fac002430cb0da5b7982bd22872D164C4C",
            "Arn",
          ],
        },
      },
      "Type": "Custom::Organizations_EnablePolicyType",
      "UpdateReplacePolicy": "Delete",
    },
    "OrganizationRootEnableServiceControlPolicyEnablePolicyTypeCustomResourceCustomResourcePolicy811B6EDE": Object {
      "DependsOn": Array [
        "Organization06E16095",
        "OrganizationRootRootCustomResourceCustomResourcePolicyB45F831E",
        "OrganizationRootRootCustomResourceBB74F060",
      ],
      "Properties": Object {
        "PolicyDocument": Object {
          "Statement": Array [
            Object {
              "Action": "organizations:EnablePolicyType",
              "Effect": "Allow",
              "Resource": "*",
            },
            Object {
              "Action": "organizations:DisablePolicyType",
              "Effect": "Allow",
              "Resource": "*",
            },
          ],
          "Version": "2012-10-17",
        },
        "PolicyName": "OrganizationRootEnableServiceControlPolicyEnablePolicyTypeCustomResourceCustomResourcePolicy811B6EDE",
        "Roles": Array [
          Object {
            "Ref": "AWS679f53fac002430cb0da5b7982bd2287ServiceRoleC1EA0FF2",
          },
        ],
      },
      "Type": "AWS::IAM::Policy",
    },
    "OrganizationRootEnableTagPolicyEnablePolicyTypeCustomResourceCustomResourcePolicy163ADBD6": Object {
      "DependsOn": Array [
        "Organization06E16095",
        "OrganizationRootRootCustomResourceCustomResourcePolicyB45F831E",
        "OrganizationRootRootCustomResourceBB74F060",
      ],
      "Properties": Object {
        "PolicyDocument": Object {
          "Statement": Array [
            Object {
              "Action": "organizations:EnablePolicyType",
              "Effect": "Allow",
              "Resource": "*",
            },
            Object {
              "Action": "organizations:DisablePolicyType",
              "Effect": "Allow",
              "Resource": "*",
            },
          ],
          "Version": "2012-10-17",
        },
        "PolicyName": "OrganizationRootEnableTagPolicyEnablePolicyTypeCustomResourceCustomResourcePolicy163ADBD6",
        "Roles": Array [
          Object {
            "Ref": "AWS679f53fac002430cb0da5b7982bd2287ServiceRoleC1EA0FF2",
          },
        ],
      },
      "Type": "AWS::IAM::Policy",
    },
    "OrganizationRootEnableTagPolicyEnablePolicyTypeCustomResourceED8FC3FD": Object {
      "DeletionPolicy": "Delete",
      "DependsOn": Array [
        "Organization06E16095",
        "OrganizationRootEnableTagPolicyEnablePolicyTypeCustomResourceCustomResourcePolicy163ADBD6",
        "OrganizationRootRootCustomResourceCustomResourcePolicyB45F831E",
        "OrganizationRootRootCustomResourceBB74F060",
      ],
      "Properties": Object {
        "Create": Object {
          "Fn::Join": Array [
            "",
            Array [
              "{\\"service\\":\\"Organizations\\",\\"action\\":\\"enablePolicyType\\",\\"region\\":\\"us-east-1\\",\\"physicalResourceId\\":{\\"id\\":\\"",
              Object {
                "Fn::GetAtt": Array [
                  "OrganizationRootRootCustomResourceBB74F060",
                  "Roots.0.Id",
                ],
              },
              ":TAG_POLICY\\"},\\"parameters\\":{\\"RootId\\":\\"",
              Object {
                "Fn::GetAtt": Array [
                  "OrganizationRootRootCustomResourceBB74F060",
                  "Roots.0.Id",
                ],
              },
              "\\",\\"PolicyType\\":\\"TAG_POLICY\\"}}",
            ],
          ],
        },
        "Delete": Object {
          "Fn::Join": Array [
            "",
            Array [
              "{\\"service\\":\\"Organizations\\",\\"action\\":\\"disablePolicyType\\",\\"region\\":\\"us-east-1\\",\\"parameters\\":{\\"RootId\\":\\"",
              Object {
                "Fn::GetAtt": Array [
                  "OrganizationRootRootCustomResourceBB74F060",
                  "Roots.0.Id",
                ],
              },
              "\\",\\"PolicyType\\":\\"TAG_POLICY\\"}}",
            ],
          ],
        },
        "InstallLatestAwsSdk": false,
        "ServiceToken": Object {
          "Fn::GetAtt": Array [
            "AWS679f53fac002430cb0da5b7982bd22872D164C4C",
            "Arn",
          ],
        },
      },
      "Type": "Custom::Organizations_EnablePolicyType",
      "UpdateReplacePolicy": "Delete",
    },
    "OrganizationRootPolicyAttachmentS3PolicyCustomResource239E79D1": Object {
      "DeletionPolicy": "Delete",
      "DependsOn": Array [
        "Organization06E16095",
        "OrganizationRootPolicyAttachmentS3PolicyCustomResourceCustomResourcePolicy598F850B",
        "OrganizationRootRootCustomResourceCustomResourcePolicyB45F831E",
        "OrganizationRootRootCustomResourceBB74F060",
        "S3PolicyPolicyCustomResourceCustomResourcePolicyCA33F036",
        "S3PolicyPolicyCustomResource0D921FA4",
        "S3PolicyTagsTagResource12DC413E",
      ],
      "Properties": Object {
        "Create": Object {
          "Fn::Join": Array [
            "",
            Array [
              "{\\"service\\":\\"Organizations\\",\\"action\\":\\"attachPolicy\\",\\"region\\":\\"us-east-1\\",\\"parameters\\":{\\"PolicyId\\":\\"",
              Object {
                "Fn::GetAtt": Array [
                  "S3PolicyPolicyCustomResource0D921FA4",
                  "Policy.PolicySummary.Id",
                ],
              },
              "\\",\\"TargetId\\":\\"",
              Object {
                "Fn::GetAtt": Array [
                  "OrganizationRootRootCustomResourceBB74F060",
                  "Roots.0.Id",
                ],
              },
              "\\"},\\"physicalResourceId\\":{\\"id\\":\\"",
              Object {
                "Fn::GetAtt": Array [
                  "S3PolicyPolicyCustomResource0D921FA4",
                  "Policy.PolicySummary.Id",
                ],
              },
              ":",
              Object {
                "Fn::GetAtt": Array [
                  "OrganizationRootRootCustomResourceBB74F060",
                  "Roots.0.Id",
                ],
              },
              "\\"}}",
            ],
          ],
        },
        "Delete": Object {
          "Fn::Join": Array [
            "",
            Array [
              "{\\"service\\":\\"Organizations\\",\\"action\\":\\"detachPolicy\\",\\"region\\":\\"us-east-1\\",\\"parameters\\":{\\"PolicyId\\":\\"",
              Object {
                "Fn::GetAtt": Array [
                  "S3PolicyPolicyCustomResource0D921FA4",
                  "Policy.PolicySummary.Id",
                ],
              },
              "\\",\\"TargetId\\":\\"",
              Object {
                "Fn::GetAtt": Array [
                  "OrganizationRootRootCustomResourceBB74F060",
                  "Roots.0.Id",
                ],
              },
              "\\"},\\"physicalResourceId\\":{\\"id\\":\\"",
              Object {
                "Fn::GetAtt": Array [
                  "S3PolicyPolicyCustomResource0D921FA4",
                  "Policy.PolicySummary.Id",
                ],
              },
              ":",
              Object {
                "Fn::GetAtt": Array [
                  "OrganizationRootRootCustomResourceBB74F060",
                  "Roots.0.Id",
                ],
              },
              "\\"}}",
            ],
          ],
        },
        "InstallLatestAwsSdk": false,
        "ServiceToken": Object {
          "Fn::GetAtt": Array [
            "AWS679f53fac002430cb0da5b7982bd22872D164C4C",
            "Arn",
          ],
        },
      },
      "Type": "Custom::AWS",
      "UpdateReplacePolicy": "Delete",
    },
    "OrganizationRootPolicyAttachmentS3PolicyCustomResourceCustomResourcePolicy598F850B": Object {
      "DependsOn": Array [
        "Organization06E16095",
        "OrganizationRootRootCustomResourceCustomResourcePolicyB45F831E",
        "OrganizationRootRootCustomResourceBB74F060",
        "S3PolicyPolicyCustomResourceCustomResourcePolicyCA33F036",
        "S3PolicyPolicyCustomResource0D921FA4",
        "S3PolicyTagsTagResource12DC413E",
      ],
      "Properties": Object {
        "PolicyDocument": Object {
          "Statement": Array [
            Object {
              "Action": "organizations:AttachPolicy",
              "Effect": "Allow",
              "Resource": "*",
            },
            Object {
              "Action": "organizations:DetachPolicy",
              "Effect": "Allow",
              "Resource": "*",
            },
          ],
          "Version": "2012-10-17",
        },
        "PolicyName": "OrganizationRootPolicyAttachmentS3PolicyCustomResourceCustomResourcePolicy598F850B",
        "Roles": Array [
          Object {
            "Ref": "AWS679f53fac002430cb0da5b7982bd2287ServiceRoleC1EA0FF2",
          },
        ],
      },
      "Type": "AWS::IAM::Policy",
    },
    "OrganizationRootRootCustomResourceBB74F060": Object {
      "DeletionPolicy": "Delete",
      "DependsOn": Array [
        "Organization06E16095",
        "OrganizationRootRootCustomResourceCustomResourcePolicyB45F831E",
      ],
      "Properties": Object {
        "Create": "{\\"service\\":\\"Organizations\\",\\"action\\":\\"listRoots\\",\\"region\\":\\"us-east-1\\",\\"physicalResourceId\\":{\\"responsePath\\":\\"Roots.0.Id\\"}}",
        "Delete": "{\\"service\\":\\"Organizations\\",\\"action\\":\\"listRoots\\",\\"region\\":\\"us-east-1\\"}",
        "InstallLatestAwsSdk": false,
        "ServiceToken": Object {
          "Fn::GetAtt": Array [
            "AWS679f53fac002430cb0da5b7982bd22872D164C4C",
            "Arn",
          ],
        },
        "Update": "{\\"service\\":\\"Organizations\\",\\"action\\":\\"listRoots\\",\\"region\\":\\"us-east-1\\",\\"physicalResourceId\\":{\\"responsePath\\":\\"Roots.0.Id\\"}}",
      },
      "Type": "Custom::Organizations_Root",
      "UpdateReplacePolicy": "Delete",
    },
    "OrganizationRootRootCustomResourceCustomResourcePolicyB45F831E": Object {
      "DependsOn": Array [
        "Organization06E16095",
      ],
      "Properties": Object {
        "PolicyDocument": Object {
          "Statement": Array [
            Object {
              "Action": "organizations:ListRoots",
              "Effect": "Allow",
              "Resource": "*",
            },
          ],
          "Version": "2012-10-17",
        },
        "PolicyName": "OrganizationRootRootCustomResourceCustomResourcePolicyB45F831E",
        "Roles": Array [
          Object {
            "Ref": "AWS679f53fac002430cb0da5b7982bd2287ServiceRoleC1EA0FF2",
          },
        ],
      },
      "Type": "AWS::IAM::Policy",
    },
    "OrganizationRootTagsTagResourceCBEA7B2F": Object {
      "DeletionPolicy": "Delete",
      "DependsOn": Array [
        "Organization06E16095",
        "OrganizationRootRootCustomResourceCustomResourcePolicyB45F831E",
        "OrganizationRootRootCustomResourceBB74F060",
      ],
      "Properties": Object {
        "ResourceId": Object {
          "Fn::GetAtt": Array [
            "OrganizationRootRootCustomResourceBB74F060",
            "Roots.0.Id",
          ],
        },
        "ServiceToken": Object {
          "Fn::GetAtt": Array [
            "cdkorganizationsTagResourceProviderNestedStackcdkorganizationsTagResourceProviderNestedStackResourceA7B8DF96",
            "Outputs.cdkorganizationsTagResourceProviderframeworkonEventDD009DFBArn",
          ],
        },
        "Tags": Array [
          Object {
            "Key": "tagKey",
            "Value": "tagValue",
          },
        ],
      },
      "Type": "Custom::Organizations_TagResource",
      "UpdateReplacePolicy": "Delete",
    },
    "Project1AccountCreateAccount8A604AF1": Object {
      "DeletionPolicy": "Delete",
      "Properties": Object {
        "AccountName": "SharedAccount",
        "Email": "info+project1@pepperize.com",
        "IamUserAccessToBilling": "DENY",
        "ImportOnDuplicate": "true",
        "ParentId": Object {
          "Fn::GetAtt": Array [
            "ProjectsOUOrganizationProvider5CA5D400",
            "Id",
          ],
        },
        "RemovalPolicy": "retain",
        "RoleName": "OrganizationAccountAccessRole",
        "ServiceToken": Object {
          "Fn::GetAtt": Array [
            "cdkorganizationsAccountProviderNestedStackcdkorganizationsAccountProviderNestedStackResourceA1C2E3D5",
            "Outputs.cdkorganizationsAccountProviderframeworkonEvent4241E2B3Arn",
          ],
        },
      },
      "Type": "Custom::Organizations_Account",
      "UpdateReplacePolicy": "Delete",
    },
    "Project1AccountTagsTagResource1020FD50": Object {
      "DeletionPolicy": "Delete",
      "DependsOn": Array [
        "Project1AccountCreateAccount8A604AF1",
      ],
      "Properties": Object {
        "ResourceId": Object {
          "Fn::GetAtt": Array [
            "Project1AccountCreateAccount8A604AF1",
            "AccountId",
          ],
        },
        "ServiceToken": Object {
          "Fn::GetAtt": Array [
            "cdkorganizationsTagResourceProviderNestedStackcdkorganizationsTagResourceProviderNestedStackResourceA7B8DF96",
            "Outputs.cdkorganizationsTagResourceProviderframeworkonEventDD009DFBArn",
          ],
        },
        "Tags": Array [
          Object {
            "Key": "tagKey",
            "Value": "tagValue",
          },
        ],
      },
      "Type": "Custom::Organizations_TagResource",
      "UpdateReplacePolicy": "Delete",
    },
    "Project2DevAccountCreateAccount52C0EFA9": Object {
      "DeletionPolicy": "Delete",
      "Properties": Object {
        "AccountName": "Project 2 Dev",
        "Email": "info+project2-dev@pepperize.com",
        "IamUserAccessToBilling": "ALLOW",
        "ImportOnDuplicate": "true",
        "ParentId": Object {
          "Fn::GetAtt": Array [
            "Project2OUOrganizationProviderA322B887",
            "Id",
          ],
        },
        "RemovalPolicy": "retain",
        "RoleName": "OrganizationAccountAccessRole",
        "ServiceToken": Object {
          "Fn::GetAtt": Array [
            "cdkorganizationsAccountProviderNestedStackcdkorganizationsAccountProviderNestedStackResourceA1C2E3D5",
            "Outputs.cdkorganizationsAccountProviderframeworkonEvent4241E2B3Arn",
          ],
        },
      },
      "Type": "Custom::Organizations_Account",
      "UpdateReplacePolicy": "Delete",
    },
    "Project2DevAccountTagsTagResource7BBB3F37": Object {
      "DeletionPolicy": "Delete",
      "DependsOn": Array [
        "Project2DevAccountCreateAccount52C0EFA9",
      ],
      "Properties": Object {
        "ResourceId": Object {
          "Fn::GetAtt": Array [
            "Project2DevAccountCreateAccount52C0EFA9",
            "AccountId",
          ],
        },
        "ServiceToken": Object {
          "Fn::GetAtt": Array [
            "cdkorganizationsTagResourceProviderNestedStackcdkorganizationsTagResourceProviderNestedStackResourceA7B8DF96",
            "Outputs.cdkorganizationsTagResourceProviderframeworkonEventDD009DFBArn",
          ],
        },
        "Tags": Array [
          Object {
            "Key": "tagKey",
            "Value": "tagValue",
          },
        ],
      },
      "Type": "Custom::Organizations_TagResource",
      "UpdateReplacePolicy": "Delete",
    },
    "Project2OUOrganizationProviderA322B887": Object {
      "DeletionPolicy": "Delete",
      "DependsOn": Array [
        "ProjectsOUOrganizationProvider5CA5D400",
        "ProjectsOUPolicyAttachmentTagPolicyCustomResourceCustomResourcePolicy4E70640C",
        "ProjectsOUPolicyAttachmentTagPolicyCustomResourceC7563B04",
        "ProjectsOUTagsTagResource5FC759B6",
      ],
      "Properties": Object {
        "ImportOnDuplicate": "true",
        "Name": "Project2",
        "ParentId": Object {
          "Fn::GetAtt": Array [
            "ProjectsOUOrganizationProvider5CA5D400",
            "Id",
          ],
        },
        "RemovalPolicy": "retain",
        "ServiceToken": Object {
          "Fn::GetAtt": Array [
            "cdkorganizationsOrganizationalUnitProviderNestedStackcdkorganizationsOrganizationalUnitProviderNestedStackResource4FB360EE",
            "Outputs.cdkorganizationsOrganizationalUnitProviderframeworkonEvent00D689AFArn",
          ],
        },
      },
      "Type": "Custom::Organizations_OrganizationalUnitProvider",
      "UpdateReplacePolicy": "Delete",
    },
    "Project2OUTagsTagResource42039814": Object {
      "DeletionPolicy": "Delete",
      "DependsOn": Array [
        "Project2OUOrganizationProviderA322B887",
        "ProjectsOUOrganizationProvider5CA5D400",
        "ProjectsOUPolicyAttachmentTagPolicyCustomResourceCustomResourcePolicy4E70640C",
        "ProjectsOUPolicyAttachmentTagPolicyCustomResourceC7563B04",
        "ProjectsOUTagsTagResource5FC759B6",
      ],
      "Properties": Object {
        "ResourceId": Object {
          "Fn::GetAtt": Array [
            "Project2OUOrganizationProviderA322B887",
            "Id",
          ],
        },
        "ServiceToken": Object {
          "Fn::GetAtt": Array [
            "cdkorganizationsTagResourceProviderNestedStackcdkorganizationsTagResourceProviderNestedStackResourceA7B8DF96",
            "Outputs.cdkorganizationsTagResourceProviderframeworkonEventDD009DFBArn",
          ],
        },
        "Tags": Array [
          Object {
            "Key": "tagKey",
            "Value": "tagValue",
          },
        ],
      },
      "Type": "Custom::Organizations_TagResource",
      "UpdateReplacePolicy": "Delete",
    },
    "ProjectsOUOrganizationProvider5CA5D400": Object {
      "DeletionPolicy": "Delete",
      "DependsOn": Array [
        "OrganizationRootEnableServiceControlPolicyEnablePolicyTypeCustomResourceCustomResourcePolicy811B6EDE",
        "OrganizationRootEnableServiceControlPolicyEnablePolicyTypeCustomResourceBFCAC35E",
        "OrganizationRootEnableTagPolicyEnablePolicyTypeCustomResourceCustomResourcePolicy163ADBD6",
        "OrganizationRootEnableTagPolicyEnablePolicyTypeCustomResourceED8FC3FD",
        "OrganizationRootPolicyAttachmentS3PolicyCustomResourceCustomResourcePolicy598F850B",
        "OrganizationRootPolicyAttachmentS3PolicyCustomResource239E79D1",
        "OrganizationRootRootCustomResourceCustomResourcePolicyB45F831E",
        "OrganizationRootRootCustomResourceBB74F060",
        "OrganizationRootTagsTagResourceCBEA7B2F",
      ],
      "Properties": Object {
        "ImportOnDuplicate": "true",
        "Name": "Projects",
        "ParentId": Object {
          "Fn::GetAtt": Array [
            "OrganizationRootRootCustomResourceBB74F060",
            "Roots.0.Id",
          ],
        },
        "RemovalPolicy": "retain",
        "ServiceToken": Object {
          "Fn::GetAtt": Array [
            "cdkorganizationsOrganizationalUnitProviderNestedStackcdkorganizationsOrganizationalUnitProviderNestedStackResource4FB360EE",
            "Outputs.cdkorganizationsOrganizationalUnitProviderframeworkonEvent00D689AFArn",
          ],
        },
      },
      "Type": "Custom::Organizations_OrganizationalUnitProvider",
      "UpdateReplacePolicy": "Delete",
    },
    "ProjectsOUPolicyAttachmentTagPolicyCustomResourceC7563B04": Object {
      "DeletionPolicy": "Delete",
      "DependsOn": Array [
        "OrganizationRootEnableServiceControlPolicyEnablePolicyTypeCustomResourceCustomResourcePolicy811B6EDE",
        "OrganizationRootEnableServiceControlPolicyEnablePolicyTypeCustomResourceBFCAC35E",
        "OrganizationRootEnableTagPolicyEnablePolicyTypeCustomResourceCustomResourcePolicy163ADBD6",
        "OrganizationRootEnableTagPolicyEnablePolicyTypeCustomResourceED8FC3FD",
        "OrganizationRootPolicyAttachmentS3PolicyCustomResourceCustomResourcePolicy598F850B",
        "OrganizationRootPolicyAttachmentS3PolicyCustomResource239E79D1",
        "OrganizationRootRootCustomResourceCustomResourcePolicyB45F831E",
        "OrganizationRootRootCustomResourceBB74F060",
        "OrganizationRootTagsTagResourceCBEA7B2F",
        "ProjectsOUOrganizationProvider5CA5D400",
        "ProjectsOUPolicyAttachmentTagPolicyCustomResourceCustomResourcePolicy4E70640C",
        "TagPolicyPolicyCustomResourceCustomResourcePolicyBC4C6C1B",
        "TagPolicyPolicyCustomResource70E64110",
        "TagPolicyTagsTagResource71A94A6C",
      ],
      "Properties": Object {
        "Create": Object {
          "Fn::Join": Array [
            "",
            Array [
              "{\\"service\\":\\"Organizations\\",\\"action\\":\\"attachPolicy\\",\\"region\\":\\"us-east-1\\",\\"parameters\\":{\\"PolicyId\\":\\"",
              Object {
                "Fn::GetAtt": Array [
                  "TagPolicyPolicyCustomResource70E64110",
                  "Policy.PolicySummary.Id",
                ],
              },
              "\\",\\"TargetId\\":\\"",
              Object {
                "Fn::GetAtt": Array [
                  "ProjectsOUOrganizationProvider5CA5D400",
                  "Id",
                ],
              },
              "\\"},\\"physicalResourceId\\":{\\"id\\":\\"",
              Object {
                "Fn::GetAtt": Array [
                  "TagPolicyPolicyCustomResource70E64110",
                  "Policy.PolicySummary.Id",
                ],
              },
              ":",
              Object {
                "Fn::GetAtt": Array [
                  "ProjectsOUOrganizationProvider5CA5D400",
                  "Id",
                ],
              },
              "\\"}}",
            ],
          ],
        },
        "Delete": Object {
          "Fn::Join": Array [
            "",
            Array [
              "{\\"service\\":\\"Organizations\\",\\"action\\":\\"detachPolicy\\",\\"region\\":\\"us-east-1\\",\\"parameters\\":{\\"PolicyId\\":\\"",
              Object {
                "Fn::GetAtt": Array [
                  "TagPolicyPolicyCustomResource70E64110",
                  "Policy.PolicySummary.Id",
                ],
              },
              "\\",\\"TargetId\\":\\"",
              Object {
                "Fn::GetAtt": Array [
                  "ProjectsOUOrganizationProvider5CA5D400",
                  "Id",
                ],
              },
              "\\"},\\"physicalResourceId\\":{\\"id\\":\\"",
              Object {
                "Fn::GetAtt": Array [
                  "TagPolicyPolicyCustomResource70E64110",
                  "Policy.PolicySummary.Id",
                ],
              },
              ":",
              Object {
                "Fn::GetAtt": Array [
                  "ProjectsOUOrganizationProvider5CA5D400",
                  "Id",
                ],
              },
              "\\"}}",
            ],
          ],
        },
        "InstallLatestAwsSdk": false,
        "ServiceToken": Object {
          "Fn::GetAtt": Array [
            "AWS679f53fac002430cb0da5b7982bd22872D164C4C",
            "Arn",
          ],
        },
      },
      "Type": "Custom::AWS",
      "UpdateReplacePolicy": "Delete",
    },
    "ProjectsOUPolicyAttachmentTagPolicyCustomResourceCustomResourcePolicy4E70640C": Object {
      "DependsOn": Array [
        "OrganizationRootEnableServiceControlPolicyEnablePolicyTypeCustomResourceCustomResourcePolicy811B6EDE",
        "OrganizationRootEnableServiceControlPolicyEnablePolicyTypeCustomResourceBFCAC35E",
        "OrganizationRootEnableTagPolicyEnablePolicyTypeCustomResourceCustomResourcePolicy163ADBD6",
        "OrganizationRootEnableTagPolicyEnablePolicyTypeCustomResourceED8FC3FD",
        "OrganizationRootPolicyAttachmentS3PolicyCustomResourceCustomResourcePolicy598F850B",
        "OrganizationRootPolicyAttachmentS3PolicyCustomResource239E79D1",
        "OrganizationRootRootCustomResourceCustomResourcePolicyB45F831E",
        "OrganizationRootRootCustomResourceBB74F060",
        "OrganizationRootTagsTagResourceCBEA7B2F",
        "ProjectsOUOrganizationProvider5CA5D400",
        "TagPolicyPolicyCustomResourceCustomResourcePolicyBC4C6C1B",
        "TagPolicyPolicyCustomResource70E64110",
        "TagPolicyTagsTagResource71A94A6C",
      ],
      "Properties": Object {
        "PolicyDocument": Object {
          "Statement": Array [
            Object {
              "Action": "organizations:AttachPolicy",
              "Effect": "Allow",
              "Resource": "*",
            },
            Object {
              "Action": "organizations:DetachPolicy",
              "Effect": "Allow",
              "Resource": "*",
            },
          ],
          "Version": "2012-10-17",
        },
        "PolicyName": "ProjectsOUPolicyAttachmentTagPolicyCustomResourceCustomResourcePolicy4E70640C",
        "Roles": Array [
          Object {
            "Ref": "AWS679f53fac002430cb0da5b7982bd2287ServiceRoleC1EA0FF2",
          },
        ],
      },
      "Type": "AWS::IAM::Policy",
    },
    "ProjectsOUTagsTagResource5FC759B6": Object {
      "DeletionPolicy": "Delete",
      "DependsOn": Array [
        "OrganizationRootEnableServiceControlPolicyEnablePolicyTypeCustomResourceCustomResourcePolicy811B6EDE",
        "OrganizationRootEnableServiceControlPolicyEnablePolicyTypeCustomResourceBFCAC35E",
        "OrganizationRootEnableTagPolicyEnablePolicyTypeCustomResourceCustomResourcePolicy163ADBD6",
        "OrganizationRootEnableTagPolicyEnablePolicyTypeCustomResourceED8FC3FD",
        "OrganizationRootPolicyAttachmentS3PolicyCustomResourceCustomResourcePolicy598F850B",
        "OrganizationRootPolicyAttachmentS3PolicyCustomResource239E79D1",
        "OrganizationRootRootCustomResourceCustomResourcePolicyB45F831E",
        "OrganizationRootRootCustomResourceBB74F060",
        "OrganizationRootTagsTagResourceCBEA7B2F",
        "ProjectsOUOrganizationProvider5CA5D400",
      ],
      "Properties": Object {
        "ResourceId": Object {
          "Fn::GetAtt": Array [
            "ProjectsOUOrganizationProvider5CA5D400",
            "Id",
          ],
        },
        "ServiceToken": Object {
          "Fn::GetAtt": Array [
            "cdkorganizationsTagResourceProviderNestedStackcdkorganizationsTagResourceProviderNestedStackResourceA7B8DF96",
            "Outputs.cdkorganizationsTagResourceProviderframeworkonEventDD009DFBArn",
          ],
        },
        "Tags": Array [
          Object {
            "Key": "tagKey",
            "Value": "tagValue",
          },
        ],
      },
      "Type": "Custom::Organizations_TagResource",
      "UpdateReplacePolicy": "Delete",
    },
    "S3PolicyPolicyCustomResource0D921FA4": Object {
      "DeletionPolicy": "Delete",
      "DependsOn": Array [
        "S3PolicyPolicyCustomResourceCustomResourcePolicyCA33F036",
      ],
      "Properties": Object {
        "Create": "{\\"service\\":\\"Organizations\\",\\"action\\":\\"createPolicy\\",\\"region\\":\\"us-east-1\\",\\"parameters\\":{\\"Content\\":\\"{\\\\n\\\\\\"Version\\\\\\":\\\\\\"2012-10-17\\\\\\",\\\\\\"Statement\\\\\\":{\\\\n\\\\\\"Effect\\\\\\":\\\\\\"Allow\\\\\\",\\\\\\"Action\\\\\\":\\\\\\"s3:*\\\\\\"\\\\n}\\\\n}\\",\\"Description\\":\\"Enables admins of attached accounts to delegate all S3 permissions\\",\\"Name\\":\\"AllowAllS3Actions\\",\\"Type\\":\\"SERVICE_CONTROL_POLICY\\"},\\"physicalResourceId\\":{\\"responsePath\\":\\"Policy.PolicySummary.Id\\"}}",
        "Delete": "{\\"service\\":\\"Organizations\\",\\"action\\":\\"deletePolicy\\",\\"region\\":\\"us-east-1\\",\\"parameters\\":{\\"PolicyId\\":\\"PHYSICAL:RESOURCEID:\\"}}",
        "InstallLatestAwsSdk": false,
        "ServiceToken": Object {
          "Fn::GetAtt": Array [
            "AWS679f53fac002430cb0da5b7982bd22872D164C4C",
            "Arn",
          ],
        },
        "Update": "{\\"service\\":\\"Organizations\\",\\"action\\":\\"updatePolicy\\",\\"region\\":\\"us-east-1\\",\\"parameters\\":{\\"Content\\":\\"{\\\\n\\\\\\"Version\\\\\\":\\\\\\"2012-10-17\\\\\\",\\\\\\"Statement\\\\\\":{\\\\n\\\\\\"Effect\\\\\\":\\\\\\"Allow\\\\\\",\\\\\\"Action\\\\\\":\\\\\\"s3:*\\\\\\"\\\\n}\\\\n}\\",\\"Description\\":\\"Enables admins of attached accounts to delegate all S3 permissions\\",\\"Name\\":\\"AllowAllS3Actions\\",\\"PolicyId\\":\\"PHYSICAL:RESOURCEID:\\"},\\"physicalResourceId\\":{\\"responsePath\\":\\"Policy.PolicySummary.Id\\"}}",
      },
      "Type": "Custom::Organizations_Policy",
      "UpdateReplacePolicy": "Delete",
    },
    "S3PolicyPolicyCustomResourceCustomResourcePolicyCA33F036": Object {
      "Properties": Object {
        "PolicyDocument": Object {
          "Statement": Array [
            Object {
              "Action": "organizations:CreatePolicy",
              "Effect": "Allow",
              "Resource": "*",
            },
            Object {
              "Action": "organizations:UpdatePolicy",
              "Effect": "Allow",
              "Resource": "*",
            },
            Object {
              "Action": "organizations:DeletePolicy",
              "Effect": "Allow",
              "Resource": "*",
            },
          ],
          "Version": "2012-10-17",
        },
        "PolicyName": "S3PolicyPolicyCustomResourceCustomResourcePolicyCA33F036",
        "Roles": Array [
          Object {
            "Ref": "AWS679f53fac002430cb0da5b7982bd2287ServiceRoleC1EA0FF2",
          },
        ],
      },
      "Type": "AWS::IAM::Policy",
    },
    "S3PolicyTagsTagResource12DC413E": Object {
      "DeletionPolicy": "Delete",
      "DependsOn": Array [
        "S3PolicyPolicyCustomResourceCustomResourcePolicyCA33F036",
        "S3PolicyPolicyCustomResource0D921FA4",
      ],
      "Properties": Object {
        "ResourceId": Object {
          "Fn::GetAtt": Array [
            "S3PolicyPolicyCustomResource0D921FA4",
            "Policy.PolicySummary.Id",
          ],
        },
        "ServiceToken": Object {
          "Fn::GetAtt": Array [
            "cdkorganizationsTagResourceProviderNestedStackcdkorganizationsTagResourceProviderNestedStackResourceA7B8DF96",
            "Outputs.cdkorganizationsTagResourceProviderframeworkonEventDD009DFBArn",
          ],
        },
        "Tags": Array [
          Object {
            "Key": "tagKey",
            "Value": "tagValue",
          },
        ],
      },
      "Type": "Custom::Organizations_TagResource",
      "UpdateReplacePolicy": "Delete",
    },
    "TagPolicyPolicyCustomResource70E64110": Object {
      "DeletionPolicy": "Delete",
      "DependsOn": Array [
        "TagPolicyPolicyCustomResourceCustomResourcePolicyBC4C6C1B",
      ],
      "Properties": Object {
        "Create": "{\\"service\\":\\"Organizations\\",\\"action\\":\\"createPolicy\\",\\"region\\":\\"us-east-1\\",\\"parameters\\":{\\"Content\\":\\"{\\\\n\\\\\\"tags\\\\\\":{\\\\n\\\\\\"CostCenter\\\\\\":{\\\\n\\\\\\"tag_key\\\\\\":{\\\\n\\\\\\"@@assign\\\\\\":\\\\\\"CostCenter\\\\\\"\\\\n}\\\\n}\\\\n}\\\\n}\\",\\"Description\\":\\"Defines the CostCenter tag key\\",\\"Name\\":\\"CostCenterTag\\",\\"Type\\":\\"TAG_POLICY\\"},\\"physicalResourceId\\":{\\"responsePath\\":\\"Policy.PolicySummary.Id\\"}}",
        "Delete": "{\\"service\\":\\"Organizations\\",\\"action\\":\\"deletePolicy\\",\\"region\\":\\"us-east-1\\",\\"parameters\\":{\\"PolicyId\\":\\"PHYSICAL:RESOURCEID:\\"}}",
        "InstallLatestAwsSdk": false,
        "ServiceToken": Object {
          "Fn::GetAtt": Array [
            "AWS679f53fac002430cb0da5b7982bd22872D164C4C",
            "Arn",
          ],
        },
        "Update": "{\\"service\\":\\"Organizations\\",\\"action\\":\\"updatePolicy\\",\\"region\\":\\"us-east-1\\",\\"parameters\\":{\\"Content\\":\\"{\\\\n\\\\\\"tags\\\\\\":{\\\\n\\\\\\"CostCenter\\\\\\":{\\\\n\\\\\\"tag_key\\\\\\":{\\\\n\\\\\\"@@assign\\\\\\":\\\\\\"CostCenter\\\\\\"\\\\n}\\\\n}\\\\n}\\\\n}\\",\\"Description\\":\\"Defines the CostCenter tag key\\",\\"Name\\":\\"CostCenterTag\\",\\"PolicyId\\":\\"PHYSICAL:RESOURCEID:\\"},\\"physicalResourceId\\":{\\"responsePath\\":\\"Policy.PolicySummary.Id\\"}}",
      },
      "Type": "Custom::Organizations_Policy",
      "UpdateReplacePolicy": "Delete",
    },
    "TagPolicyPolicyCustomResourceCustomResourcePolicyBC4C6C1B": Object {
      "Properties": Object {
        "PolicyDocument": Object {
          "Statement": Array [
            Object {
              "Action": "organizations:CreatePolicy",
              "Effect": "Allow",
              "Resource": "*",
            },
            Object {
              "Action": "organizations:UpdatePolicy",
              "Effect": "Allow",
              "Resource": "*",
            },
            Object {
              "Action": "organizations:DeletePolicy",
              "Effect": "Allow",
              "Resource": "*",
            },
          ],
          "Version": "2012-10-17",
        },
        "PolicyName": "TagPolicyPolicyCustomResourceCustomResourcePolicyBC4C6C1B",
        "Roles": Array [
          Object {
            "Ref": "AWS679f53fac002430cb0da5b7982bd2287ServiceRoleC1EA0FF2",
          },
        ],
      },
      "Type": "AWS::IAM::Policy",
    },
    "TagPolicyTagsTagResource71A94A6C": Object {
      "DeletionPolicy": "Delete",
      "DependsOn": Array [
        "TagPolicyPolicyCustomResourceCustomResourcePolicyBC4C6C1B",
        "TagPolicyPolicyCustomResource70E64110",
      ],
      "Properties": Object {
        "ResourceId": Object {
          "Fn::GetAtt": Array [
            "TagPolicyPolicyCustomResource70E64110",
            "Policy.PolicySummary.Id",
          ],
        },
        "ServiceToken": Object {
          "Fn::GetAtt": Array [
            "cdkorganizationsTagResourceProviderNestedStackcdkorganizationsTagResourceProviderNestedStackResourceA7B8DF96",
            "Outputs.cdkorganizationsTagResourceProviderframeworkonEventDD009DFBArn",
          ],
        },
        "Tags": Array [
          Object {
            "Key": "tagKey",
            "Value": "tagValue",
          },
        ],
      },
      "Type": "Custom::Organizations_TagResource",
      "UpdateReplacePolicy": "Delete",
    },
    "cdkorganizationsAccountProviderNestedStackcdkorganizationsAccountProviderNestedStackResourceA1C2E3D5": Object {
      "DeletionPolicy": "Delete",
      "Properties": Object {
        "Tags": Array [
          Object {
            "Key": "tagKey",
            "Value": "tagValue",
          },
        ],
        "TemplateURL": Object {
          "Fn::Join": Array [
            "",
            Array [
              "https://s3.",
              Object {
                "Ref": "AWS::Region",
              },
              ".",
              Object {
                "Ref": "AWS::URLSuffix",
              },
              "/",
              Object {
                "Fn::Sub": "cdk-hnb659fds-assets-\${AWS::AccountId}-\${AWS::Region}",
              },
              "/aade2b9a901fe522bea9328cda001678978e1d55cc4f97b48982309b41ba14cb.json",
            ],
          ],
        },
      },
      "Type": "AWS::CloudFormation::Stack",
      "UpdateReplacePolicy": "Delete",
    },
    "cdkorganizationsOrganizationProviderNestedStackcdkorganizationsOrganizationProviderNestedStackResourceE0751832": Object {
      "DeletionPolicy": "Delete",
      "Properties": Object {
        "Tags": Array [
          Object {
            "Key": "tagKey",
            "Value": "tagValue",
          },
        ],
        "TemplateURL": Object {
          "Fn::Join": Array [
            "",
            Array [
              "https://s3.",
              Object {
                "Ref": "AWS::Region",
              },
              ".",
              Object {
                "Ref": "AWS::URLSuffix",
              },
              "/",
              Object {
                "Fn::Sub": "cdk-hnb659fds-assets-\${AWS::AccountId}-\${AWS::Region}",
              },
              "/257cb9ae3a21a779bfaa94acb0be6d518440ab4ec2118b69905751587487b5b3.json",
            ],
          ],
        },
      },
      "Type": "AWS::CloudFormation::Stack",
      "UpdateReplacePolicy": "Delete",
    },
    "cdkorganizationsOrganizationalUnitProviderNestedStackcdkorganizationsOrganizationalUnitProviderNestedStackResource4FB360EE": Object {
      "DeletionPolicy": "Delete",
      "Properties": Object {
        "Tags": Array [
          Object {
            "Key": "tagKey",
            "Value": "tagValue",
          },
        ],
        "TemplateURL": Object {
          "Fn::Join": Array [
            "",
            Array [
              "https://s3.",
              Object {
                "Ref": "AWS::Region",
              },
              ".",
              Object {
                "Ref": "AWS::URLSuffix",
              },
              "/",
              Object {
                "Fn::Sub": "cdk-hnb659fds-assets-\${AWS::AccountId}-\${AWS::Region}",
              },
              "/b86543a58709baf49396daa933aaa2e4400f76c8836c0fb5f20cfeae944c1931.json",
            ],
          ],
        },
      },
      "Type": "AWS::CloudFormation::Stack",
      "UpdateReplacePolicy": "Delete",
    },
    "cdkorganizationsTagResourceProviderNestedStackcdkorganizationsTagResourceProviderNestedStackResourceA7B8DF96": Object {
      "DeletionPolicy": "Delete",
      "Properties": Object {
        "Tags": Array [
          Object {
            "Key": "tagKey",
            "Value": "tagValue",
          },
        ],
        "TemplateURL": Object {
          "Fn::Join": Array [
            "",
            Array [
              "https://s3.",
              Object {
                "Ref": "AWS::Region",
              },
              ".",
              Object {
                "Ref": "AWS::URLSuffix",
              },
              "/",
              Object {
                "Fn::Sub": "cdk-hnb659fds-assets-\${AWS::AccountId}-\${AWS::Region}",
              },
              "/f6e268604d899e41cea25db165de3652415a564adf53682f0f4935fcf3d38749.json",
            ],
          ],
        },
      },
      "Type": "AWS::CloudFormation::Stack",
      "UpdateReplacePolicy": "Delete",
    },
  },
  "Rules": Object {
    "CheckBootstrapVersion": Object {
      "Assertions": Array [
        Object {
          "Assert": Object {
            "Fn::Not": Array [
              Object {
                "Fn::Contains": Array [
                  Array [
                    "1",
                    "2",
                    "3",
                    "4",
                    "5",
                  ],
                  Object {
                    "Ref": "BootstrapVersion",
                  },
                ],
              },
            ],
          },
          "AssertDescription": "CDK bootstrap stack version 6 required. Please run 'cdk bootstrap' with a recent version of the CDK CLI.",
        },
      ],
    },
  },
}
`;
