// Jest Snapshot v1, https://goo.gl/fbAQLP

exports[`integ.default Should match snapshot 1`] = `
Object {
  "Resources": Object {
    "AWS679f53fac002430cb0da5b7982bd22872D164C4C": Object {
      "DependsOn": Array [
        "AWS679f53fac002430cb0da5b7982bd2287ServiceRoleC1EA0FF2",
      ],
      "Properties": Object {
        "Code": Any<Object>,
        "Handler": "index.handler",
        "Role": Object {
          "Fn::GetAtt": Array [
            "AWS679f53fac002430cb0da5b7982bd2287ServiceRoleC1EA0FF2",
            "Arn",
          ],
        },
        "Runtime": "nodejs22.x",
        "Timeout": 120,
      },
      "Type": "AWS::Lambda::Function",
    },
    "AWS679f53fac002430cb0da5b7982bd2287ServiceRoleC1EA0FF2": Object {
      "Properties": Object {
        "AssumeRolePolicyDocument": Object {
          "Statement": Array [
            Object {
              "Action": "sts:AssumeRole",
              "Effect": "Allow",
              "Principal": Object {
                "Service": "lambda.amazonaws.com",
              },
            },
          ],
          "Version": "2012-10-17",
        },
        "ManagedPolicyArns": Array [
          Object {
            "Fn::Join": Array [
              "",
              Array [
                "arn:",
                Object {
                  "Ref": "AWS::Partition",
                },
                ":iam::aws:policy/service-role/AWSLambdaBasicExecutionRole",
              ],
            ],
          },
        ],
      },
      "Type": "AWS::IAM::Role",
    },
    "DelegateConfigAmazonawsComImportedAccountDelegatedAdministratorCustomResource0A389794": Object {
      "DeletionPolicy": "Delete",
      "DependsOn": Array [
        "DelegateConfigAmazonawsComImportedAccountDelegatedAdministratorCustomResourceCustomResourcePolicy6144D93D",
        "DelegateStacksetsCloudformationAmazonawsComImportedAccountDelegatedAdministratorCustomResourceCustomResourcePolicy36E8971F",
        "DelegateStacksetsCloudformationAmazonawsComImportedAccountDelegatedAdministratorCustomResourceA30F5AF0",
        "ImportedAccountCreateAccount0DDC7950",
      ],
      "Properties": Object {
        "Create": Object {
          "Fn::Join": Array [
            "",
            Array [
              "{\\"service\\":\\"Organizations\\",\\"action\\":\\"registerDelegatedAdministrator\\",\\"region\\":\\"us-east-1\\",\\"physicalResourceId\\":{\\"id\\":\\"",
              Object {
                "Fn::GetAtt": Array [
                  "ImportedAccountCreateAccount0DDC7950",
                  "AccountId",
                ],
              },
              ":config.amazonaws.com\\"},\\"parameters\\":{\\"AccountId\\":\\"",
              Object {
                "Fn::GetAtt": Array [
                  "ImportedAccountCreateAccount0DDC7950",
                  "AccountId",
                ],
              },
              "\\",\\"ServicePrincipal\\":\\"config.amazonaws.com\\"},\\"ignoreErrorCodesMatching\\":\\"AccountAlreadyRegisteredException\\"}",
            ],
          ],
        },
        "Delete": Object {
          "Fn::Join": Array [
            "",
            Array [
              "{\\"service\\":\\"Organizations\\",\\"action\\":\\"deregisterDelegatedAdministrator\\",\\"region\\":\\"us-east-1\\",\\"parameters\\":{\\"AccountId\\":\\"",
              Object {
                "Fn::GetAtt": Array [
                  "ImportedAccountCreateAccount0DDC7950",
                  "AccountId",
                ],
              },
              "\\",\\"ServicePrincipal\\":\\"config.amazonaws.com\\"}}",
            ],
          ],
        },
        "InstallLatestAwsSdk": false,
        "ServiceToken": Object {
          "Fn::GetAtt": Array [
            "AWS679f53fac002430cb0da5b7982bd22872D164C4C",
            "Arn",
          ],
        },
      },
      "Type": "Custom::Organizations_DelegatedAdministrator",
      "UpdateReplacePolicy": "Delete",
    },
    "DelegateConfigAmazonawsComImportedAccountDelegatedAdministratorCustomResourceCustomResourcePolicy6144D93D": Object {
      "DependsOn": Array [
        "DelegateStacksetsCloudformationAmazonawsComImportedAccountDelegatedAdministratorCustomResourceCustomResourcePolicy36E8971F",
        "DelegateStacksetsCloudformationAmazonawsComImportedAccountDelegatedAdministratorCustomResourceA30F5AF0",
        "ImportedAccountCreateAccount0DDC7950",
      ],
      "Properties": Object {
        "PolicyDocument": Object {
          "Statement": Array [
            Object {
              "Action": "organizations:RegisterDelegatedAdministrator",
              "Effect": "Allow",
              "Resource": "*",
            },
            Object {
              "Action": "organizations:DeregisterDelegatedAdministrator",
              "Effect": "Allow",
              "Resource": "*",
            },
          ],
          "Version": "2012-10-17",
        },
        "PolicyName": "DelegateConfigAmazonawsComImportedAccountDelegatedAdministratorCustomResourceCustomResourcePolicy6144D93D",
        "Roles": Array [
          Object {
            "Ref": "AWS679f53fac002430cb0da5b7982bd2287ServiceRoleC1EA0FF2",
          },
        ],
      },
      "Type": "AWS::IAM::Policy",
    },
    "DelegateServiceAbbreviationAmazonawsComImportedAccountDelegatedAdministratorCustomResourceCF552F1E": Object {
      "DeletionPolicy": "Delete",
      "DependsOn": Array [
        "DelegateServiceAbbreviationAmazonawsComImportedAccountDelegatedAdministratorCustomResourceCustomResourcePolicyF6BF55E8",
        "ImportedAccountCreateAccount0DDC7950",
        "ImportedAccountTagsTagResourceEAA2977A",
      ],
      "Properties": Object {
        "Create": Object {
          "Fn::Join": Array [
            "",
            Array [
              "{\\"service\\":\\"Organizations\\",\\"action\\":\\"registerDelegatedAdministrator\\",\\"region\\":\\"us-east-1\\",\\"physicalResourceId\\":{\\"id\\":\\"",
              Object {
                "Fn::GetAtt": Array [
                  "ImportedAccountCreateAccount0DDC7950",
                  "AccountId",
                ],
              },
              ":service-abbreviation.amazonaws.com\\"},\\"parameters\\":{\\"AccountId\\":\\"",
              Object {
                "Fn::GetAtt": Array [
                  "ImportedAccountCreateAccount0DDC7950",
                  "AccountId",
                ],
              },
              "\\",\\"ServicePrincipal\\":\\"service-abbreviation.amazonaws.com\\"},\\"ignoreErrorCodesMatching\\":\\"AccountAlreadyRegisteredException\\"}",
            ],
          ],
        },
        "Delete": Object {
          "Fn::Join": Array [
            "",
            Array [
              "{\\"service\\":\\"Organizations\\",\\"action\\":\\"deregisterDelegatedAdministrator\\",\\"region\\":\\"us-east-1\\",\\"parameters\\":{\\"AccountId\\":\\"",
              Object {
                "Fn::GetAtt": Array [
                  "ImportedAccountCreateAccount0DDC7950",
                  "AccountId",
                ],
              },
              "\\",\\"ServicePrincipal\\":\\"service-abbreviation.amazonaws.com\\"}}",
            ],
          ],
        },
        "InstallLatestAwsSdk": false,
        "ServiceToken": Object {
          "Fn::GetAtt": Array [
            "AWS679f53fac002430cb0da5b7982bd22872D164C4C",
            "Arn",
          ],
        },
      },
      "Type": "Custom::Organizations_DelegatedAdministrator",
      "UpdateReplacePolicy": "Delete",
    },
    "DelegateServiceAbbreviationAmazonawsComImportedAccountDelegatedAdministratorCustomResourceCustomResourcePolicyF6BF55E8": Object {
      "DependsOn": Array [
        "ImportedAccountCreateAccount0DDC7950",
        "ImportedAccountTagsTagResourceEAA2977A",
      ],
      "Properties": Object {
        "PolicyDocument": Object {
          "Statement": Array [
            Object {
              "Action": "organizations:RegisterDelegatedAdministrator",
              "Effect": "Allow",
              "Resource": "*",
            },
            Object {
              "Action": "organizations:DeregisterDelegatedAdministrator",
              "Effect": "Allow",
              "Resource": "*",
            },
          ],
          "Version": "2012-10-17",
        },
        "PolicyName": "DelegateServiceAbbreviationAmazonawsComImportedAccountDelegatedAdministratorCustomResourceCustomResourcePolicyF6BF55E8",
        "Roles": Array [
          Object {
            "Ref": "AWS679f53fac002430cb0da5b7982bd2287ServiceRoleC1EA0FF2",
          },
        ],
      },
      "Type": "AWS::IAM::Policy",
    },
    "DelegateStacksetsCloudformationAmazonawsComImportedAccountDelegatedAdministratorCustomResourceA30F5AF0": Object {
      "DeletionPolicy": "Delete",
      "DependsOn": Array [
        "DelegateServiceAbbreviationAmazonawsComImportedAccountDelegatedAdministratorCustomResourceCustomResourcePolicyF6BF55E8",
        "DelegateServiceAbbreviationAmazonawsComImportedAccountDelegatedAdministratorCustomResourceCF552F1E",
        "DelegateStacksetsCloudformationAmazonawsComImportedAccountDelegatedAdministratorCustomResourceCustomResourcePolicy36E8971F",
        "ImportedAccountCreateAccount0DDC7950",
      ],
      "Properties": Object {
        "Create": Object {
          "Fn::Join": Array [
            "",
            Array [
              "{\\"service\\":\\"Organizations\\",\\"action\\":\\"registerDelegatedAdministrator\\",\\"region\\":\\"us-east-1\\",\\"physicalResourceId\\":{\\"id\\":\\"",
              Object {
                "Fn::GetAtt": Array [
                  "ImportedAccountCreateAccount0DDC7950",
                  "AccountId",
                ],
              },
              ":stacksets.cloudformation.amazonaws.com\\"},\\"parameters\\":{\\"AccountId\\":\\"",
              Object {
                "Fn::GetAtt": Array [
                  "ImportedAccountCreateAccount0DDC7950",
                  "AccountId",
                ],
              },
              "\\",\\"ServicePrincipal\\":\\"stacksets.cloudformation.amazonaws.com\\"},\\"ignoreErrorCodesMatching\\":\\"AccountAlreadyRegisteredException\\"}",
            ],
          ],
        },
        "Delete": Object {
          "Fn::Join": Array [
            "",
            Array [
              "{\\"service\\":\\"Organizations\\",\\"action\\":\\"deregisterDelegatedAdministrator\\",\\"region\\":\\"us-east-1\\",\\"parameters\\":{\\"AccountId\\":\\"",
              Object {
                "Fn::GetAtt": Array [
                  "ImportedAccountCreateAccount0DDC7950",
                  "AccountId",
                ],
              },
              "\\",\\"ServicePrincipal\\":\\"stacksets.cloudformation.amazonaws.com\\"}}",
            ],
          ],
        },
        "InstallLatestAwsSdk": false,
        "ServiceToken": Object {
          "Fn::GetAtt": Array [
            "AWS679f53fac002430cb0da5b7982bd22872D164C4C",
            "Arn",
          ],
        },
      },
      "Type": "Custom::Organizations_DelegatedAdministrator",
      "UpdateReplacePolicy": "Delete",
    },
    "DelegateStacksetsCloudformationAmazonawsComImportedAccountDelegatedAdministratorCustomResourceCustomResourcePolicy36E8971F": Object {
      "DependsOn": Array [
        "DelegateServiceAbbreviationAmazonawsComImportedAccountDelegatedAdministratorCustomResourceCustomResourcePolicyF6BF55E8",
        "DelegateServiceAbbreviationAmazonawsComImportedAccountDelegatedAdministratorCustomResourceCF552F1E",
        "ImportedAccountCreateAccount0DDC7950",
      ],
      "Properties": Object {
        "PolicyDocument": Object {
          "Statement": Array [
            Object {
              "Action": "organizations:RegisterDelegatedAdministrator",
              "Effect": "Allow",
              "Resource": "*",
            },
            Object {
              "Action": "organizations:DeregisterDelegatedAdministrator",
              "Effect": "Allow",
              "Resource": "*",
            },
          ],
          "Version": "2012-10-17",
        },
        "PolicyName": "DelegateStacksetsCloudformationAmazonawsComImportedAccountDelegatedAdministratorCustomResourceCustomResourcePolicy36E8971F",
        "Roles": Array [
          Object {
            "Ref": "AWS679f53fac002430cb0da5b7982bd2287ServiceRoleC1EA0FF2",
          },
        ],
      },
      "Type": "AWS::IAM::Policy",
    },
    "ImportedAccountCreateAccount0DDC7950": Object {
      "DeletionPolicy": "Delete",
      "DependsOn": Array [
        "OrganizationEnableTagPolicyEnablePolicyTypeCustomResourceCustomResourcePolicyC8763B19",
        "OrganizationEnableTagPolicyEnablePolicyTypeCustomResourceDCB6F18A",
      ],
      "Properties": Object {
        "AccountName": "test",
        "Email": "info+integ-test@pepperize.com",
        "IamUserAccessToBilling": "ALLOW",
        "ImportOnDuplicate": "true",
        "ParentId": Object {
          "Fn::GetAtt": Array [
            "OrganizationRootRootCustomResourceBB74F060",
            "Roots.0.Id",
          ],
        },
        "RemovalPolicy": "retain",
        "RoleName": "OrganizationAccountAccessRole",
        "ServiceToken": Object {
          "Fn::GetAtt": Array [
            "cdkorganizationsAccountProviderNestedStackcdkorganizationsAccountProviderNestedStackResourceA1C2E3D5",
            "Outputs.cdkorganizationsAccountProviderframeworkonEvent4241E2B3Arn",
          ],
        },
      },
      "Type": "Custom::Organizations_Account",
      "UpdateReplacePolicy": "Delete",
    },
    "ImportedAccountTagsTagResourceEAA2977A": Object {
      "DeletionPolicy": "Delete",
      "DependsOn": Array [
        "ImportedAccountCreateAccount0DDC7950",
        "OrganizationEnableTagPolicyEnablePolicyTypeCustomResourceCustomResourcePolicyC8763B19",
        "OrganizationEnableTagPolicyEnablePolicyTypeCustomResourceDCB6F18A",
      ],
      "Properties": Object {
        "ResourceId": Object {
          "Fn::GetAtt": Array [
            "ImportedAccountCreateAccount0DDC7950",
            "AccountId",
          ],
        },
        "ServiceToken": Object {
          "Fn::GetAtt": Array [
            "cdkorganizationsTagResourceProviderNestedStackcdkorganizationsTagResourceProviderNestedStackResourceA7B8DF96",
            "Outputs.cdkorganizationsTagResourceProviderframeworkonEventDD009DFBArn",
          ],
        },
      },
      "Type": "Custom::Organizations_TagResource",
      "UpdateReplacePolicy": "Delete",
    },
    "Organization06E16095": Object {
      "DeletionPolicy": "Delete",
      "Properties": Object {
        "FeatureSet": "ALL",
        "ServiceToken": Object {
          "Fn::GetAtt": Array [
            "cdkorganizationsOrganizationProviderNestedStackcdkorganizationsOrganizationProviderNestedStackResourceE0751832",
            "Outputs.cdkorganizationsOrganizationProviderframeworkonEvent268B5E2CArn",
          ],
        },
      },
      "Type": "Custom::Organizations_Organization",
      "UpdateReplacePolicy": "Delete",
    },
    "OrganizationEnableConfigMultiaccountsetupAmazonawsComEnableAwsServiceAccessCustomResource3A59621B": Object {
      "DeletionPolicy": "Delete",
      "DependsOn": Array [
        "OrganizationEnableConfigMultiaccountsetupAmazonawsComEnableAwsServiceAccessCustomResourceCustomResourcePolicy2A524CEE",
        "OrganizationEnableSsmAmazonawsComEnableAwsServiceAccessCustomResourceCustomResourcePolicy8BE3ED27",
        "OrganizationEnableSsmAmazonawsComEnableAwsServiceAccessCustomResource4E491170",
        "Organization06E16095",
      ],
      "Properties": Object {
        "Create": "{\\"service\\":\\"Organizations\\",\\"action\\":\\"enableAWSServiceAccess\\",\\"region\\":\\"us-east-1\\",\\"physicalResourceId\\":{\\"id\\":\\"config-multiaccountsetup.amazonaws.com\\"},\\"parameters\\":{\\"ServicePrincipal\\":\\"config-multiaccountsetup.amazonaws.com\\"}}",
        "Delete": "{\\"service\\":\\"Organizations\\",\\"action\\":\\"disableAWSServiceAccess\\",\\"region\\":\\"us-east-1\\",\\"parameters\\":{\\"ServicePrincipal\\":\\"config-multiaccountsetup.amazonaws.com\\"}}",
        "InstallLatestAwsSdk": false,
        "ServiceToken": Object {
          "Fn::GetAtt": Array [
            "AWS679f53fac002430cb0da5b7982bd22872D164C4C",
            "Arn",
          ],
        },
      },
      "Type": "Custom::Organizations_EnableAwsServiceAccess",
      "UpdateReplacePolicy": "Delete",
    },
    "OrganizationEnableConfigMultiaccountsetupAmazonawsComEnableAwsServiceAccessCustomResourceCustomResourcePolicy2A524CEE": Object {
      "DependsOn": Array [
        "OrganizationEnableSsmAmazonawsComEnableAwsServiceAccessCustomResourceCustomResourcePolicy8BE3ED27",
        "OrganizationEnableSsmAmazonawsComEnableAwsServiceAccessCustomResource4E491170",
        "Organization06E16095",
      ],
      "Properties": Object {
        "PolicyDocument": Object {
          "Statement": Array [
            Object {
              "Action": "organizations:EnableAWSServiceAccess",
              "Effect": "Allow",
              "Resource": "*",
            },
            Object {
              "Action": "organizations:DisableAWSServiceAccess",
              "Effect": "Allow",
              "Resource": "*",
            },
          ],
          "Version": "2012-10-17",
        },
        "PolicyName": "OrganizationEnableConfigMultiaccountsetupAmazonawsComEnableAwsServiceAccessCustomResourceCustomResourcePolicy2A524CEE",
        "Roles": Array [
          Object {
            "Ref": "AWS679f53fac002430cb0da5b7982bd2287ServiceRoleC1EA0FF2",
          },
        ],
      },
      "Type": "AWS::IAM::Policy",
    },
    "OrganizationEnableServiceAbbreviationAmazonawsComEnableAwsServiceAccessCustomResource8698F17F": Object {
      "DeletionPolicy": "Delete",
      "DependsOn": Array [
        "OrganizationEnableServiceAbbreviationAmazonawsComEnableAwsServiceAccessCustomResourceCustomResourcePolicy47A0A099",
        "Organization06E16095",
      ],
      "Properties": Object {
        "Create": "{\\"service\\":\\"Organizations\\",\\"action\\":\\"enableAWSServiceAccess\\",\\"region\\":\\"us-east-1\\",\\"physicalResourceId\\":{\\"id\\":\\"service-abbreviation.amazonaws.com\\"},\\"parameters\\":{\\"ServicePrincipal\\":\\"service-abbreviation.amazonaws.com\\"}}",
        "Delete": "{\\"service\\":\\"Organizations\\",\\"action\\":\\"disableAWSServiceAccess\\",\\"region\\":\\"us-east-1\\",\\"parameters\\":{\\"ServicePrincipal\\":\\"service-abbreviation.amazonaws.com\\"}}",
        "InstallLatestAwsSdk": false,
        "ServiceToken": Object {
          "Fn::GetAtt": Array [
            "AWS679f53fac002430cb0da5b7982bd22872D164C4C",
            "Arn",
          ],
        },
      },
      "Type": "Custom::Organizations_EnableAwsServiceAccess",
      "UpdateReplacePolicy": "Delete",
    },
    "OrganizationEnableServiceAbbreviationAmazonawsComEnableAwsServiceAccessCustomResourceCustomResourcePolicy47A0A099": Object {
      "DependsOn": Array [
        "Organization06E16095",
      ],
      "Properties": Object {
        "PolicyDocument": Object {
          "Statement": Array [
            Object {
              "Action": "organizations:EnableAWSServiceAccess",
              "Effect": "Allow",
              "Resource": "*",
            },
            Object {
              "Action": "organizations:DisableAWSServiceAccess",
              "Effect": "Allow",
              "Resource": "*",
            },
          ],
          "Version": "2012-10-17",
        },
        "PolicyName": "OrganizationEnableServiceAbbreviationAmazonawsComEnableAwsServiceAccessCustomResourceCustomResourcePolicy47A0A099",
        "Roles": Array [
          Object {
            "Ref": "AWS679f53fac002430cb0da5b7982bd2287ServiceRoleC1EA0FF2",
          },
        ],
      },
      "Type": "AWS::IAM::Policy",
    },
    "OrganizationEnableServiceControlPolicyEnablePolicyTypeCustomResource79180BC7": Object {
      "DeletionPolicy": "Delete",
      "DependsOn": Array [
        "OrganizationEnableConfigMultiaccountsetupAmazonawsComEnableAwsServiceAccessCustomResourceCustomResourcePolicy2A524CEE",
        "OrganizationEnableConfigMultiaccountsetupAmazonawsComEnableAwsServiceAccessCustomResource3A59621B",
        "OrganizationEnableServiceControlPolicyEnablePolicyTypeCustomResourceCustomResourcePolicy0EC006E9",
        "OrganizationRootRootCustomResourceCustomResourcePolicyB45F831E",
        "OrganizationRootRootCustomResourceBB74F060",
      ],
      "Properties": Object {
        "Create": Object {
          "Fn::Join": Array [
            "",
            Array [
              "{\\"service\\":\\"Organizations\\",\\"action\\":\\"enablePolicyType\\",\\"region\\":\\"us-east-1\\",\\"physicalResourceId\\":{\\"id\\":\\"",
              Object {
                "Fn::GetAtt": Array [
                  "OrganizationRootRootCustomResourceBB74F060",
                  "Roots.0.Id",
                ],
              },
              ":SERVICE_CONTROL_POLICY\\"},\\"parameters\\":{\\"RootId\\":\\"",
              Object {
                "Fn::GetAtt": Array [
                  "OrganizationRootRootCustomResourceBB74F060",
                  "Roots.0.Id",
                ],
              },
              "\\",\\"PolicyType\\":\\"SERVICE_CONTROL_POLICY\\"},\\"ignoreErrorCodesMatching\\":\\"PolicyTypeAlreadyEnabledException\\"}",
            ],
          ],
        },
        "Delete": Object {
          "Fn::Join": Array [
            "",
            Array [
              "{\\"service\\":\\"Organizations\\",\\"action\\":\\"disablePolicyType\\",\\"region\\":\\"us-east-1\\",\\"parameters\\":{\\"RootId\\":\\"",
              Object {
                "Fn::GetAtt": Array [
                  "OrganizationRootRootCustomResourceBB74F060",
                  "Roots.0.Id",
                ],
              },
              "\\",\\"PolicyType\\":\\"SERVICE_CONTROL_POLICY\\"}}",
            ],
          ],
        },
        "InstallLatestAwsSdk": false,
        "ServiceToken": Object {
          "Fn::GetAtt": Array [
            "AWS679f53fac002430cb0da5b7982bd22872D164C4C",
            "Arn",
          ],
        },
      },
      "Type": "Custom::Organizations_EnablePolicyType",
      "UpdateReplacePolicy": "Delete",
    },
    "OrganizationEnableServiceControlPolicyEnablePolicyTypeCustomResourceCustomResourcePolicy0EC006E9": Object {
      "DependsOn": Array [
        "OrganizationEnableConfigMultiaccountsetupAmazonawsComEnableAwsServiceAccessCustomResourceCustomResourcePolicy2A524CEE",
        "OrganizationEnableConfigMultiaccountsetupAmazonawsComEnableAwsServiceAccessCustomResource3A59621B",
        "OrganizationRootRootCustomResourceCustomResourcePolicyB45F831E",
        "OrganizationRootRootCustomResourceBB74F060",
      ],
      "Properties": Object {
        "PolicyDocument": Object {
          "Statement": Array [
            Object {
              "Action": "organizations:EnablePolicyType",
              "Effect": "Allow",
              "Resource": "*",
            },
            Object {
              "Action": "organizations:DisablePolicyType",
              "Effect": "Allow",
              "Resource": "*",
            },
          ],
          "Version": "2012-10-17",
        },
        "PolicyName": "OrganizationEnableServiceControlPolicyEnablePolicyTypeCustomResourceCustomResourcePolicy0EC006E9",
        "Roles": Array [
          Object {
            "Ref": "AWS679f53fac002430cb0da5b7982bd2287ServiceRoleC1EA0FF2",
          },
        ],
      },
      "Type": "AWS::IAM::Policy",
    },
    "OrganizationEnableSsmAmazonawsComEnableAwsServiceAccessCustomResource4E491170": Object {
      "DeletionPolicy": "Delete",
      "DependsOn": Array [
        "OrganizationEnableServiceAbbreviationAmazonawsComEnableAwsServiceAccessCustomResourceCustomResourcePolicy47A0A099",
        "OrganizationEnableServiceAbbreviationAmazonawsComEnableAwsServiceAccessCustomResource8698F17F",
        "OrganizationEnableSsmAmazonawsComEnableAwsServiceAccessCustomResourceCustomResourcePolicy8BE3ED27",
        "Organization06E16095",
      ],
      "Properties": Object {
        "Create": "{\\"service\\":\\"Organizations\\",\\"action\\":\\"enableAWSServiceAccess\\",\\"region\\":\\"us-east-1\\",\\"physicalResourceId\\":{\\"id\\":\\"ssm.amazonaws.com\\"},\\"parameters\\":{\\"ServicePrincipal\\":\\"ssm.amazonaws.com\\"}}",
        "Delete": "{\\"service\\":\\"Organizations\\",\\"action\\":\\"disableAWSServiceAccess\\",\\"region\\":\\"us-east-1\\",\\"parameters\\":{\\"ServicePrincipal\\":\\"ssm.amazonaws.com\\"}}",
        "InstallLatestAwsSdk": false,
        "ServiceToken": Object {
          "Fn::GetAtt": Array [
            "AWS679f53fac002430cb0da5b7982bd22872D164C4C",
            "Arn",
          ],
        },
      },
      "Type": "Custom::Organizations_EnableAwsServiceAccess",
      "UpdateReplacePolicy": "Delete",
    },
    "OrganizationEnableSsmAmazonawsComEnableAwsServiceAccessCustomResourceCustomResourcePolicy8BE3ED27": Object {
      "DependsOn": Array [
        "OrganizationEnableServiceAbbreviationAmazonawsComEnableAwsServiceAccessCustomResourceCustomResourcePolicy47A0A099",
        "OrganizationEnableServiceAbbreviationAmazonawsComEnableAwsServiceAccessCustomResource8698F17F",
        "Organization06E16095",
      ],
      "Properties": Object {
        "PolicyDocument": Object {
          "Statement": Array [
            Object {
              "Action": "organizations:EnableAWSServiceAccess",
              "Effect": "Allow",
              "Resource": "*",
            },
            Object {
              "Action": "organizations:DisableAWSServiceAccess",
              "Effect": "Allow",
              "Resource": "*",
            },
          ],
          "Version": "2012-10-17",
        },
        "PolicyName": "OrganizationEnableSsmAmazonawsComEnableAwsServiceAccessCustomResourceCustomResourcePolicy8BE3ED27",
        "Roles": Array [
          Object {
            "Ref": "AWS679f53fac002430cb0da5b7982bd2287ServiceRoleC1EA0FF2",
          },
        ],
      },
      "Type": "AWS::IAM::Policy",
    },
    "OrganizationEnableTagPolicyEnablePolicyTypeCustomResourceCustomResourcePolicyC8763B19": Object {
      "DependsOn": Array [
        "OrganizationPolicyAttachmentOrganizationRootAC58C4A1S3PolicyCustomResourceCustomResourcePolicy38327887",
        "OrganizationPolicyAttachmentOrganizationRootAC58C4A1S3PolicyCustomResourceA2F2798F",
        "OrganizationRootRootCustomResourceCustomResourcePolicyB45F831E",
        "OrganizationRootRootCustomResourceBB74F060",
      ],
      "Properties": Object {
        "PolicyDocument": Object {
          "Statement": Array [
            Object {
              "Action": "organizations:EnablePolicyType",
              "Effect": "Allow",
              "Resource": "*",
            },
            Object {
              "Action": "organizations:DisablePolicyType",
              "Effect": "Allow",
              "Resource": "*",
            },
          ],
          "Version": "2012-10-17",
        },
        "PolicyName": "OrganizationEnableTagPolicyEnablePolicyTypeCustomResourceCustomResourcePolicyC8763B19",
        "Roles": Array [
          Object {
            "Ref": "AWS679f53fac002430cb0da5b7982bd2287ServiceRoleC1EA0FF2",
          },
        ],
      },
      "Type": "AWS::IAM::Policy",
    },
    "OrganizationEnableTagPolicyEnablePolicyTypeCustomResourceDCB6F18A": Object {
      "DeletionPolicy": "Delete",
      "DependsOn": Array [
        "OrganizationEnableTagPolicyEnablePolicyTypeCustomResourceCustomResourcePolicyC8763B19",
        "OrganizationPolicyAttachmentOrganizationRootAC58C4A1S3PolicyCustomResourceCustomResourcePolicy38327887",
        "OrganizationPolicyAttachmentOrganizationRootAC58C4A1S3PolicyCustomResourceA2F2798F",
        "OrganizationRootRootCustomResourceCustomResourcePolicyB45F831E",
        "OrganizationRootRootCustomResourceBB74F060",
      ],
      "Properties": Object {
        "Create": Object {
          "Fn::Join": Array [
            "",
            Array [
              "{\\"service\\":\\"Organizations\\",\\"action\\":\\"enablePolicyType\\",\\"region\\":\\"us-east-1\\",\\"physicalResourceId\\":{\\"id\\":\\"",
              Object {
                "Fn::GetAtt": Array [
                  "OrganizationRootRootCustomResourceBB74F060",
                  "Roots.0.Id",
                ],
              },
              ":TAG_POLICY\\"},\\"parameters\\":{\\"RootId\\":\\"",
              Object {
                "Fn::GetAtt": Array [
                  "OrganizationRootRootCustomResourceBB74F060",
                  "Roots.0.Id",
                ],
              },
              "\\",\\"PolicyType\\":\\"TAG_POLICY\\"},\\"ignoreErrorCodesMatching\\":\\"PolicyTypeAlreadyEnabledException\\"}",
            ],
          ],
        },
        "Delete": Object {
          "Fn::Join": Array [
            "",
            Array [
              "{\\"service\\":\\"Organizations\\",\\"action\\":\\"disablePolicyType\\",\\"region\\":\\"us-east-1\\",\\"parameters\\":{\\"RootId\\":\\"",
              Object {
                "Fn::GetAtt": Array [
                  "OrganizationRootRootCustomResourceBB74F060",
                  "Roots.0.Id",
                ],
              },
              "\\",\\"PolicyType\\":\\"TAG_POLICY\\"}}",
            ],
          ],
        },
        "InstallLatestAwsSdk": false,
        "ServiceToken": Object {
          "Fn::GetAtt": Array [
            "AWS679f53fac002430cb0da5b7982bd22872D164C4C",
            "Arn",
          ],
        },
      },
      "Type": "Custom::Organizations_EnablePolicyType",
      "UpdateReplacePolicy": "Delete",
    },
    "OrganizationPolicyAttachmentOrganizationRootAC58C4A1S3PolicyCustomResourceA2F2798F": Object {
      "DeletionPolicy": "Delete",
      "DependsOn": Array [
        "OrganizationEnableServiceControlPolicyEnablePolicyTypeCustomResourceCustomResourcePolicy0EC006E9",
        "OrganizationEnableServiceControlPolicyEnablePolicyTypeCustomResource79180BC7",
        "OrganizationPolicyAttachmentOrganizationRootAC58C4A1S3PolicyCustomResourceCustomResourcePolicy38327887",
        "OrganizationRootRootCustomResourceCustomResourcePolicyB45F831E",
        "OrganizationRootRootCustomResourceBB74F060",
        "S3PolicyPolicyCustomResourceCustomResourcePolicyCA33F036",
        "S3PolicyPolicyCustomResource0D921FA4",
        "S3PolicyTagsTagResource12DC413E",
      ],
      "Properties": Object {
        "Create": Object {
          "Fn::Join": Array [
            "",
            Array [
              "{\\"service\\":\\"Organizations\\",\\"action\\":\\"attachPolicy\\",\\"region\\":\\"us-east-1\\",\\"parameters\\":{\\"PolicyId\\":\\"",
              Object {
                "Fn::GetAtt": Array [
                  "S3PolicyPolicyCustomResource0D921FA4",
                  "Policy.PolicySummary.Id",
                ],
              },
              "\\",\\"TargetId\\":\\"",
              Object {
                "Fn::GetAtt": Array [
                  "OrganizationRootRootCustomResourceBB74F060",
                  "Roots.0.Id",
                ],
              },
              "\\"},\\"physicalResourceId\\":{\\"id\\":\\"",
              Object {
                "Fn::GetAtt": Array [
                  "S3PolicyPolicyCustomResource0D921FA4",
                  "Policy.PolicySummary.Id",
                ],
              },
              ":",
              Object {
                "Fn::GetAtt": Array [
                  "OrganizationRootRootCustomResourceBB74F060",
                  "Roots.0.Id",
                ],
              },
              "\\"}}",
            ],
          ],
        },
        "Delete": Object {
          "Fn::Join": Array [
            "",
            Array [
              "{\\"service\\":\\"Organizations\\",\\"action\\":\\"detachPolicy\\",\\"region\\":\\"us-east-1\\",\\"parameters\\":{\\"PolicyId\\":\\"",
              Object {
                "Fn::GetAtt": Array [
                  "S3PolicyPolicyCustomResource0D921FA4",
                  "Policy.PolicySummary.Id",
                ],
              },
              "\\",\\"TargetId\\":\\"",
              Object {
                "Fn::GetAtt": Array [
                  "OrganizationRootRootCustomResourceBB74F060",
                  "Roots.0.Id",
                ],
              },
              "\\"},\\"physicalResourceId\\":{\\"id\\":\\"",
              Object {
                "Fn::GetAtt": Array [
                  "S3PolicyPolicyCustomResource0D921FA4",
                  "Policy.PolicySummary.Id",
                ],
              },
              ":",
              Object {
                "Fn::GetAtt": Array [
                  "OrganizationRootRootCustomResourceBB74F060",
                  "Roots.0.Id",
                ],
              },
              "\\"}}",
            ],
          ],
        },
        "InstallLatestAwsSdk": false,
        "ServiceToken": Object {
          "Fn::GetAtt": Array [
            "AWS679f53fac002430cb0da5b7982bd22872D164C4C",
            "Arn",
          ],
        },
      },
      "Type": "Custom::Organizations_PolicyAttachment",
      "UpdateReplacePolicy": "Delete",
    },
    "OrganizationPolicyAttachmentOrganizationRootAC58C4A1S3PolicyCustomResourceCustomResourcePolicy38327887": Object {
      "DependsOn": Array [
        "OrganizationEnableServiceControlPolicyEnablePolicyTypeCustomResourceCustomResourcePolicy0EC006E9",
        "OrganizationEnableServiceControlPolicyEnablePolicyTypeCustomResource79180BC7",
        "OrganizationRootRootCustomResourceCustomResourcePolicyB45F831E",
        "OrganizationRootRootCustomResourceBB74F060",
        "S3PolicyPolicyCustomResourceCustomResourcePolicyCA33F036",
        "S3PolicyPolicyCustomResource0D921FA4",
        "S3PolicyTagsTagResource12DC413E",
      ],
      "Properties": Object {
        "PolicyDocument": Object {
          "Statement": Array [
            Object {
              "Action": "organizations:AttachPolicy",
              "Effect": "Allow",
              "Resource": "*",
            },
            Object {
              "Action": "organizations:DetachPolicy",
              "Effect": "Allow",
              "Resource": "*",
            },
          ],
          "Version": "2012-10-17",
        },
        "PolicyName": "OrganizationPolicyAttachmentOrganizationRootAC58C4A1S3PolicyCustomResourceCustomResourcePolicy38327887",
        "Roles": Array [
          Object {
            "Ref": "AWS679f53fac002430cb0da5b7982bd2287ServiceRoleC1EA0FF2",
          },
        ],
      },
      "Type": "AWS::IAM::Policy",
    },
    "OrganizationRootRootCustomResourceBB74F060": Object {
      "DeletionPolicy": "Delete",
      "DependsOn": Array [
        "Organization06E16095",
        "OrganizationRootRootCustomResourceCustomResourcePolicyB45F831E",
      ],
      "Properties": Object {
        "Create": "{\\"service\\":\\"Organizations\\",\\"action\\":\\"listRoots\\",\\"region\\":\\"us-east-1\\",\\"physicalResourceId\\":{\\"responsePath\\":\\"Roots.0.Id\\"}}",
        "Delete": "{\\"service\\":\\"Organizations\\",\\"action\\":\\"listRoots\\",\\"region\\":\\"us-east-1\\"}",
        "InstallLatestAwsSdk": false,
        "ServiceToken": Object {
          "Fn::GetAtt": Array [
            "AWS679f53fac002430cb0da5b7982bd22872D164C4C",
            "Arn",
          ],
        },
        "Update": "{\\"service\\":\\"Organizations\\",\\"action\\":\\"listRoots\\",\\"region\\":\\"us-east-1\\",\\"physicalResourceId\\":{\\"responsePath\\":\\"Roots.0.Id\\"}}",
      },
      "Type": "Custom::Organizations_Root",
      "UpdateReplacePolicy": "Delete",
    },
    "OrganizationRootRootCustomResourceCustomResourcePolicyB45F831E": Object {
      "DependsOn": Array [
        "Organization06E16095",
      ],
      "Properties": Object {
        "PolicyDocument": Object {
          "Statement": Array [
            Object {
              "Action": "organizations:ListRoots",
              "Effect": "Allow",
              "Resource": "*",
            },
          ],
          "Version": "2012-10-17",
        },
        "PolicyName": "OrganizationRootRootCustomResourceCustomResourcePolicyB45F831E",
        "Roles": Array [
          Object {
            "Ref": "AWS679f53fac002430cb0da5b7982bd2287ServiceRoleC1EA0FF2",
          },
        ],
      },
      "Type": "AWS::IAM::Policy",
    },
    "OrganizationRootTagsTagResourceCBEA7B2F": Object {
      "DeletionPolicy": "Delete",
      "DependsOn": Array [
        "Organization06E16095",
        "OrganizationRootRootCustomResourceCustomResourcePolicyB45F831E",
        "OrganizationRootRootCustomResourceBB74F060",
      ],
      "Properties": Object {
        "ResourceId": Object {
          "Fn::GetAtt": Array [
            "OrganizationRootRootCustomResourceBB74F060",
            "Roots.0.Id",
          ],
        },
        "ServiceToken": Object {
          "Fn::GetAtt": Array [
            "cdkorganizationsTagResourceProviderNestedStackcdkorganizationsTagResourceProviderNestedStackResourceA7B8DF96",
            "Outputs.cdkorganizationsTagResourceProviderframeworkonEventDD009DFBArn",
          ],
        },
      },
      "Type": "Custom::Organizations_TagResource",
      "UpdateReplacePolicy": "Delete",
    },
    "PolicyAttachmentImportedAccountS3PolicyCustomResource6DEE3EC0": Object {
      "DeletionPolicy": "Delete",
      "DependsOn": Array [
        "ImportedAccountCreateAccount0DDC7950",
        "PolicyAttachmentImportedAccountS3PolicyCustomResourceCustomResourcePolicy259549DD",
        "PolicyAttachmentImportedAccountTagPolicyCustomResourceCustomResourcePolicy472CADFE",
        "PolicyAttachmentImportedAccountTagPolicyCustomResource5A336197",
        "S3PolicyPolicyCustomResourceCustomResourcePolicyCA33F036",
        "S3PolicyPolicyCustomResource0D921FA4",
        "S3PolicyTagsTagResource12DC413E",
      ],
      "Properties": Object {
        "Create": Object {
          "Fn::Join": Array [
            "",
            Array [
              "{\\"service\\":\\"Organizations\\",\\"action\\":\\"attachPolicy\\",\\"region\\":\\"us-east-1\\",\\"parameters\\":{\\"PolicyId\\":\\"",
              Object {
                "Fn::GetAtt": Array [
                  "S3PolicyPolicyCustomResource0D921FA4",
                  "Policy.PolicySummary.Id",
                ],
              },
              "\\",\\"TargetId\\":\\"",
              Object {
                "Fn::GetAtt": Array [
                  "ImportedAccountCreateAccount0DDC7950",
                  "AccountId",
                ],
              },
              "\\"},\\"physicalResourceId\\":{\\"id\\":\\"",
              Object {
                "Fn::GetAtt": Array [
                  "S3PolicyPolicyCustomResource0D921FA4",
                  "Policy.PolicySummary.Id",
                ],
              },
              ":",
              Object {
                "Fn::GetAtt": Array [
                  "ImportedAccountCreateAccount0DDC7950",
                  "AccountId",
                ],
              },
              "\\"}}",
            ],
          ],
        },
        "Delete": Object {
          "Fn::Join": Array [
            "",
            Array [
              "{\\"service\\":\\"Organizations\\",\\"action\\":\\"detachPolicy\\",\\"region\\":\\"us-east-1\\",\\"parameters\\":{\\"PolicyId\\":\\"",
              Object {
                "Fn::GetAtt": Array [
                  "S3PolicyPolicyCustomResource0D921FA4",
                  "Policy.PolicySummary.Id",
                ],
              },
              "\\",\\"TargetId\\":\\"",
              Object {
                "Fn::GetAtt": Array [
                  "ImportedAccountCreateAccount0DDC7950",
                  "AccountId",
                ],
              },
              "\\"},\\"physicalResourceId\\":{\\"id\\":\\"",
              Object {
                "Fn::GetAtt": Array [
                  "S3PolicyPolicyCustomResource0D921FA4",
                  "Policy.PolicySummary.Id",
                ],
              },
              ":",
              Object {
                "Fn::GetAtt": Array [
                  "ImportedAccountCreateAccount0DDC7950",
                  "AccountId",
                ],
              },
              "\\"}}",
            ],
          ],
        },
        "InstallLatestAwsSdk": false,
        "ServiceToken": Object {
          "Fn::GetAtt": Array [
            "AWS679f53fac002430cb0da5b7982bd22872D164C4C",
            "Arn",
          ],
        },
      },
      "Type": "Custom::Organizations_PolicyAttachment",
      "UpdateReplacePolicy": "Delete",
    },
    "PolicyAttachmentImportedAccountS3PolicyCustomResourceCustomResourcePolicy259549DD": Object {
      "DependsOn": Array [
        "ImportedAccountCreateAccount0DDC7950",
        "PolicyAttachmentImportedAccountTagPolicyCustomResourceCustomResourcePolicy472CADFE",
        "PolicyAttachmentImportedAccountTagPolicyCustomResource5A336197",
        "S3PolicyPolicyCustomResourceCustomResourcePolicyCA33F036",
        "S3PolicyPolicyCustomResource0D921FA4",
        "S3PolicyTagsTagResource12DC413E",
      ],
      "Properties": Object {
        "PolicyDocument": Object {
          "Statement": Array [
            Object {
              "Action": "organizations:AttachPolicy",
              "Effect": "Allow",
              "Resource": "*",
            },
            Object {
              "Action": "organizations:DetachPolicy",
              "Effect": "Allow",
              "Resource": "*",
            },
          ],
          "Version": "2012-10-17",
        },
        "PolicyName": "PolicyAttachmentImportedAccountS3PolicyCustomResourceCustomResourcePolicy259549DD",
        "Roles": Array [
          Object {
            "Ref": "AWS679f53fac002430cb0da5b7982bd2287ServiceRoleC1EA0FF2",
          },
        ],
      },
      "Type": "AWS::IAM::Policy",
    },
    "PolicyAttachmentImportedAccountTagPolicyCustomResource5A336197": Object {
      "DeletionPolicy": "Delete",
      "DependsOn": Array [
        "ImportedAccountCreateAccount0DDC7950",
        "PolicyAttachmentImportedAccountTagPolicyCustomResourceCustomResourcePolicy472CADFE",
        "PolicyAttachmentProjectsOUTagPolicyCustomResourceCustomResourcePolicyE8B00F61",
        "PolicyAttachmentProjectsOUTagPolicyCustomResource58DC6C44",
        "TagPolicyPolicyCustomResourceCustomResourcePolicyBC4C6C1B",
        "TagPolicyPolicyCustomResource70E64110",
        "TagPolicyTagsTagResource71A94A6C",
      ],
      "Properties": Object {
        "Create": Object {
          "Fn::Join": Array [
            "",
            Array [
              "{\\"service\\":\\"Organizations\\",\\"action\\":\\"attachPolicy\\",\\"region\\":\\"us-east-1\\",\\"parameters\\":{\\"PolicyId\\":\\"",
              Object {
                "Fn::GetAtt": Array [
                  "TagPolicyPolicyCustomResource70E64110",
                  "Policy.PolicySummary.Id",
                ],
              },
              "\\",\\"TargetId\\":\\"",
              Object {
                "Fn::GetAtt": Array [
                  "ImportedAccountCreateAccount0DDC7950",
                  "AccountId",
                ],
              },
              "\\"},\\"physicalResourceId\\":{\\"id\\":\\"",
              Object {
                "Fn::GetAtt": Array [
                  "TagPolicyPolicyCustomResource70E64110",
                  "Policy.PolicySummary.Id",
                ],
              },
              ":",
              Object {
                "Fn::GetAtt": Array [
                  "ImportedAccountCreateAccount0DDC7950",
                  "AccountId",
                ],
              },
              "\\"}}",
            ],
          ],
        },
        "Delete": Object {
          "Fn::Join": Array [
            "",
            Array [
              "{\\"service\\":\\"Organizations\\",\\"action\\":\\"detachPolicy\\",\\"region\\":\\"us-east-1\\",\\"parameters\\":{\\"PolicyId\\":\\"",
              Object {
                "Fn::GetAtt": Array [
                  "TagPolicyPolicyCustomResource70E64110",
                  "Policy.PolicySummary.Id",
                ],
              },
              "\\",\\"TargetId\\":\\"",
              Object {
                "Fn::GetAtt": Array [
                  "ImportedAccountCreateAccount0DDC7950",
                  "AccountId",
                ],
              },
              "\\"},\\"physicalResourceId\\":{\\"id\\":\\"",
              Object {
                "Fn::GetAtt": Array [
                  "TagPolicyPolicyCustomResource70E64110",
                  "Policy.PolicySummary.Id",
                ],
              },
              ":",
              Object {
                "Fn::GetAtt": Array [
                  "ImportedAccountCreateAccount0DDC7950",
                  "AccountId",
                ],
              },
              "\\"}}",
            ],
          ],
        },
        "InstallLatestAwsSdk": false,
        "ServiceToken": Object {
          "Fn::GetAtt": Array [
            "AWS679f53fac002430cb0da5b7982bd22872D164C4C",
            "Arn",
          ],
        },
      },
      "Type": "Custom::Organizations_PolicyAttachment",
      "UpdateReplacePolicy": "Delete",
    },
    "PolicyAttachmentImportedAccountTagPolicyCustomResourceCustomResourcePolicy472CADFE": Object {
      "DependsOn": Array [
        "ImportedAccountCreateAccount0DDC7950",
        "PolicyAttachmentProjectsOUTagPolicyCustomResourceCustomResourcePolicyE8B00F61",
        "PolicyAttachmentProjectsOUTagPolicyCustomResource58DC6C44",
        "TagPolicyPolicyCustomResourceCustomResourcePolicyBC4C6C1B",
        "TagPolicyPolicyCustomResource70E64110",
        "TagPolicyTagsTagResource71A94A6C",
      ],
      "Properties": Object {
        "PolicyDocument": Object {
          "Statement": Array [
            Object {
              "Action": "organizations:AttachPolicy",
              "Effect": "Allow",
              "Resource": "*",
            },
            Object {
              "Action": "organizations:DetachPolicy",
              "Effect": "Allow",
              "Resource": "*",
            },
          ],
          "Version": "2012-10-17",
        },
        "PolicyName": "PolicyAttachmentImportedAccountTagPolicyCustomResourceCustomResourcePolicy472CADFE",
        "Roles": Array [
          Object {
            "Ref": "AWS679f53fac002430cb0da5b7982bd2287ServiceRoleC1EA0FF2",
          },
        ],
      },
      "Type": "AWS::IAM::Policy",
    },
    "PolicyAttachmentProjectsOUTagPolicyCustomResource58DC6C44": Object {
      "DeletionPolicy": "Delete",
      "DependsOn": Array [
        "PolicyAttachmentProjectsOUTagPolicyCustomResourceCustomResourcePolicyE8B00F61",
        "Project2DevAccountCreateAccount52C0EFA9",
        "Project2DevAccountTagsTagResource7BBB3F37",
        "ProjectsOUOrganizationProvider5CA5D400",
        "TagPolicyPolicyCustomResourceCustomResourcePolicyBC4C6C1B",
        "TagPolicyPolicyCustomResource70E64110",
        "TagPolicyTagsTagResource71A94A6C",
      ],
      "Properties": Object {
        "Create": Object {
          "Fn::Join": Array [
            "",
            Array [
              "{\\"service\\":\\"Organizations\\",\\"action\\":\\"attachPolicy\\",\\"region\\":\\"us-east-1\\",\\"parameters\\":{\\"PolicyId\\":\\"",
              Object {
                "Fn::GetAtt": Array [
                  "TagPolicyPolicyCustomResource70E64110",
                  "Policy.PolicySummary.Id",
                ],
              },
              "\\",\\"TargetId\\":\\"",
              Object {
                "Fn::GetAtt": Array [
                  "ProjectsOUOrganizationProvider5CA5D400",
                  "Id",
                ],
              },
              "\\"},\\"physicalResourceId\\":{\\"id\\":\\"",
              Object {
                "Fn::GetAtt": Array [
                  "TagPolicyPolicyCustomResource70E64110",
                  "Policy.PolicySummary.Id",
                ],
              },
              ":",
              Object {
                "Fn::GetAtt": Array [
                  "ProjectsOUOrganizationProvider5CA5D400",
                  "Id",
                ],
              },
              "\\"}}",
            ],
          ],
        },
        "Delete": Object {
          "Fn::Join": Array [
            "",
            Array [
              "{\\"service\\":\\"Organizations\\",\\"action\\":\\"detachPolicy\\",\\"region\\":\\"us-east-1\\",\\"parameters\\":{\\"PolicyId\\":\\"",
              Object {
                "Fn::GetAtt": Array [
                  "TagPolicyPolicyCustomResource70E64110",
                  "Policy.PolicySummary.Id",
                ],
              },
              "\\",\\"TargetId\\":\\"",
              Object {
                "Fn::GetAtt": Array [
                  "ProjectsOUOrganizationProvider5CA5D400",
                  "Id",
                ],
              },
              "\\"},\\"physicalResourceId\\":{\\"id\\":\\"",
              Object {
                "Fn::GetAtt": Array [
                  "TagPolicyPolicyCustomResource70E64110",
                  "Policy.PolicySummary.Id",
                ],
              },
              ":",
              Object {
                "Fn::GetAtt": Array [
                  "ProjectsOUOrganizationProvider5CA5D400",
                  "Id",
                ],
              },
              "\\"}}",
            ],
          ],
        },
        "InstallLatestAwsSdk": false,
        "ServiceToken": Object {
          "Fn::GetAtt": Array [
            "AWS679f53fac002430cb0da5b7982bd22872D164C4C",
            "Arn",
          ],
        },
      },
      "Type": "Custom::Organizations_PolicyAttachment",
      "UpdateReplacePolicy": "Delete",
    },
    "PolicyAttachmentProjectsOUTagPolicyCustomResourceCustomResourcePolicyE8B00F61": Object {
      "DependsOn": Array [
        "Project2DevAccountCreateAccount52C0EFA9",
        "Project2DevAccountTagsTagResource7BBB3F37",
        "ProjectsOUOrganizationProvider5CA5D400",
        "TagPolicyPolicyCustomResourceCustomResourcePolicyBC4C6C1B",
        "TagPolicyPolicyCustomResource70E64110",
        "TagPolicyTagsTagResource71A94A6C",
      ],
      "Properties": Object {
        "PolicyDocument": Object {
          "Statement": Array [
            Object {
              "Action": "organizations:AttachPolicy",
              "Effect": "Allow",
              "Resource": "*",
            },
            Object {
              "Action": "organizations:DetachPolicy",
              "Effect": "Allow",
              "Resource": "*",
            },
          ],
          "Version": "2012-10-17",
        },
        "PolicyName": "PolicyAttachmentProjectsOUTagPolicyCustomResourceCustomResourcePolicyE8B00F61",
        "Roles": Array [
          Object {
            "Ref": "AWS679f53fac002430cb0da5b7982bd2287ServiceRoleC1EA0FF2",
          },
        ],
      },
      "Type": "AWS::IAM::Policy",
    },
    "Project1AccountCreateAccount8A604AF1": Object {
      "DeletionPolicy": "Delete",
      "DependsOn": Array [
        "ProjectsOUOrganizationProvider5CA5D400",
        "ProjectsOUTagsTagResource5FC759B6",
      ],
      "Properties": Object {
        "AccountName": "SharedAccount",
        "Email": "info+project1@pepperize.com",
        "IamUserAccessToBilling": "DENY",
        "ImportOnDuplicate": "true",
        "ParentId": Object {
          "Fn::GetAtt": Array [
            "ProjectsOUOrganizationProvider5CA5D400",
            "Id",
          ],
        },
        "RemovalPolicy": "retain",
        "RoleName": "OrganizationAccountAccessRole",
        "ServiceToken": Object {
          "Fn::GetAtt": Array [
            "cdkorganizationsAccountProviderNestedStackcdkorganizationsAccountProviderNestedStackResourceA1C2E3D5",
            "Outputs.cdkorganizationsAccountProviderframeworkonEvent4241E2B3Arn",
          ],
        },
      },
      "Type": "Custom::Organizations_Account",
      "UpdateReplacePolicy": "Delete",
    },
    "Project1AccountTagsTagResource1020FD50": Object {
      "DeletionPolicy": "Delete",
      "DependsOn": Array [
        "Project1AccountCreateAccount8A604AF1",
        "ProjectsOUOrganizationProvider5CA5D400",
        "ProjectsOUTagsTagResource5FC759B6",
      ],
      "Properties": Object {
        "ResourceId": Object {
          "Fn::GetAtt": Array [
            "Project1AccountCreateAccount8A604AF1",
            "AccountId",
          ],
        },
        "ServiceToken": Object {
          "Fn::GetAtt": Array [
            "cdkorganizationsTagResourceProviderNestedStackcdkorganizationsTagResourceProviderNestedStackResourceA7B8DF96",
            "Outputs.cdkorganizationsTagResourceProviderframeworkonEventDD009DFBArn",
          ],
        },
      },
      "Type": "Custom::Organizations_TagResource",
      "UpdateReplacePolicy": "Delete",
    },
    "Project2DevAccountCreateAccount52C0EFA9": Object {
      "DeletionPolicy": "Delete",
      "DependsOn": Array [
        "Project2OUOrganizationProviderA322B887",
        "Project2OUTagsTagResource42039814",
      ],
      "Properties": Object {
        "AccountName": "Project 2 Dev",
        "Email": "info+project2-dev@pepperize.com",
        "IamUserAccessToBilling": "ALLOW",
        "ImportOnDuplicate": "true",
        "ParentId": Object {
          "Fn::GetAtt": Array [
            "Project2OUOrganizationProviderA322B887",
            "Id",
          ],
        },
        "RemovalPolicy": "retain",
        "RoleName": "OrganizationAccountAccessRole",
        "ServiceToken": Object {
          "Fn::GetAtt": Array [
            "cdkorganizationsAccountProviderNestedStackcdkorganizationsAccountProviderNestedStackResourceA1C2E3D5",
            "Outputs.cdkorganizationsAccountProviderframeworkonEvent4241E2B3Arn",
          ],
        },
      },
      "Type": "Custom::Organizations_Account",
      "UpdateReplacePolicy": "Delete",
    },
    "Project2DevAccountTagsTagResource7BBB3F37": Object {
      "DeletionPolicy": "Delete",
      "DependsOn": Array [
        "Project2DevAccountCreateAccount52C0EFA9",
        "Project2OUOrganizationProviderA322B887",
        "Project2OUTagsTagResource42039814",
      ],
      "Properties": Object {
        "ResourceId": Object {
          "Fn::GetAtt": Array [
            "Project2DevAccountCreateAccount52C0EFA9",
            "AccountId",
          ],
        },
        "ServiceToken": Object {
          "Fn::GetAtt": Array [
            "cdkorganizationsTagResourceProviderNestedStackcdkorganizationsTagResourceProviderNestedStackResourceA7B8DF96",
            "Outputs.cdkorganizationsTagResourceProviderframeworkonEventDD009DFBArn",
          ],
        },
      },
      "Type": "Custom::Organizations_TagResource",
      "UpdateReplacePolicy": "Delete",
    },
    "Project2OUOrganizationProviderA322B887": Object {
      "DeletionPolicy": "Delete",
      "DependsOn": Array [
        "Project1AccountCreateAccount8A604AF1",
        "Project1AccountTagsTagResource1020FD50",
        "ProjectsOUOrganizationProvider5CA5D400",
        "ProjectsOUTagsTagResource5FC759B6",
      ],
      "Properties": Object {
        "ImportOnDuplicate": "true",
        "Name": "Project2",
        "ParentId": Object {
          "Fn::GetAtt": Array [
            "ProjectsOUOrganizationProvider5CA5D400",
            "Id",
          ],
        },
        "RemovalPolicy": "retain",
        "ServiceToken": Object {
          "Fn::GetAtt": Array [
            "cdkorganizationsOrganizationalUnitProviderNestedStackcdkorganizationsOrganizationalUnitProviderNestedStackResource4FB360EE",
            "Outputs.cdkorganizationsOrganizationalUnitProviderframeworkonEvent00D689AFArn",
          ],
        },
      },
      "Type": "Custom::Organizations_OrganizationalUnitProvider",
      "UpdateReplacePolicy": "Delete",
    },
    "Project2OUTagsTagResource42039814": Object {
      "DeletionPolicy": "Delete",
      "DependsOn": Array [
        "Project1AccountCreateAccount8A604AF1",
        "Project1AccountTagsTagResource1020FD50",
        "Project2OUOrganizationProviderA322B887",
        "ProjectsOUOrganizationProvider5CA5D400",
        "ProjectsOUTagsTagResource5FC759B6",
      ],
      "Properties": Object {
        "ResourceId": Object {
          "Fn::GetAtt": Array [
            "Project2OUOrganizationProviderA322B887",
            "Id",
          ],
        },
        "ServiceToken": Object {
          "Fn::GetAtt": Array [
            "cdkorganizationsTagResourceProviderNestedStackcdkorganizationsTagResourceProviderNestedStackResourceA7B8DF96",
            "Outputs.cdkorganizationsTagResourceProviderframeworkonEventDD009DFBArn",
          ],
        },
      },
      "Type": "Custom::Organizations_TagResource",
      "UpdateReplacePolicy": "Delete",
    },
    "ProjectsOUOrganizationProvider5CA5D400": Object {
      "DeletionPolicy": "Delete",
      "DependsOn": Array [
        "DelegateConfigAmazonawsComImportedAccountDelegatedAdministratorCustomResourceCustomResourcePolicy6144D93D",
        "DelegateConfigAmazonawsComImportedAccountDelegatedAdministratorCustomResource0A389794",
        "OrganizationRootRootCustomResourceCustomResourcePolicyB45F831E",
        "OrganizationRootRootCustomResourceBB74F060",
        "OrganizationRootTagsTagResourceCBEA7B2F",
      ],
      "Properties": Object {
        "ImportOnDuplicate": "true",
        "Name": "Projects",
        "ParentId": Object {
          "Fn::GetAtt": Array [
            "OrganizationRootRootCustomResourceBB74F060",
            "Roots.0.Id",
          ],
        },
        "RemovalPolicy": "retain",
        "ServiceToken": Object {
          "Fn::GetAtt": Array [
            "cdkorganizationsOrganizationalUnitProviderNestedStackcdkorganizationsOrganizationalUnitProviderNestedStackResource4FB360EE",
            "Outputs.cdkorganizationsOrganizationalUnitProviderframeworkonEvent00D689AFArn",
          ],
        },
      },
      "Type": "Custom::Organizations_OrganizationalUnitProvider",
      "UpdateReplacePolicy": "Delete",
    },
    "ProjectsOUTagsTagResource5FC759B6": Object {
      "DeletionPolicy": "Delete",
      "DependsOn": Array [
        "DelegateConfigAmazonawsComImportedAccountDelegatedAdministratorCustomResourceCustomResourcePolicy6144D93D",
        "DelegateConfigAmazonawsComImportedAccountDelegatedAdministratorCustomResource0A389794",
        "OrganizationRootRootCustomResourceCustomResourcePolicyB45F831E",
        "OrganizationRootRootCustomResourceBB74F060",
        "OrganizationRootTagsTagResourceCBEA7B2F",
        "ProjectsOUOrganizationProvider5CA5D400",
      ],
      "Properties": Object {
        "ResourceId": Object {
          "Fn::GetAtt": Array [
            "ProjectsOUOrganizationProvider5CA5D400",
            "Id",
          ],
        },
        "ServiceToken": Object {
          "Fn::GetAtt": Array [
            "cdkorganizationsTagResourceProviderNestedStackcdkorganizationsTagResourceProviderNestedStackResourceA7B8DF96",
            "Outputs.cdkorganizationsTagResourceProviderframeworkonEventDD009DFBArn",
          ],
        },
      },
      "Type": "Custom::Organizations_TagResource",
      "UpdateReplacePolicy": "Delete",
    },
    "S3PolicyPolicyCustomResource0D921FA4": Object {
      "DeletionPolicy": "Delete",
      "DependsOn": Array [
        "S3PolicyPolicyCustomResourceCustomResourcePolicyCA33F036",
      ],
      "Properties": Object {
        "Create": "{\\"service\\":\\"Organizations\\",\\"action\\":\\"createPolicy\\",\\"region\\":\\"us-east-1\\",\\"parameters\\":{\\"Content\\":\\"{\\\\n\\\\\\"Version\\\\\\":\\\\\\"2012-10-17\\\\\\",\\\\\\"Statement\\\\\\":{\\\\n\\\\\\"Effect\\\\\\":\\\\\\"Allow\\\\\\",\\\\\\"Action\\\\\\":\\\\\\"s3:*\\\\\\"\\\\n}\\\\n}\\",\\"Description\\":\\"Enables admins of attached accounts to delegate all S3 permissions\\",\\"Name\\":\\"AllowAllS3Actions\\",\\"Type\\":\\"SERVICE_CONTROL_POLICY\\"},\\"outputPaths\\":[\\"Policy.PolicySummary.Id\\"],\\"physicalResourceId\\":{\\"responsePath\\":\\"Policy.PolicySummary.Id\\"}}",
        "Delete": "{\\"service\\":\\"Organizations\\",\\"action\\":\\"deletePolicy\\",\\"region\\":\\"us-east-1\\",\\"parameters\\":{\\"PolicyId\\":\\"PHYSICAL:RESOURCEID:\\"}}",
        "InstallLatestAwsSdk": false,
        "ServiceToken": Object {
          "Fn::GetAtt": Array [
            "AWS679f53fac002430cb0da5b7982bd22872D164C4C",
            "Arn",
          ],
        },
        "Update": "{\\"service\\":\\"Organizations\\",\\"action\\":\\"updatePolicy\\",\\"region\\":\\"us-east-1\\",\\"parameters\\":{\\"Content\\":\\"{\\\\n\\\\\\"Version\\\\\\":\\\\\\"2012-10-17\\\\\\",\\\\\\"Statement\\\\\\":{\\\\n\\\\\\"Effect\\\\\\":\\\\\\"Allow\\\\\\",\\\\\\"Action\\\\\\":\\\\\\"s3:*\\\\\\"\\\\n}\\\\n}\\",\\"Description\\":\\"Enables admins of attached accounts to delegate all S3 permissions\\",\\"Name\\":\\"AllowAllS3Actions\\",\\"PolicyId\\":\\"PHYSICAL:RESOURCEID:\\"},\\"outputPaths\\":[\\"Policy.PolicySummary.Id\\"],\\"physicalResourceId\\":{\\"responsePath\\":\\"Policy.PolicySummary.Id\\"}}",
      },
      "Type": "Custom::Organizations_Policy",
      "UpdateReplacePolicy": "Delete",
    },
    "S3PolicyPolicyCustomResourceCustomResourcePolicyCA33F036": Object {
      "Properties": Object {
        "PolicyDocument": Object {
          "Statement": Array [
            Object {
              "Action": "organizations:CreatePolicy",
              "Effect": "Allow",
              "Resource": "*",
            },
            Object {
              "Action": "organizations:UpdatePolicy",
              "Effect": "Allow",
              "Resource": "*",
            },
            Object {
              "Action": "organizations:DeletePolicy",
              "Effect": "Allow",
              "Resource": "*",
            },
          ],
          "Version": "2012-10-17",
        },
        "PolicyName": "S3PolicyPolicyCustomResourceCustomResourcePolicyCA33F036",
        "Roles": Array [
          Object {
            "Ref": "AWS679f53fac002430cb0da5b7982bd2287ServiceRoleC1EA0FF2",
          },
        ],
      },
      "Type": "AWS::IAM::Policy",
    },
    "S3PolicyTagsTagResource12DC413E": Object {
      "DeletionPolicy": "Delete",
      "DependsOn": Array [
        "S3PolicyPolicyCustomResourceCustomResourcePolicyCA33F036",
        "S3PolicyPolicyCustomResource0D921FA4",
      ],
      "Properties": Object {
        "ResourceId": Object {
          "Fn::GetAtt": Array [
            "S3PolicyPolicyCustomResource0D921FA4",
            "Policy.PolicySummary.Id",
          ],
        },
        "ServiceToken": Object {
          "Fn::GetAtt": Array [
            "cdkorganizationsTagResourceProviderNestedStackcdkorganizationsTagResourceProviderNestedStackResourceA7B8DF96",
            "Outputs.cdkorganizationsTagResourceProviderframeworkonEventDD009DFBArn",
          ],
        },
      },
      "Type": "Custom::Organizations_TagResource",
      "UpdateReplacePolicy": "Delete",
    },
    "TagPolicyPolicyCustomResource70E64110": Object {
      "DeletionPolicy": "Delete",
      "DependsOn": Array [
        "TagPolicyPolicyCustomResourceCustomResourcePolicyBC4C6C1B",
      ],
      "Properties": Object {
        "Create": "{\\"service\\":\\"Organizations\\",\\"action\\":\\"createPolicy\\",\\"region\\":\\"us-east-1\\",\\"parameters\\":{\\"Content\\":\\"{\\\\n\\\\\\"tags\\\\\\":{\\\\n\\\\\\"CostCenter\\\\\\":{\\\\n\\\\\\"tag_key\\\\\\":{\\\\n\\\\\\"@@assign\\\\\\":\\\\\\"CostCenter\\\\\\"\\\\n}\\\\n}\\\\n}\\\\n}\\",\\"Description\\":\\"Defines the CostCenter tag key\\",\\"Name\\":\\"CostCenterTag\\",\\"Type\\":\\"TAG_POLICY\\"},\\"outputPaths\\":[\\"Policy.PolicySummary.Id\\"],\\"physicalResourceId\\":{\\"responsePath\\":\\"Policy.PolicySummary.Id\\"}}",
        "Delete": "{\\"service\\":\\"Organizations\\",\\"action\\":\\"deletePolicy\\",\\"region\\":\\"us-east-1\\",\\"parameters\\":{\\"PolicyId\\":\\"PHYSICAL:RESOURCEID:\\"}}",
        "InstallLatestAwsSdk": false,
        "ServiceToken": Object {
          "Fn::GetAtt": Array [
            "AWS679f53fac002430cb0da5b7982bd22872D164C4C",
            "Arn",
          ],
        },
        "Update": "{\\"service\\":\\"Organizations\\",\\"action\\":\\"updatePolicy\\",\\"region\\":\\"us-east-1\\",\\"parameters\\":{\\"Content\\":\\"{\\\\n\\\\\\"tags\\\\\\":{\\\\n\\\\\\"CostCenter\\\\\\":{\\\\n\\\\\\"tag_key\\\\\\":{\\\\n\\\\\\"@@assign\\\\\\":\\\\\\"CostCenter\\\\\\"\\\\n}\\\\n}\\\\n}\\\\n}\\",\\"Description\\":\\"Defines the CostCenter tag key\\",\\"Name\\":\\"CostCenterTag\\",\\"PolicyId\\":\\"PHYSICAL:RESOURCEID:\\"},\\"outputPaths\\":[\\"Policy.PolicySummary.Id\\"],\\"physicalResourceId\\":{\\"responsePath\\":\\"Policy.PolicySummary.Id\\"}}",
      },
      "Type": "Custom::Organizations_Policy",
      "UpdateReplacePolicy": "Delete",
    },
    "TagPolicyPolicyCustomResourceCustomResourcePolicyBC4C6C1B": Object {
      "Properties": Object {
        "PolicyDocument": Object {
          "Statement": Array [
            Object {
              "Action": "organizations:CreatePolicy",
              "Effect": "Allow",
              "Resource": "*",
            },
            Object {
              "Action": "organizations:UpdatePolicy",
              "Effect": "Allow",
              "Resource": "*",
            },
            Object {
              "Action": "organizations:DeletePolicy",
              "Effect": "Allow",
              "Resource": "*",
            },
          ],
          "Version": "2012-10-17",
        },
        "PolicyName": "TagPolicyPolicyCustomResourceCustomResourcePolicyBC4C6C1B",
        "Roles": Array [
          Object {
            "Ref": "AWS679f53fac002430cb0da5b7982bd2287ServiceRoleC1EA0FF2",
          },
        ],
      },
      "Type": "AWS::IAM::Policy",
    },
    "TagPolicyTagsTagResource71A94A6C": Object {
      "DeletionPolicy": "Delete",
      "DependsOn": Array [
        "TagPolicyPolicyCustomResourceCustomResourcePolicyBC4C6C1B",
        "TagPolicyPolicyCustomResource70E64110",
      ],
      "Properties": Object {
        "ResourceId": Object {
          "Fn::GetAtt": Array [
            "TagPolicyPolicyCustomResource70E64110",
            "Policy.PolicySummary.Id",
          ],
        },
        "ServiceToken": Object {
          "Fn::GetAtt": Array [
            "cdkorganizationsTagResourceProviderNestedStackcdkorganizationsTagResourceProviderNestedStackResourceA7B8DF96",
            "Outputs.cdkorganizationsTagResourceProviderframeworkonEventDD009DFBArn",
          ],
        },
      },
      "Type": "Custom::Organizations_TagResource",
      "UpdateReplacePolicy": "Delete",
    },
    "cdkorganizationsAccountProviderNestedStackcdkorganizationsAccountProviderNestedStackResourceA1C2E3D5": Object {
      "DeletionPolicy": "Delete",
      "Properties": Object {
        "TemplateURL": Object {
          "Fn::Join": Array [
            "",
            Array [
              "https://s3.us-east-1.",
              Object {
                "Ref": "AWS::URLSuffix",
              },
              "/cdk-hnb659fds-assets-123456789012-us-east-1/fa65bc6036fb24fbb6c003ce72ff3451c9cae1dec95c9454cb4c8ac4f49e1071.json",
            ],
          ],
        },
      },
      "Type": "AWS::CloudFormation::Stack",
      "UpdateReplacePolicy": "Delete",
    },
    "cdkorganizationsOrganizationProviderNestedStackcdkorganizationsOrganizationProviderNestedStackResourceE0751832": Object {
      "DeletionPolicy": "Delete",
      "Properties": Object {
        "TemplateURL": Object {
          "Fn::Join": Array [
            "",
            Array [
              "https://s3.us-east-1.",
              Object {
                "Ref": "AWS::URLSuffix",
              },
              "/cdk-hnb659fds-assets-123456789012-us-east-1/3ebe09d5ee582ca8a789922de48f206850eaf66e93d606beacc5683e9d5295c6.json",
            ],
          ],
        },
      },
      "Type": "AWS::CloudFormation::Stack",
      "UpdateReplacePolicy": "Delete",
    },
    "cdkorganizationsOrganizationalUnitProviderNestedStackcdkorganizationsOrganizationalUnitProviderNestedStackResource4FB360EE": Object {
      "DeletionPolicy": "Delete",
      "Properties": Object {
        "TemplateURL": Object {
          "Fn::Join": Array [
            "",
            Array [
              "https://s3.us-east-1.",
              Object {
                "Ref": "AWS::URLSuffix",
              },
              "/cdk-hnb659fds-assets-123456789012-us-east-1/ae32e6bc9f3a7446a62da5622b6af4511b0f86704199e6c018c607e942633bf4.json",
            ],
          ],
        },
      },
      "Type": "AWS::CloudFormation::Stack",
      "UpdateReplacePolicy": "Delete",
    },
    "cdkorganizationsTagResourceProviderNestedStackcdkorganizationsTagResourceProviderNestedStackResourceA7B8DF96": Object {
      "DeletionPolicy": "Delete",
      "Properties": Object {
        "TemplateURL": Object {
          "Fn::Join": Array [
            "",
            Array [
              "https://s3.us-east-1.",
              Object {
                "Ref": "AWS::URLSuffix",
              },
              "/cdk-hnb659fds-assets-123456789012-us-east-1/1b93012ef60fe04a6bce3db6f2abf223160f3417a2b51feee7397b34c61d4223.json",
            ],
          ],
        },
      },
      "Type": "AWS::CloudFormation::Stack",
      "UpdateReplacePolicy": "Delete",
    },
  },
}
`;
