// Jest Snapshot v1, https://goo.gl/fbAQLP

exports[`integ.default Should match snapshot 1`] = `
Object {
  "Parameters": Object {
    "BootstrapVersion": Object {
      "Default": "/cdk-bootstrap/hnb659fds/version",
      "Description": "Version of the CDK Bootstrap resources in this environment, automatically retrieved from SSM Parameter Store. [cdk:skip]",
      "Type": "AWS::SSM::Parameter::Value<String>",
    },
  },
  "Resources": Object {
    "AWS679f53fac002430cb0da5b7982bd22872D164C4C": Object {
      "DependsOn": Array [
        "AWS679f53fac002430cb0da5b7982bd2287ServiceRoleC1EA0FF2",
      ],
      "Properties": Object {
        "Code": Object {
          "S3Bucket": Object {
            "Fn::Sub": "cdk-hnb659fds-assets-\${AWS::AccountId}-\${AWS::Region}",
          },
          "S3Key": "4a575666d1c2c6412590d2a56f328e040a81ad1ef59aecee31ae9b393d05f659.zip",
        },
        "Handler": "index.handler",
        "Role": Object {
          "Fn::GetAtt": Array [
            "AWS679f53fac002430cb0da5b7982bd2287ServiceRoleC1EA0FF2",
            "Arn",
          ],
        },
        "Runtime": "nodejs12.x",
        "Tags": Array [
          Object {
            "Key": "tagKey",
            "Value": "tagValue",
          },
        ],
        "Timeout": 120,
      },
      "Type": "AWS::Lambda::Function",
    },
    "AWS679f53fac002430cb0da5b7982bd2287ServiceRoleC1EA0FF2": Object {
      "Properties": Object {
        "AssumeRolePolicyDocument": Object {
          "Statement": Array [
            Object {
              "Action": "sts:AssumeRole",
              "Effect": "Allow",
              "Principal": Object {
                "Service": "lambda.amazonaws.com",
              },
            },
          ],
          "Version": "2012-10-17",
        },
        "ManagedPolicyArns": Array [
          Object {
            "Fn::Join": Array [
              "",
              Array [
                "arn:",
                Object {
                  "Ref": "AWS::Partition",
                },
                ":iam::aws:policy/service-role/AWSLambdaBasicExecutionRole",
              ],
            ],
          },
        ],
        "Tags": Array [
          Object {
            "Key": "tagKey",
            "Value": "tagValue",
          },
        ],
      },
      "Type": "AWS::IAM::Role",
    },
    "EnablePolicyTypeEnablePolicyTypeCustomResource00A3BBE7": Object {
      "DeletionPolicy": "Delete",
      "DependsOn": Array [
        "EnablePolicyTypeEnablePolicyTypeCustomResourceCustomResourcePolicy556AC066",
      ],
      "Properties": Object {
        "Create": Object {
          "Fn::Join": Array [
            "",
            Array [
              "{\\"service\\":\\"Organizations\\",\\"action\\":\\"enablePolicyType\\",\\"region\\":\\"us-east-1\\",\\"physicalResourceId\\":{\\"id\\":\\"",
              Object {
                "Fn::GetAtt": Array [
                  "OrganizationRootRootCustomResourceBB74F060",
                  "Roots.0.Id",
                ],
              },
              ":SERVICE_CONTROL_POLICY\\"},\\"parameters\\":{\\"RootId\\":\\"",
              Object {
                "Fn::GetAtt": Array [
                  "OrganizationRootRootCustomResourceBB74F060",
                  "Roots.0.Id",
                ],
              },
              "\\",\\"PolicyType\\":\\"SERVICE_CONTROL_POLICY\\"}}",
            ],
          ],
        },
        "Delete": Object {
          "Fn::Join": Array [
            "",
            Array [
              "{\\"service\\":\\"Organizations\\",\\"action\\":\\"disablePolicyType\\",\\"region\\":\\"us-east-1\\",\\"parameters\\":{\\"RootId\\":\\"",
              Object {
                "Fn::GetAtt": Array [
                  "OrganizationRootRootCustomResourceBB74F060",
                  "Roots.0.Id",
                ],
              },
              "\\",\\"PolicyType\\":\\"SERVICE_CONTROL_POLICY\\"}}",
            ],
          ],
        },
        "InstallLatestAwsSdk": false,
        "ServiceToken": Object {
          "Fn::GetAtt": Array [
            "AWS679f53fac002430cb0da5b7982bd22872D164C4C",
            "Arn",
          ],
        },
      },
      "Type": "Custom::Organizations_EnablePolicyType",
      "UpdateReplacePolicy": "Delete",
    },
    "EnablePolicyTypeEnablePolicyTypeCustomResourceCustomResourcePolicy556AC066": Object {
      "Properties": Object {
        "PolicyDocument": Object {
          "Statement": Array [
            Object {
              "Action": "organizations:EnablePolicyType",
              "Effect": "Allow",
              "Resource": "*",
            },
            Object {
              "Action": "organizations:DisablePolicyType",
              "Effect": "Allow",
              "Resource": "*",
            },
          ],
          "Version": "2012-10-17",
        },
        "PolicyName": "EnablePolicyTypeEnablePolicyTypeCustomResourceCustomResourcePolicy556AC066",
        "Roles": Array [
          Object {
            "Ref": "AWS679f53fac002430cb0da5b7982bd2287ServiceRoleC1EA0FF2",
          },
        ],
      },
      "Type": "AWS::IAM::Policy",
    },
    "ImportedAccountCreateAccount0DDC7950": Object {
      "DeletionPolicy": "Delete",
      "Properties": Object {
        "AccountName": "test",
        "Email": "info+integ-test@pepperize.com",
        "IamUserAccessToBilling": "ALLOW",
        "ImportOnDuplicate": "true",
        "ParentId": Object {
          "Fn::GetAtt": Array [
            "OrganizationRootRootCustomResourceBB74F060",
            "Roots.0.Id",
          ],
        },
        "RemovalPolicy": "retain",
        "RoleName": "OrganizationAccountAccessRole",
        "ServiceToken": Object {
          "Fn::GetAtt": Array [
            "ImportedAccountcdkorganizationsAccountProviderNestedStackcdkorganizationsAccountProviderNestedStackResourceEF61F130",
            "Outputs.ImportedAccountcdkorganizationsAccountProviderframeworkonEvent474E275FArn",
          ],
        },
      },
      "Type": "Custom::Organizations_Account",
      "UpdateReplacePolicy": "Delete",
    },
    "ImportedAccountDelegateConfigAmazonawsComDelegatedAdministratorCustomResourceCustomResourcePolicyA6F85B48": Object {
      "DependsOn": Array [
        "ImportedAccountCreateAccount0DDC7950",
      ],
      "Properties": Object {
        "PolicyDocument": Object {
          "Statement": Array [
            Object {
              "Action": "organizations:RegisterDelegatedAdministrator",
              "Effect": "Allow",
              "Resource": "*",
            },
          ],
          "Version": "2012-10-17",
        },
        "PolicyName": "ImportedAccountDelegateConfigAmazonawsComDelegatedAdministratorCustomResourceCustomResourcePolicyA6F85B48",
        "Roles": Array [
          Object {
            "Ref": "AWS679f53fac002430cb0da5b7982bd2287ServiceRoleC1EA0FF2",
          },
        ],
      },
      "Type": "AWS::IAM::Policy",
    },
    "ImportedAccountDelegateConfigAmazonawsComDelegatedAdministratorCustomResourceEA9B3A5B": Object {
      "DeletionPolicy": "Delete",
      "DependsOn": Array [
        "ImportedAccountCreateAccount0DDC7950",
        "ImportedAccountDelegateConfigAmazonawsComDelegatedAdministratorCustomResourceCustomResourcePolicyA6F85B48",
      ],
      "Properties": Object {
        "Create": Object {
          "Fn::Join": Array [
            "",
            Array [
              "{\\"service\\":\\"Organizations\\",\\"action\\":\\"registerDelegatedAdministrator\\",\\"region\\":\\"us-east-1\\",\\"physicalResourceId\\":{\\"id\\":\\"",
              Object {
                "Fn::GetAtt": Array [
                  "ImportedAccountCreateAccount0DDC7950",
                  "AccountId",
                ],
              },
              ":config.amazonaws.com\\"},\\"parameters\\":{\\"AccountId\\":\\"",
              Object {
                "Fn::GetAtt": Array [
                  "ImportedAccountCreateAccount0DDC7950",
                  "AccountId",
                ],
              },
              "\\",\\"ServicePrincipal\\":\\"config.amazonaws.com\\"}}",
            ],
          ],
        },
        "Delete": Object {
          "Fn::Join": Array [
            "",
            Array [
              "{\\"service\\":\\"Organizations\\",\\"action\\":\\"registerDelegatedAdministrator\\",\\"region\\":\\"us-east-1\\",\\"parameters\\":{\\"AccountId\\":\\"",
              Object {
                "Fn::GetAtt": Array [
                  "ImportedAccountCreateAccount0DDC7950",
                  "AccountId",
                ],
              },
              "\\",\\"ServicePrincipal\\":\\"config.amazonaws.com\\"}}",
            ],
          ],
        },
        "InstallLatestAwsSdk": false,
        "ServiceToken": Object {
          "Fn::GetAtt": Array [
            "AWS679f53fac002430cb0da5b7982bd22872D164C4C",
            "Arn",
          ],
        },
      },
      "Type": "Custom::Organizations_DelegatedAdministrator",
      "UpdateReplacePolicy": "Delete",
    },
    "ImportedAccountDelegateServiceAbbreviationAmazonawsComDelegatedAdministratorCustomResource513A981D": Object {
      "DeletionPolicy": "Delete",
      "DependsOn": Array [
        "ImportedAccountCreateAccount0DDC7950",
        "ImportedAccountDelegateServiceAbbreviationAmazonawsComDelegatedAdministratorCustomResourceCustomResourcePolicy46D1A807",
      ],
      "Properties": Object {
        "Create": Object {
          "Fn::Join": Array [
            "",
            Array [
              "{\\"service\\":\\"Organizations\\",\\"action\\":\\"registerDelegatedAdministrator\\",\\"region\\":\\"us-east-1\\",\\"physicalResourceId\\":{\\"id\\":\\"",
              Object {
                "Fn::GetAtt": Array [
                  "ImportedAccountCreateAccount0DDC7950",
                  "AccountId",
                ],
              },
              ":service-abbreviation.amazonaws.com\\"},\\"parameters\\":{\\"AccountId\\":\\"",
              Object {
                "Fn::GetAtt": Array [
                  "ImportedAccountCreateAccount0DDC7950",
                  "AccountId",
                ],
              },
              "\\",\\"ServicePrincipal\\":\\"service-abbreviation.amazonaws.com\\"}}",
            ],
          ],
        },
        "Delete": Object {
          "Fn::Join": Array [
            "",
            Array [
              "{\\"service\\":\\"Organizations\\",\\"action\\":\\"registerDelegatedAdministrator\\",\\"region\\":\\"us-east-1\\",\\"parameters\\":{\\"AccountId\\":\\"",
              Object {
                "Fn::GetAtt": Array [
                  "ImportedAccountCreateAccount0DDC7950",
                  "AccountId",
                ],
              },
              "\\",\\"ServicePrincipal\\":\\"service-abbreviation.amazonaws.com\\"}}",
            ],
          ],
        },
        "InstallLatestAwsSdk": false,
        "ServiceToken": Object {
          "Fn::GetAtt": Array [
            "AWS679f53fac002430cb0da5b7982bd22872D164C4C",
            "Arn",
          ],
        },
      },
      "Type": "Custom::Organizations_DelegatedAdministrator",
      "UpdateReplacePolicy": "Delete",
    },
    "ImportedAccountDelegateServiceAbbreviationAmazonawsComDelegatedAdministratorCustomResourceCustomResourcePolicy46D1A807": Object {
      "DependsOn": Array [
        "ImportedAccountCreateAccount0DDC7950",
      ],
      "Properties": Object {
        "PolicyDocument": Object {
          "Statement": Array [
            Object {
              "Action": "organizations:RegisterDelegatedAdministrator",
              "Effect": "Allow",
              "Resource": "*",
            },
          ],
          "Version": "2012-10-17",
        },
        "PolicyName": "ImportedAccountDelegateServiceAbbreviationAmazonawsComDelegatedAdministratorCustomResourceCustomResourcePolicy46D1A807",
        "Roles": Array [
          Object {
            "Ref": "AWS679f53fac002430cb0da5b7982bd2287ServiceRoleC1EA0FF2",
          },
        ],
      },
      "Type": "AWS::IAM::Policy",
    },
    "ImportedAccountDelegateStacksetsCloudformationAmazonawsComDelegatedAdministratorCustomResource8EC61813": Object {
      "DeletionPolicy": "Delete",
      "DependsOn": Array [
        "ImportedAccountCreateAccount0DDC7950",
        "ImportedAccountDelegateStacksetsCloudformationAmazonawsComDelegatedAdministratorCustomResourceCustomResourcePolicy3C86DE9E",
      ],
      "Properties": Object {
        "Create": Object {
          "Fn::Join": Array [
            "",
            Array [
              "{\\"service\\":\\"Organizations\\",\\"action\\":\\"registerDelegatedAdministrator\\",\\"region\\":\\"us-east-1\\",\\"physicalResourceId\\":{\\"id\\":\\"",
              Object {
                "Fn::GetAtt": Array [
                  "ImportedAccountCreateAccount0DDC7950",
                  "AccountId",
                ],
              },
              ":stacksets.cloudformation.amazonaws.com\\"},\\"parameters\\":{\\"AccountId\\":\\"",
              Object {
                "Fn::GetAtt": Array [
                  "ImportedAccountCreateAccount0DDC7950",
                  "AccountId",
                ],
              },
              "\\",\\"ServicePrincipal\\":\\"stacksets.cloudformation.amazonaws.com\\"}}",
            ],
          ],
        },
        "Delete": Object {
          "Fn::Join": Array [
            "",
            Array [
              "{\\"service\\":\\"Organizations\\",\\"action\\":\\"registerDelegatedAdministrator\\",\\"region\\":\\"us-east-1\\",\\"parameters\\":{\\"AccountId\\":\\"",
              Object {
                "Fn::GetAtt": Array [
                  "ImportedAccountCreateAccount0DDC7950",
                  "AccountId",
                ],
              },
              "\\",\\"ServicePrincipal\\":\\"stacksets.cloudformation.amazonaws.com\\"}}",
            ],
          ],
        },
        "InstallLatestAwsSdk": false,
        "ServiceToken": Object {
          "Fn::GetAtt": Array [
            "AWS679f53fac002430cb0da5b7982bd22872D164C4C",
            "Arn",
          ],
        },
      },
      "Type": "Custom::Organizations_DelegatedAdministrator",
      "UpdateReplacePolicy": "Delete",
    },
    "ImportedAccountDelegateStacksetsCloudformationAmazonawsComDelegatedAdministratorCustomResourceCustomResourcePolicy3C86DE9E": Object {
      "DependsOn": Array [
        "ImportedAccountCreateAccount0DDC7950",
      ],
      "Properties": Object {
        "PolicyDocument": Object {
          "Statement": Array [
            Object {
              "Action": "organizations:RegisterDelegatedAdministrator",
              "Effect": "Allow",
              "Resource": "*",
            },
          ],
          "Version": "2012-10-17",
        },
        "PolicyName": "ImportedAccountDelegateStacksetsCloudformationAmazonawsComDelegatedAdministratorCustomResourceCustomResourcePolicy3C86DE9E",
        "Roles": Array [
          Object {
            "Ref": "AWS679f53fac002430cb0da5b7982bd2287ServiceRoleC1EA0FF2",
          },
        ],
      },
      "Type": "AWS::IAM::Policy",
    },
    "ImportedAccountTagsTagResourceEAA2977A": Object {
      "DeletionPolicy": "Delete",
      "DependsOn": Array [
        "ImportedAccountCreateAccount0DDC7950",
      ],
      "Properties": Object {
        "ResourceId": Object {
          "Fn::GetAtt": Array [
            "ImportedAccountCreateAccount0DDC7950",
            "AccountId",
          ],
        },
        "ServiceToken": Object {
          "Fn::GetAtt": Array [
            "ImportedAccountTagscdkorganizationsTagResourceProviderNestedStackcdkorganizationsTagResourceProviderNestedStackResource03888921",
            "Outputs.ImportedAccountTagscdkorganizationsTagResourceProviderframeworkonEvent78D71572Arn",
          ],
        },
        "Tags": Array [
          Object {
            "Key": "tagKey",
            "Value": "tagValue",
          },
        ],
      },
      "Type": "Custom::Organizations_TagResource",
      "UpdateReplacePolicy": "Delete",
    },
    "ImportedAccountTagscdkorganizationsTagResourceProviderNestedStackcdkorganizationsTagResourceProviderNestedStackResource03888921": Object {
      "DeletionPolicy": "Delete",
      "DependsOn": Array [
        "ImportedAccountCreateAccount0DDC7950",
      ],
      "Properties": Object {
        "Tags": Array [
          Object {
            "Key": "tagKey",
            "Value": "tagValue",
          },
        ],
        "TemplateURL": Object {
          "Fn::Join": Array [
            "",
            Array [
              "https://s3.",
              Object {
                "Ref": "AWS::Region",
              },
              ".",
              Object {
                "Ref": "AWS::URLSuffix",
              },
              "/",
              Object {
                "Fn::Sub": "cdk-hnb659fds-assets-\${AWS::AccountId}-\${AWS::Region}",
              },
              "/2072a90cdfee036bfff6dd136d01d34857935f01d148b157f4fa06b937406a79.json",
            ],
          ],
        },
      },
      "Type": "AWS::CloudFormation::Stack",
      "UpdateReplacePolicy": "Delete",
    },
    "ImportedAccountcdkorganizationsAccountProviderNestedStackcdkorganizationsAccountProviderNestedStackResourceEF61F130": Object {
      "DeletionPolicy": "Delete",
      "Properties": Object {
        "Tags": Array [
          Object {
            "Key": "tagKey",
            "Value": "tagValue",
          },
        ],
        "TemplateURL": Object {
          "Fn::Join": Array [
            "",
            Array [
              "https://s3.",
              Object {
                "Ref": "AWS::Region",
              },
              ".",
              Object {
                "Ref": "AWS::URLSuffix",
              },
              "/",
              Object {
                "Fn::Sub": "cdk-hnb659fds-assets-\${AWS::AccountId}-\${AWS::Region}",
              },
              "/a75db9ebf15fee12a42b9e16a84a524867c6945f5a98a21474e3719b21773387.json",
            ],
          ],
        },
      },
      "Type": "AWS::CloudFormation::Stack",
      "UpdateReplacePolicy": "Delete",
    },
    "Organization06E16095": Object {
      "DeletionPolicy": "Delete",
      "Properties": Object {
        "FeatureSet": "ALL",
        "ServiceToken": Object {
          "Fn::GetAtt": Array [
            "OrganizationcdkorganizationsOrganizationProviderNestedStackcdkorganizationsOrganizationProviderNestedStackResource87A8ECA1",
            "Outputs.OrganizationcdkorganizationsOrganizationProviderframeworkonEvent078603E1Arn",
          ],
        },
      },
      "Type": "Custom::Organizations_Organization",
      "UpdateReplacePolicy": "Delete",
    },
    "OrganizationEnableConfigMultiaccountsetupAmazonawsComEnableAwsServiceAccessCustomResource3A59621B": Object {
      "DeletionPolicy": "Delete",
      "DependsOn": Array [
        "OrganizationEnableConfigMultiaccountsetupAmazonawsComEnableAwsServiceAccessCustomResourceCustomResourcePolicy2A524CEE",
        "Organization06E16095",
      ],
      "Properties": Object {
        "Create": "{\\"service\\":\\"Organizations\\",\\"action\\":\\"enableAWSServiceAccess\\",\\"region\\":\\"us-east-1\\",\\"physicalResourceId\\":{\\"id\\":\\"config-multiaccountsetup.amazonaws.com\\"},\\"parameters\\":{\\"ServicePrincipal\\":\\"config-multiaccountsetup.amazonaws.com\\"}}",
        "Delete": "{\\"service\\":\\"Organizations\\",\\"action\\":\\"disableAWSServiceAccess\\",\\"region\\":\\"us-east-1\\",\\"parameters\\":{\\"ServicePrincipal\\":\\"config-multiaccountsetup.amazonaws.com\\"}}",
        "InstallLatestAwsSdk": false,
        "ServiceToken": Object {
          "Fn::GetAtt": Array [
            "AWS679f53fac002430cb0da5b7982bd22872D164C4C",
            "Arn",
          ],
        },
      },
      "Type": "Custom::Organizations_EnableAwsServiceAccess",
      "UpdateReplacePolicy": "Delete",
    },
    "OrganizationEnableConfigMultiaccountsetupAmazonawsComEnableAwsServiceAccessCustomResourceCustomResourcePolicy2A524CEE": Object {
      "DependsOn": Array [
        "Organization06E16095",
      ],
      "Properties": Object {
        "PolicyDocument": Object {
          "Statement": Array [
            Object {
              "Action": "organizations:EnableAWSServiceAccess",
              "Effect": "Allow",
              "Resource": "*",
            },
            Object {
              "Action": "organizations:DisableAWSServiceAccess",
              "Effect": "Allow",
              "Resource": "*",
            },
          ],
          "Version": "2012-10-17",
        },
        "PolicyName": "OrganizationEnableConfigMultiaccountsetupAmazonawsComEnableAwsServiceAccessCustomResourceCustomResourcePolicy2A524CEE",
        "Roles": Array [
          Object {
            "Ref": "AWS679f53fac002430cb0da5b7982bd2287ServiceRoleC1EA0FF2",
          },
        ],
      },
      "Type": "AWS::IAM::Policy",
    },
    "OrganizationEnableServiceAbbreviationAmazonawsComEnableAwsServiceAccessCustomResource8698F17F": Object {
      "DeletionPolicy": "Delete",
      "DependsOn": Array [
        "OrganizationEnableServiceAbbreviationAmazonawsComEnableAwsServiceAccessCustomResourceCustomResourcePolicy47A0A099",
        "Organization06E16095",
      ],
      "Properties": Object {
        "Create": "{\\"service\\":\\"Organizations\\",\\"action\\":\\"enableAWSServiceAccess\\",\\"region\\":\\"us-east-1\\",\\"physicalResourceId\\":{\\"id\\":\\"service-abbreviation.amazonaws.com\\"},\\"parameters\\":{\\"ServicePrincipal\\":\\"service-abbreviation.amazonaws.com\\"}}",
        "Delete": "{\\"service\\":\\"Organizations\\",\\"action\\":\\"disableAWSServiceAccess\\",\\"region\\":\\"us-east-1\\",\\"parameters\\":{\\"ServicePrincipal\\":\\"service-abbreviation.amazonaws.com\\"}}",
        "InstallLatestAwsSdk": false,
        "ServiceToken": Object {
          "Fn::GetAtt": Array [
            "AWS679f53fac002430cb0da5b7982bd22872D164C4C",
            "Arn",
          ],
        },
      },
      "Type": "Custom::Organizations_EnableAwsServiceAccess",
      "UpdateReplacePolicy": "Delete",
    },
    "OrganizationEnableServiceAbbreviationAmazonawsComEnableAwsServiceAccessCustomResourceCustomResourcePolicy47A0A099": Object {
      "DependsOn": Array [
        "Organization06E16095",
      ],
      "Properties": Object {
        "PolicyDocument": Object {
          "Statement": Array [
            Object {
              "Action": "organizations:EnableAWSServiceAccess",
              "Effect": "Allow",
              "Resource": "*",
            },
            Object {
              "Action": "organizations:DisableAWSServiceAccess",
              "Effect": "Allow",
              "Resource": "*",
            },
          ],
          "Version": "2012-10-17",
        },
        "PolicyName": "OrganizationEnableServiceAbbreviationAmazonawsComEnableAwsServiceAccessCustomResourceCustomResourcePolicy47A0A099",
        "Roles": Array [
          Object {
            "Ref": "AWS679f53fac002430cb0da5b7982bd2287ServiceRoleC1EA0FF2",
          },
        ],
      },
      "Type": "AWS::IAM::Policy",
    },
    "OrganizationEnableSsmAmazonawsComEnableAwsServiceAccessCustomResource4E491170": Object {
      "DeletionPolicy": "Delete",
      "DependsOn": Array [
        "OrganizationEnableSsmAmazonawsComEnableAwsServiceAccessCustomResourceCustomResourcePolicy8BE3ED27",
        "Organization06E16095",
      ],
      "Properties": Object {
        "Create": "{\\"service\\":\\"Organizations\\",\\"action\\":\\"enableAWSServiceAccess\\",\\"region\\":\\"us-east-1\\",\\"physicalResourceId\\":{\\"id\\":\\"ssm.amazonaws.com\\"},\\"parameters\\":{\\"ServicePrincipal\\":\\"ssm.amazonaws.com\\"}}",
        "Delete": "{\\"service\\":\\"Organizations\\",\\"action\\":\\"disableAWSServiceAccess\\",\\"region\\":\\"us-east-1\\",\\"parameters\\":{\\"ServicePrincipal\\":\\"ssm.amazonaws.com\\"}}",
        "InstallLatestAwsSdk": false,
        "ServiceToken": Object {
          "Fn::GetAtt": Array [
            "AWS679f53fac002430cb0da5b7982bd22872D164C4C",
            "Arn",
          ],
        },
      },
      "Type": "Custom::Organizations_EnableAwsServiceAccess",
      "UpdateReplacePolicy": "Delete",
    },
    "OrganizationEnableSsmAmazonawsComEnableAwsServiceAccessCustomResourceCustomResourcePolicy8BE3ED27": Object {
      "DependsOn": Array [
        "Organization06E16095",
      ],
      "Properties": Object {
        "PolicyDocument": Object {
          "Statement": Array [
            Object {
              "Action": "organizations:EnableAWSServiceAccess",
              "Effect": "Allow",
              "Resource": "*",
            },
            Object {
              "Action": "organizations:DisableAWSServiceAccess",
              "Effect": "Allow",
              "Resource": "*",
            },
          ],
          "Version": "2012-10-17",
        },
        "PolicyName": "OrganizationEnableSsmAmazonawsComEnableAwsServiceAccessCustomResourceCustomResourcePolicy8BE3ED27",
        "Roles": Array [
          Object {
            "Ref": "AWS679f53fac002430cb0da5b7982bd2287ServiceRoleC1EA0FF2",
          },
        ],
      },
      "Type": "AWS::IAM::Policy",
    },
    "OrganizationRootRootCustomResourceBB74F060": Object {
      "DeletionPolicy": "Delete",
      "DependsOn": Array [
        "Organization06E16095",
        "OrganizationRootRootCustomResourceCustomResourcePolicyB45F831E",
      ],
      "Properties": Object {
        "Create": "{\\"service\\":\\"Organizations\\",\\"action\\":\\"listRoots\\",\\"region\\":\\"us-east-1\\",\\"physicalResourceId\\":{\\"responsePath\\":\\"Roots.0.Id\\"}}",
        "Delete": "{\\"service\\":\\"Organizations\\",\\"action\\":\\"listRoots\\",\\"region\\":\\"us-east-1\\"}",
        "InstallLatestAwsSdk": false,
        "ServiceToken": Object {
          "Fn::GetAtt": Array [
            "AWS679f53fac002430cb0da5b7982bd22872D164C4C",
            "Arn",
          ],
        },
        "Update": "{\\"service\\":\\"Organizations\\",\\"action\\":\\"listRoots\\",\\"region\\":\\"us-east-1\\",\\"physicalResourceId\\":{\\"responsePath\\":\\"Roots.0.Id\\"}}",
      },
      "Type": "Custom::Organizations_Root",
      "UpdateReplacePolicy": "Delete",
    },
    "OrganizationRootRootCustomResourceCustomResourcePolicyB45F831E": Object {
      "DependsOn": Array [
        "Organization06E16095",
      ],
      "Properties": Object {
        "PolicyDocument": Object {
          "Statement": Array [
            Object {
              "Action": "organizations:ListRoots",
              "Effect": "Allow",
              "Resource": "*",
            },
          ],
          "Version": "2012-10-17",
        },
        "PolicyName": "OrganizationRootRootCustomResourceCustomResourcePolicyB45F831E",
        "Roles": Array [
          Object {
            "Ref": "AWS679f53fac002430cb0da5b7982bd2287ServiceRoleC1EA0FF2",
          },
        ],
      },
      "Type": "AWS::IAM::Policy",
    },
    "OrganizationRootTagsTagResourceCBEA7B2F": Object {
      "DeletionPolicy": "Delete",
      "DependsOn": Array [
        "Organization06E16095",
        "OrganizationRootRootCustomResourceCustomResourcePolicyB45F831E",
        "OrganizationRootRootCustomResourceBB74F060",
      ],
      "Properties": Object {
        "ResourceId": Object {
          "Fn::GetAtt": Array [
            "OrganizationRootRootCustomResourceBB74F060",
            "Roots.0.Id",
          ],
        },
        "ServiceToken": Object {
          "Fn::GetAtt": Array [
            "OrganizationRootTagscdkorganizationsTagResourceProviderNestedStackcdkorganizationsTagResourceProviderNestedStackResource88CA0520",
            "Outputs.OrganizationRootTagscdkorganizationsTagResourceProviderframeworkonEventF7418996Arn",
          ],
        },
        "Tags": Array [
          Object {
            "Key": "tagKey",
            "Value": "tagValue",
          },
        ],
      },
      "Type": "Custom::Organizations_TagResource",
      "UpdateReplacePolicy": "Delete",
    },
    "OrganizationRootTagscdkorganizationsTagResourceProviderNestedStackcdkorganizationsTagResourceProviderNestedStackResource88CA0520": Object {
      "DeletionPolicy": "Delete",
      "DependsOn": Array [
        "Organization06E16095",
        "OrganizationRootRootCustomResourceCustomResourcePolicyB45F831E",
        "OrganizationRootRootCustomResourceBB74F060",
      ],
      "Properties": Object {
        "Tags": Array [
          Object {
            "Key": "tagKey",
            "Value": "tagValue",
          },
        ],
        "TemplateURL": Object {
          "Fn::Join": Array [
            "",
            Array [
              "https://s3.",
              Object {
                "Ref": "AWS::Region",
              },
              ".",
              Object {
                "Ref": "AWS::URLSuffix",
              },
              "/",
              Object {
                "Fn::Sub": "cdk-hnb659fds-assets-\${AWS::AccountId}-\${AWS::Region}",
              },
              "/7f4e4e311bcb68e65be7e4d2a30f86fd25e4383d8186f0953691be99d00f490d.json",
            ],
          ],
        },
      },
      "Type": "AWS::CloudFormation::Stack",
      "UpdateReplacePolicy": "Delete",
    },
    "OrganizationcdkorganizationsOrganizationProviderNestedStackcdkorganizationsOrganizationProviderNestedStackResource87A8ECA1": Object {
      "DeletionPolicy": "Delete",
      "Properties": Object {
        "Tags": Array [
          Object {
            "Key": "tagKey",
            "Value": "tagValue",
          },
        ],
        "TemplateURL": Object {
          "Fn::Join": Array [
            "",
            Array [
              "https://s3.",
              Object {
                "Ref": "AWS::Region",
              },
              ".",
              Object {
                "Ref": "AWS::URLSuffix",
              },
              "/",
              Object {
                "Fn::Sub": "cdk-hnb659fds-assets-\${AWS::AccountId}-\${AWS::Region}",
              },
              "/4a9cb3ab6f3828f7b6967bcc2c8ca94a50a604090f15eebd44edd31f047b87df.json",
            ],
          ],
        },
      },
      "Type": "AWS::CloudFormation::Stack",
      "UpdateReplacePolicy": "Delete",
    },
    "PolicyAttachmentMoveAccountCustomResource45168EBC": Object {
      "DeletionPolicy": "Delete",
      "DependsOn": Array [
        "OrganizationRootRootCustomResourceCustomResourcePolicyB45F831E",
        "OrganizationRootRootCustomResourceBB74F060",
        "OrganizationRootTagscdkorganizationsTagResourceProviderNestedStackcdkorganizationsTagResourceProviderNestedStackResource88CA0520",
        "OrganizationRootTagsTagResourceCBEA7B2F",
        "PolicyPolicyCustomResourceCustomResourcePolicy05A7F4A4",
        "PolicyPolicyCustomResource79938510",
        "PolicyTagscdkorganizationsTagResourceProviderNestedStackcdkorganizationsTagResourceProviderNestedStackResourceDF6089CF",
        "PolicyTagsTagResource27BB67A1",
        "PolicyAttachmentMoveAccountCustomResourceCustomResourcePolicyA1269436",
      ],
      "Properties": Object {
        "Create": Object {
          "Fn::Join": Array [
            "",
            Array [
              "{\\"service\\":\\"Organizations\\",\\"action\\":\\"attachPolicy\\",\\"region\\":\\"us-east-1\\",\\"parameters\\":{\\"PolicyId\\":\\"",
              Object {
                "Fn::GetAtt": Array [
                  "PolicyPolicyCustomResource79938510",
                  "Policy.PolicySummary.Id",
                ],
              },
              "\\",\\"TargetId\\":\\"",
              Object {
                "Fn::GetAtt": Array [
                  "OrganizationRootRootCustomResourceBB74F060",
                  "Roots.0.Id",
                ],
              },
              "\\"},\\"physicalResourceId\\":{\\"id\\":\\"",
              Object {
                "Fn::GetAtt": Array [
                  "PolicyPolicyCustomResource79938510",
                  "Policy.PolicySummary.Id",
                ],
              },
              ":",
              Object {
                "Fn::GetAtt": Array [
                  "OrganizationRootRootCustomResourceBB74F060",
                  "Roots.0.Id",
                ],
              },
              "\\"}}",
            ],
          ],
        },
        "Delete": Object {
          "Fn::Join": Array [
            "",
            Array [
              "{\\"service\\":\\"Organizations\\",\\"action\\":\\"detachPolicy\\",\\"region\\":\\"us-east-1\\",\\"parameters\\":{\\"PolicyId\\":\\"",
              Object {
                "Fn::GetAtt": Array [
                  "PolicyPolicyCustomResource79938510",
                  "Policy.PolicySummary.Id",
                ],
              },
              "\\",\\"TargetId\\":\\"",
              Object {
                "Fn::GetAtt": Array [
                  "OrganizationRootRootCustomResourceBB74F060",
                  "Roots.0.Id",
                ],
              },
              "\\"},\\"physicalResourceId\\":{\\"id\\":\\"",
              Object {
                "Fn::GetAtt": Array [
                  "PolicyPolicyCustomResource79938510",
                  "Policy.PolicySummary.Id",
                ],
              },
              ":",
              Object {
                "Fn::GetAtt": Array [
                  "OrganizationRootRootCustomResourceBB74F060",
                  "Roots.0.Id",
                ],
              },
              "\\"}}",
            ],
          ],
        },
        "InstallLatestAwsSdk": false,
        "ServiceToken": Object {
          "Fn::GetAtt": Array [
            "AWS679f53fac002430cb0da5b7982bd22872D164C4C",
            "Arn",
          ],
        },
      },
      "Type": "Custom::AWS",
      "UpdateReplacePolicy": "Delete",
    },
    "PolicyAttachmentMoveAccountCustomResourceCustomResourcePolicyA1269436": Object {
      "DependsOn": Array [
        "OrganizationRootRootCustomResourceCustomResourcePolicyB45F831E",
        "OrganizationRootRootCustomResourceBB74F060",
        "OrganizationRootTagscdkorganizationsTagResourceProviderNestedStackcdkorganizationsTagResourceProviderNestedStackResource88CA0520",
        "OrganizationRootTagsTagResourceCBEA7B2F",
        "PolicyPolicyCustomResourceCustomResourcePolicy05A7F4A4",
        "PolicyPolicyCustomResource79938510",
        "PolicyTagscdkorganizationsTagResourceProviderNestedStackcdkorganizationsTagResourceProviderNestedStackResourceDF6089CF",
        "PolicyTagsTagResource27BB67A1",
      ],
      "Properties": Object {
        "PolicyDocument": Object {
          "Statement": Array [
            Object {
              "Action": "organizations:AttachPolicy",
              "Effect": "Allow",
              "Resource": "*",
            },
            Object {
              "Action": "organizations:DetachPolicy",
              "Effect": "Allow",
              "Resource": "*",
            },
          ],
          "Version": "2012-10-17",
        },
        "PolicyName": "PolicyAttachmentMoveAccountCustomResourceCustomResourcePolicyA1269436",
        "Roles": Array [
          Object {
            "Ref": "AWS679f53fac002430cb0da5b7982bd2287ServiceRoleC1EA0FF2",
          },
        ],
      },
      "Type": "AWS::IAM::Policy",
    },
    "PolicyPolicyCustomResource79938510": Object {
      "DeletionPolicy": "Delete",
      "DependsOn": Array [
        "PolicyPolicyCustomResourceCustomResourcePolicy05A7F4A4",
      ],
      "Properties": Object {
        "Create": "{\\"service\\":\\"Organizations\\",\\"action\\":\\"createPolicy\\",\\"region\\":\\"us-east-1\\",\\"parameters\\":{\\"Content\\":\\"{\\\\\\\\\\\\\\"Version\\\\\\\\\\\\\\":\\\\\\\\\\\\\\"2012-10-17\\\\\\\\\\\\\\",\\\\\\\\\\\\\\"Statement\\\\\\\\\\\\\\":{\\\\\\\\\\\\\\"Effect\\\\\\\\\\\\\\":\\\\\\\\\\\\\\"Allow\\\\\\\\\\\\\\",\\\\\\\\\\\\\\"Action\\\\\\\\\\\\\\":\\\\\\\\\\\\\\"s3:*\\\\\\\\\\\\\\"}}\\",\\"Description\\":\\"Enables admins of attached accounts to delegate all S3 permissions\\",\\"Name\\":\\"AllowAllS3Actions\\",\\"Type\\":\\"SERVICE_CONTROL_POLICY\\"},\\"physicalResourceId\\":{\\"responsePath\\":\\"Policy.PolicySummary.Id\\"}}",
        "Delete": "{\\"service\\":\\"Organizations\\",\\"action\\":\\"deletePolicy\\",\\"region\\":\\"us-east-1\\",\\"parameters\\":{\\"PolicyId\\":\\"PHYSICAL:RESOURCEID:\\"}}",
        "InstallLatestAwsSdk": false,
        "ServiceToken": Object {
          "Fn::GetAtt": Array [
            "AWS679f53fac002430cb0da5b7982bd22872D164C4C",
            "Arn",
          ],
        },
        "Update": "{\\"service\\":\\"Organizations\\",\\"action\\":\\"updatePolicy\\",\\"region\\":\\"us-east-1\\",\\"parameters\\":{\\"Content\\":\\"{\\\\\\\\\\\\\\"Version\\\\\\\\\\\\\\":\\\\\\\\\\\\\\"2012-10-17\\\\\\\\\\\\\\",\\\\\\\\\\\\\\"Statement\\\\\\\\\\\\\\":{\\\\\\\\\\\\\\"Effect\\\\\\\\\\\\\\":\\\\\\\\\\\\\\"Allow\\\\\\\\\\\\\\",\\\\\\\\\\\\\\"Action\\\\\\\\\\\\\\":\\\\\\\\\\\\\\"s3:*\\\\\\\\\\\\\\"}}\\",\\"Description\\":\\"Enables admins of attached accounts to delegate all S3 permissions\\",\\"Name\\":\\"AllowAllS3Actions\\",\\"PolicyId\\":\\"PHYSICAL:RESOURCEID:\\"},\\"physicalResourceId\\":{\\"responsePath\\":\\"Policy.PolicySummary.Id\\"}}",
      },
      "Type": "Custom::Organizations_Policy",
      "UpdateReplacePolicy": "Delete",
    },
    "PolicyPolicyCustomResourceCustomResourcePolicy05A7F4A4": Object {
      "Properties": Object {
        "PolicyDocument": Object {
          "Statement": Array [
            Object {
              "Action": "organizations:CreatePolicy",
              "Effect": "Allow",
              "Resource": "*",
            },
            Object {
              "Action": "organizations:UpdatePolicy",
              "Effect": "Allow",
              "Resource": "*",
            },
            Object {
              "Action": "organizations:DeletePolicy",
              "Effect": "Allow",
              "Resource": "*",
            },
          ],
          "Version": "2012-10-17",
        },
        "PolicyName": "PolicyPolicyCustomResourceCustomResourcePolicy05A7F4A4",
        "Roles": Array [
          Object {
            "Ref": "AWS679f53fac002430cb0da5b7982bd2287ServiceRoleC1EA0FF2",
          },
        ],
      },
      "Type": "AWS::IAM::Policy",
    },
    "PolicyTagsTagResource27BB67A1": Object {
      "DeletionPolicy": "Delete",
      "DependsOn": Array [
        "PolicyPolicyCustomResourceCustomResourcePolicy05A7F4A4",
        "PolicyPolicyCustomResource79938510",
      ],
      "Properties": Object {
        "ResourceId": Object {
          "Fn::GetAtt": Array [
            "PolicyPolicyCustomResource79938510",
            "Policy.PolicySummary.Id",
          ],
        },
        "ServiceToken": Object {
          "Fn::GetAtt": Array [
            "PolicyTagscdkorganizationsTagResourceProviderNestedStackcdkorganizationsTagResourceProviderNestedStackResourceDF6089CF",
            "Outputs.PolicyTagscdkorganizationsTagResourceProviderframeworkonEvent00CC85BFArn",
          ],
        },
        "Tags": Array [
          Object {
            "Key": "tagKey",
            "Value": "tagValue",
          },
        ],
      },
      "Type": "Custom::Organizations_TagResource",
      "UpdateReplacePolicy": "Delete",
    },
    "PolicyTagscdkorganizationsTagResourceProviderNestedStackcdkorganizationsTagResourceProviderNestedStackResourceDF6089CF": Object {
      "DeletionPolicy": "Delete",
      "DependsOn": Array [
        "PolicyPolicyCustomResourceCustomResourcePolicy05A7F4A4",
        "PolicyPolicyCustomResource79938510",
      ],
      "Properties": Object {
        "Tags": Array [
          Object {
            "Key": "tagKey",
            "Value": "tagValue",
          },
        ],
        "TemplateURL": Object {
          "Fn::Join": Array [
            "",
            Array [
              "https://s3.",
              Object {
                "Ref": "AWS::Region",
              },
              ".",
              Object {
                "Ref": "AWS::URLSuffix",
              },
              "/",
              Object {
                "Fn::Sub": "cdk-hnb659fds-assets-\${AWS::AccountId}-\${AWS::Region}",
              },
              "/d2e1fef42dfba2c29fae12f2a12d60b0c94f0b1d1b9b47b2b7d20f487cf9f35e.json",
            ],
          ],
        },
      },
      "Type": "AWS::CloudFormation::Stack",
      "UpdateReplacePolicy": "Delete",
    },
    "Project1AccountCreateAccount8A604AF1": Object {
      "DeletionPolicy": "Delete",
      "Properties": Object {
        "AccountName": "SharedAccount",
        "Email": "info+project1@pepperize.com",
        "IamUserAccessToBilling": "DENY",
        "ImportOnDuplicate": "true",
        "ParentId": Object {
          "Fn::GetAtt": Array [
            "ProjectsOUOrganizationProvider5CA5D400",
            "Id",
          ],
        },
        "RemovalPolicy": "retain",
        "RoleName": "OrganizationAccountAccessRole",
        "ServiceToken": Object {
          "Fn::GetAtt": Array [
            "Project1AccountcdkorganizationsAccountProviderNestedStackcdkorganizationsAccountProviderNestedStackResource9103135E",
            "Outputs.Project1AccountcdkorganizationsAccountProviderframeworkonEventBDBB560CArn",
          ],
        },
      },
      "Type": "Custom::Organizations_Account",
      "UpdateReplacePolicy": "Delete",
    },
    "Project1AccountTagsTagResource1020FD50": Object {
      "DeletionPolicy": "Delete",
      "DependsOn": Array [
        "Project1AccountCreateAccount8A604AF1",
      ],
      "Properties": Object {
        "ResourceId": Object {
          "Fn::GetAtt": Array [
            "Project1AccountCreateAccount8A604AF1",
            "AccountId",
          ],
        },
        "ServiceToken": Object {
          "Fn::GetAtt": Array [
            "Project1AccountTagscdkorganizationsTagResourceProviderNestedStackcdkorganizationsTagResourceProviderNestedStackResource1FE09678",
            "Outputs.Project1AccountTagscdkorganizationsTagResourceProviderframeworkonEvent4ED02E6DArn",
          ],
        },
        "Tags": Array [
          Object {
            "Key": "tagKey",
            "Value": "tagValue",
          },
        ],
      },
      "Type": "Custom::Organizations_TagResource",
      "UpdateReplacePolicy": "Delete",
    },
    "Project1AccountTagscdkorganizationsTagResourceProviderNestedStackcdkorganizationsTagResourceProviderNestedStackResource1FE09678": Object {
      "DeletionPolicy": "Delete",
      "DependsOn": Array [
        "Project1AccountCreateAccount8A604AF1",
      ],
      "Properties": Object {
        "Tags": Array [
          Object {
            "Key": "tagKey",
            "Value": "tagValue",
          },
        ],
        "TemplateURL": Object {
          "Fn::Join": Array [
            "",
            Array [
              "https://s3.",
              Object {
                "Ref": "AWS::Region",
              },
              ".",
              Object {
                "Ref": "AWS::URLSuffix",
              },
              "/",
              Object {
                "Fn::Sub": "cdk-hnb659fds-assets-\${AWS::AccountId}-\${AWS::Region}",
              },
              "/11a9bf6d5cf8e64bcd52cbde336f125f6ebb941dbe7a0bc3ae16ab474175a7fc.json",
            ],
          ],
        },
      },
      "Type": "AWS::CloudFormation::Stack",
      "UpdateReplacePolicy": "Delete",
    },
    "Project1AccountcdkorganizationsAccountProviderNestedStackcdkorganizationsAccountProviderNestedStackResource9103135E": Object {
      "DeletionPolicy": "Delete",
      "Properties": Object {
        "Tags": Array [
          Object {
            "Key": "tagKey",
            "Value": "tagValue",
          },
        ],
        "TemplateURL": Object {
          "Fn::Join": Array [
            "",
            Array [
              "https://s3.",
              Object {
                "Ref": "AWS::Region",
              },
              ".",
              Object {
                "Ref": "AWS::URLSuffix",
              },
              "/",
              Object {
                "Fn::Sub": "cdk-hnb659fds-assets-\${AWS::AccountId}-\${AWS::Region}",
              },
              "/624f9440d5adc232b36088b7a5d4fac7da1978d2a39540189ca8ec48b01287cc.json",
            ],
          ],
        },
      },
      "Type": "AWS::CloudFormation::Stack",
      "UpdateReplacePolicy": "Delete",
    },
    "Project2DevAccountCreateAccount52C0EFA9": Object {
      "DeletionPolicy": "Delete",
      "Properties": Object {
        "AccountName": "Project 2 Dev",
        "Email": "info+project2-dev@pepperize.com",
        "IamUserAccessToBilling": "ALLOW",
        "ImportOnDuplicate": "true",
        "ParentId": Object {
          "Fn::GetAtt": Array [
            "Project2OUOrganizationProviderA322B887",
            "Id",
          ],
        },
        "RemovalPolicy": "retain",
        "RoleName": "OrganizationAccountAccessRole",
        "ServiceToken": Object {
          "Fn::GetAtt": Array [
            "Project2DevAccountcdkorganizationsAccountProviderNestedStackcdkorganizationsAccountProviderNestedStackResource32511CFF",
            "Outputs.Project2DevAccountcdkorganizationsAccountProviderframeworkonEventECFE4EF0Arn",
          ],
        },
      },
      "Type": "Custom::Organizations_Account",
      "UpdateReplacePolicy": "Delete",
    },
    "Project2DevAccountTagsTagResource7BBB3F37": Object {
      "DeletionPolicy": "Delete",
      "DependsOn": Array [
        "Project2DevAccountCreateAccount52C0EFA9",
      ],
      "Properties": Object {
        "ResourceId": Object {
          "Fn::GetAtt": Array [
            "Project2DevAccountCreateAccount52C0EFA9",
            "AccountId",
          ],
        },
        "ServiceToken": Object {
          "Fn::GetAtt": Array [
            "Project2DevAccountTagscdkorganizationsTagResourceProviderNestedStackcdkorganizationsTagResourceProviderNestedStackResource918142C6",
            "Outputs.Project2DevAccountTagscdkorganizationsTagResourceProviderframeworkonEventCC82DAA6Arn",
          ],
        },
        "Tags": Array [
          Object {
            "Key": "tagKey",
            "Value": "tagValue",
          },
        ],
      },
      "Type": "Custom::Organizations_TagResource",
      "UpdateReplacePolicy": "Delete",
    },
    "Project2DevAccountTagscdkorganizationsTagResourceProviderNestedStackcdkorganizationsTagResourceProviderNestedStackResource918142C6": Object {
      "DeletionPolicy": "Delete",
      "DependsOn": Array [
        "Project2DevAccountCreateAccount52C0EFA9",
      ],
      "Properties": Object {
        "Tags": Array [
          Object {
            "Key": "tagKey",
            "Value": "tagValue",
          },
        ],
        "TemplateURL": Object {
          "Fn::Join": Array [
            "",
            Array [
              "https://s3.",
              Object {
                "Ref": "AWS::Region",
              },
              ".",
              Object {
                "Ref": "AWS::URLSuffix",
              },
              "/",
              Object {
                "Fn::Sub": "cdk-hnb659fds-assets-\${AWS::AccountId}-\${AWS::Region}",
              },
              "/344e6063cd2a92502cc38fab5dac907e8e68232ae56961c3240d992119f8afa6.json",
            ],
          ],
        },
      },
      "Type": "AWS::CloudFormation::Stack",
      "UpdateReplacePolicy": "Delete",
    },
    "Project2DevAccountcdkorganizationsAccountProviderNestedStackcdkorganizationsAccountProviderNestedStackResource32511CFF": Object {
      "DeletionPolicy": "Delete",
      "Properties": Object {
        "Tags": Array [
          Object {
            "Key": "tagKey",
            "Value": "tagValue",
          },
        ],
        "TemplateURL": Object {
          "Fn::Join": Array [
            "",
            Array [
              "https://s3.",
              Object {
                "Ref": "AWS::Region",
              },
              ".",
              Object {
                "Ref": "AWS::URLSuffix",
              },
              "/",
              Object {
                "Fn::Sub": "cdk-hnb659fds-assets-\${AWS::AccountId}-\${AWS::Region}",
              },
              "/e48c03cd88fcd27b31f50883d3f2ef31aede2be0e89c9c2f201416bea1502514.json",
            ],
          ],
        },
      },
      "Type": "AWS::CloudFormation::Stack",
      "UpdateReplacePolicy": "Delete",
    },
    "Project2OUOrganizationProviderA322B887": Object {
      "DeletionPolicy": "Delete",
      "DependsOn": Array [
        "ProjectsOUcdkorganizationsOrganizationalUnitProviderNestedStackcdkorganizationsOrganizationalUnitProviderNestedStackResource576A896C",
        "ProjectsOUOrganizationProvider5CA5D400",
        "ProjectsOUTagscdkorganizationsTagResourceProviderNestedStackcdkorganizationsTagResourceProviderNestedStackResourceE792EE56",
        "ProjectsOUTagsTagResource5FC759B6",
      ],
      "Properties": Object {
        "ImportOnDuplicate": "true",
        "Name": "Project2",
        "ParentId": Object {
          "Fn::GetAtt": Array [
            "ProjectsOUOrganizationProvider5CA5D400",
            "Id",
          ],
        },
        "RemovalPolicy": "retain",
        "ServiceToken": Object {
          "Fn::GetAtt": Array [
            "Project2OUcdkorganizationsOrganizationalUnitProviderNestedStackcdkorganizationsOrganizationalUnitProviderNestedStackResource7188FD2A",
            "Outputs.Project2OUcdkorganizationsOrganizationalUnitProviderframeworkonEventD1224C19Arn",
          ],
        },
      },
      "Type": "Custom::Organizations_OrganizationalUnitProvider",
      "UpdateReplacePolicy": "Delete",
    },
    "Project2OUTagsTagResource42039814": Object {
      "DeletionPolicy": "Delete",
      "DependsOn": Array [
        "Project2OUOrganizationProviderA322B887",
        "ProjectsOUcdkorganizationsOrganizationalUnitProviderNestedStackcdkorganizationsOrganizationalUnitProviderNestedStackResource576A896C",
        "ProjectsOUOrganizationProvider5CA5D400",
        "ProjectsOUTagscdkorganizationsTagResourceProviderNestedStackcdkorganizationsTagResourceProviderNestedStackResourceE792EE56",
        "ProjectsOUTagsTagResource5FC759B6",
      ],
      "Properties": Object {
        "ResourceId": Object {
          "Fn::GetAtt": Array [
            "Project2OUOrganizationProviderA322B887",
            "Id",
          ],
        },
        "ServiceToken": Object {
          "Fn::GetAtt": Array [
            "Project2OUTagscdkorganizationsTagResourceProviderNestedStackcdkorganizationsTagResourceProviderNestedStackResourceBA5CF58A",
            "Outputs.Project2OUTagscdkorganizationsTagResourceProviderframeworkonEvent5F2FB2D2Arn",
          ],
        },
        "Tags": Array [
          Object {
            "Key": "tagKey",
            "Value": "tagValue",
          },
        ],
      },
      "Type": "Custom::Organizations_TagResource",
      "UpdateReplacePolicy": "Delete",
    },
    "Project2OUTagscdkorganizationsTagResourceProviderNestedStackcdkorganizationsTagResourceProviderNestedStackResourceBA5CF58A": Object {
      "DeletionPolicy": "Delete",
      "DependsOn": Array [
        "Project2OUOrganizationProviderA322B887",
        "ProjectsOUcdkorganizationsOrganizationalUnitProviderNestedStackcdkorganizationsOrganizationalUnitProviderNestedStackResource576A896C",
        "ProjectsOUOrganizationProvider5CA5D400",
        "ProjectsOUTagscdkorganizationsTagResourceProviderNestedStackcdkorganizationsTagResourceProviderNestedStackResourceE792EE56",
        "ProjectsOUTagsTagResource5FC759B6",
      ],
      "Properties": Object {
        "Tags": Array [
          Object {
            "Key": "tagKey",
            "Value": "tagValue",
          },
        ],
        "TemplateURL": Object {
          "Fn::Join": Array [
            "",
            Array [
              "https://s3.",
              Object {
                "Ref": "AWS::Region",
              },
              ".",
              Object {
                "Ref": "AWS::URLSuffix",
              },
              "/",
              Object {
                "Fn::Sub": "cdk-hnb659fds-assets-\${AWS::AccountId}-\${AWS::Region}",
              },
              "/a9277461e0872c23e0b4ab19f8cbcb13fedbbd546d59ae3071fe53127128013b.json",
            ],
          ],
        },
      },
      "Type": "AWS::CloudFormation::Stack",
      "UpdateReplacePolicy": "Delete",
    },
    "Project2OUcdkorganizationsOrganizationalUnitProviderNestedStackcdkorganizationsOrganizationalUnitProviderNestedStackResource7188FD2A": Object {
      "DeletionPolicy": "Delete",
      "DependsOn": Array [
        "ProjectsOUcdkorganizationsOrganizationalUnitProviderNestedStackcdkorganizationsOrganizationalUnitProviderNestedStackResource576A896C",
        "ProjectsOUOrganizationProvider5CA5D400",
        "ProjectsOUTagscdkorganizationsTagResourceProviderNestedStackcdkorganizationsTagResourceProviderNestedStackResourceE792EE56",
        "ProjectsOUTagsTagResource5FC759B6",
      ],
      "Properties": Object {
        "Tags": Array [
          Object {
            "Key": "tagKey",
            "Value": "tagValue",
          },
        ],
        "TemplateURL": Object {
          "Fn::Join": Array [
            "",
            Array [
              "https://s3.",
              Object {
                "Ref": "AWS::Region",
              },
              ".",
              Object {
                "Ref": "AWS::URLSuffix",
              },
              "/",
              Object {
                "Fn::Sub": "cdk-hnb659fds-assets-\${AWS::AccountId}-\${AWS::Region}",
              },
              "/b6244beea38586a0b81191f17631e9b8b3af26a129b6ff80a4dd4691a160e204.json",
            ],
          ],
        },
      },
      "Type": "AWS::CloudFormation::Stack",
      "UpdateReplacePolicy": "Delete",
    },
    "Project2ProdAccountCreateAccount7163F1C3": Object {
      "DeletionPolicy": "Delete",
      "Properties": Object {
        "AccountName": "Project 2 Prod",
        "Email": "info+project2-prod@pepperize.com",
        "IamUserAccessToBilling": "ALLOW",
        "ImportOnDuplicate": "true",
        "ParentId": Object {
          "Fn::GetAtt": Array [
            "Project2OUOrganizationProviderA322B887",
            "Id",
          ],
        },
        "RemovalPolicy": "retain",
        "RoleName": "OrganizationAccountAccessRole",
        "ServiceToken": Object {
          "Fn::GetAtt": Array [
            "Project2ProdAccountcdkorganizationsAccountProviderNestedStackcdkorganizationsAccountProviderNestedStackResource0CBF843F",
            "Outputs.Project2ProdAccountcdkorganizationsAccountProviderframeworkonEvent483F7056Arn",
          ],
        },
      },
      "Type": "Custom::Organizations_Account",
      "UpdateReplacePolicy": "Delete",
    },
    "Project2ProdAccountTagsTagResource6730CC65": Object {
      "DeletionPolicy": "Delete",
      "DependsOn": Array [
        "Project2ProdAccountCreateAccount7163F1C3",
      ],
      "Properties": Object {
        "ResourceId": Object {
          "Fn::GetAtt": Array [
            "Project2ProdAccountCreateAccount7163F1C3",
            "AccountId",
          ],
        },
        "ServiceToken": Object {
          "Fn::GetAtt": Array [
            "Project2ProdAccountTagscdkorganizationsTagResourceProviderNestedStackcdkorganizationsTagResourceProviderNestedStackResource4C9DB102",
            "Outputs.Project2ProdAccountTagscdkorganizationsTagResourceProviderframeworkonEvent9163693AArn",
          ],
        },
        "Tags": Array [
          Object {
            "Key": "tagKey",
            "Value": "tagValue",
          },
        ],
      },
      "Type": "Custom::Organizations_TagResource",
      "UpdateReplacePolicy": "Delete",
    },
    "Project2ProdAccountTagscdkorganizationsTagResourceProviderNestedStackcdkorganizationsTagResourceProviderNestedStackResource4C9DB102": Object {
      "DeletionPolicy": "Delete",
      "DependsOn": Array [
        "Project2ProdAccountCreateAccount7163F1C3",
      ],
      "Properties": Object {
        "Tags": Array [
          Object {
            "Key": "tagKey",
            "Value": "tagValue",
          },
        ],
        "TemplateURL": Object {
          "Fn::Join": Array [
            "",
            Array [
              "https://s3.",
              Object {
                "Ref": "AWS::Region",
              },
              ".",
              Object {
                "Ref": "AWS::URLSuffix",
              },
              "/",
              Object {
                "Fn::Sub": "cdk-hnb659fds-assets-\${AWS::AccountId}-\${AWS::Region}",
              },
              "/d50562a1f8da6d144aa8977cd05a7e842c703f35278018c673a618654c4c994f.json",
            ],
          ],
        },
      },
      "Type": "AWS::CloudFormation::Stack",
      "UpdateReplacePolicy": "Delete",
    },
    "Project2ProdAccountcdkorganizationsAccountProviderNestedStackcdkorganizationsAccountProviderNestedStackResource0CBF843F": Object {
      "DeletionPolicy": "Delete",
      "Properties": Object {
        "Tags": Array [
          Object {
            "Key": "tagKey",
            "Value": "tagValue",
          },
        ],
        "TemplateURL": Object {
          "Fn::Join": Array [
            "",
            Array [
              "https://s3.",
              Object {
                "Ref": "AWS::Region",
              },
              ".",
              Object {
                "Ref": "AWS::URLSuffix",
              },
              "/",
              Object {
                "Fn::Sub": "cdk-hnb659fds-assets-\${AWS::AccountId}-\${AWS::Region}",
              },
              "/83c6136392c6ef8c4c7483be319d1817c633bcb72060bb7c608164d8051e4476.json",
            ],
          ],
        },
      },
      "Type": "AWS::CloudFormation::Stack",
      "UpdateReplacePolicy": "Delete",
    },
    "ProjectsOUOrganizationProvider5CA5D400": Object {
      "DeletionPolicy": "Delete",
      "DependsOn": Array [
        "OrganizationRootRootCustomResourceCustomResourcePolicyB45F831E",
        "OrganizationRootRootCustomResourceBB74F060",
        "OrganizationRootTagscdkorganizationsTagResourceProviderNestedStackcdkorganizationsTagResourceProviderNestedStackResource88CA0520",
        "OrganizationRootTagsTagResourceCBEA7B2F",
      ],
      "Properties": Object {
        "ImportOnDuplicate": "true",
        "Name": "Projects",
        "ParentId": Object {
          "Fn::GetAtt": Array [
            "OrganizationRootRootCustomResourceBB74F060",
            "Roots.0.Id",
          ],
        },
        "RemovalPolicy": "retain",
        "ServiceToken": Object {
          "Fn::GetAtt": Array [
            "ProjectsOUcdkorganizationsOrganizationalUnitProviderNestedStackcdkorganizationsOrganizationalUnitProviderNestedStackResource576A896C",
            "Outputs.ProjectsOUcdkorganizationsOrganizationalUnitProviderframeworkonEvent57CADB8BArn",
          ],
        },
      },
      "Type": "Custom::Organizations_OrganizationalUnitProvider",
      "UpdateReplacePolicy": "Delete",
    },
    "ProjectsOUTagsTagResource5FC759B6": Object {
      "DeletionPolicy": "Delete",
      "DependsOn": Array [
        "OrganizationRootRootCustomResourceCustomResourcePolicyB45F831E",
        "OrganizationRootRootCustomResourceBB74F060",
        "OrganizationRootTagscdkorganizationsTagResourceProviderNestedStackcdkorganizationsTagResourceProviderNestedStackResource88CA0520",
        "OrganizationRootTagsTagResourceCBEA7B2F",
        "ProjectsOUOrganizationProvider5CA5D400",
      ],
      "Properties": Object {
        "ResourceId": Object {
          "Fn::GetAtt": Array [
            "ProjectsOUOrganizationProvider5CA5D400",
            "Id",
          ],
        },
        "ServiceToken": Object {
          "Fn::GetAtt": Array [
            "ProjectsOUTagscdkorganizationsTagResourceProviderNestedStackcdkorganizationsTagResourceProviderNestedStackResourceE792EE56",
            "Outputs.ProjectsOUTagscdkorganizationsTagResourceProviderframeworkonEventF94E2EAFArn",
          ],
        },
        "Tags": Array [
          Object {
            "Key": "tagKey",
            "Value": "tagValue",
          },
        ],
      },
      "Type": "Custom::Organizations_TagResource",
      "UpdateReplacePolicy": "Delete",
    },
    "ProjectsOUTagscdkorganizationsTagResourceProviderNestedStackcdkorganizationsTagResourceProviderNestedStackResourceE792EE56": Object {
      "DeletionPolicy": "Delete",
      "DependsOn": Array [
        "OrganizationRootRootCustomResourceCustomResourcePolicyB45F831E",
        "OrganizationRootRootCustomResourceBB74F060",
        "OrganizationRootTagscdkorganizationsTagResourceProviderNestedStackcdkorganizationsTagResourceProviderNestedStackResource88CA0520",
        "OrganizationRootTagsTagResourceCBEA7B2F",
        "ProjectsOUOrganizationProvider5CA5D400",
      ],
      "Properties": Object {
        "Tags": Array [
          Object {
            "Key": "tagKey",
            "Value": "tagValue",
          },
        ],
        "TemplateURL": Object {
          "Fn::Join": Array [
            "",
            Array [
              "https://s3.",
              Object {
                "Ref": "AWS::Region",
              },
              ".",
              Object {
                "Ref": "AWS::URLSuffix",
              },
              "/",
              Object {
                "Fn::Sub": "cdk-hnb659fds-assets-\${AWS::AccountId}-\${AWS::Region}",
              },
              "/e927dfb3d6ffcdf2250034eacfc29ee412691eeb1f76fffb691bfae0dd1d83be.json",
            ],
          ],
        },
      },
      "Type": "AWS::CloudFormation::Stack",
      "UpdateReplacePolicy": "Delete",
    },
    "ProjectsOUcdkorganizationsOrganizationalUnitProviderNestedStackcdkorganizationsOrganizationalUnitProviderNestedStackResource576A896C": Object {
      "DeletionPolicy": "Delete",
      "DependsOn": Array [
        "OrganizationRootRootCustomResourceCustomResourcePolicyB45F831E",
        "OrganizationRootRootCustomResourceBB74F060",
        "OrganizationRootTagscdkorganizationsTagResourceProviderNestedStackcdkorganizationsTagResourceProviderNestedStackResource88CA0520",
        "OrganizationRootTagsTagResourceCBEA7B2F",
      ],
      "Properties": Object {
        "Tags": Array [
          Object {
            "Key": "tagKey",
            "Value": "tagValue",
          },
        ],
        "TemplateURL": Object {
          "Fn::Join": Array [
            "",
            Array [
              "https://s3.",
              Object {
                "Ref": "AWS::Region",
              },
              ".",
              Object {
                "Ref": "AWS::URLSuffix",
              },
              "/",
              Object {
                "Fn::Sub": "cdk-hnb659fds-assets-\${AWS::AccountId}-\${AWS::Region}",
              },
              "/ea09654bda4ea489bdbc0cf211ee2f995c01d4c05ff3542153ffbead6d57487d.json",
            ],
          ],
        },
      },
      "Type": "AWS::CloudFormation::Stack",
      "UpdateReplacePolicy": "Delete",
    },
  },
  "Rules": Object {
    "CheckBootstrapVersion": Object {
      "Assertions": Array [
        Object {
          "Assert": Object {
            "Fn::Not": Array [
              Object {
                "Fn::Contains": Array [
                  Array [
                    "1",
                    "2",
                    "3",
                    "4",
                    "5",
                  ],
                  Object {
                    "Ref": "BootstrapVersion",
                  },
                ],
              },
            ],
          },
          "AssertDescription": "CDK bootstrap stack version 6 required. Please run 'cdk bootstrap' with a recent version of the CDK CLI.",
        },
      ],
    },
  },
}
`;
