// Jest Snapshot v1, https://goo.gl/fbAQLP

exports[`Policy Should match snapshot 1`] = `
Object {
  "Parameters": Object {
    "BootstrapVersion": Object {
      "Default": "/cdk-bootstrap/hnb659fds/version",
      "Description": "Version of the CDK Bootstrap resources in this environment, automatically retrieved from SSM Parameter Store. [cdk:skip]",
      "Type": "AWS::SSM::Parameter::Value<String>",
    },
  },
  "Resources": Object {
    "Policy23B91518": Object {
      "Properties": Object {
        "Content": "{\\\\\\"Version\\\\\\":\\\\\\"2012-10-17\\\\\\",\\\\\\"Statement\\\\\\":{\\\\\\"Effect\\\\\\":\\\\\\"Allow\\\\\\",\\\\\\"Action\\\\\\":\\\\\\"s3:*\\\\\\"}}",
        "Description": "Enables admins of attached accounts to delegate all S3 permissions",
        "Name": "AllowAllS3Actions",
        "Type": "SERVICE_CONTROL_POLICY",
      },
      "Type": "AWS::Organizations::Policy",
    },
  },
  "Rules": Object {
    "CheckBootstrapVersion": Object {
      "Assertions": Array [
        Object {
          "Assert": Object {
            "Fn::Not": Array [
              Object {
                "Fn::Contains": Array [
                  Array [
                    "1",
                    "2",
                    "3",
                    "4",
                    "5",
                  ],
                  Object {
                    "Ref": "BootstrapVersion",
                  },
                ],
              },
            ],
          },
          "AssertDescription": "CDK bootstrap stack version 6 required. Please run 'cdk bootstrap' with a recent version of the CDK CLI.",
        },
      ],
    },
  },
}
`;
