// Jest Snapshot v1, https://goo.gl/fbAQLP

exports[`TagResource Should match snapshot 1`] = `
Object {
  "Parameters": Object {
    "AssetParameters71bfb4fd30a6096900db094a8b453a9dcfc810c7c953fbeb004b4637ec24951aArtifactHash0141BE94": Object {
      "Description": "Artifact hash for asset \\"71bfb4fd30a6096900db094a8b453a9dcfc810c7c953fbeb004b4637ec24951a\\"",
      "Type": "String",
    },
    "AssetParameters71bfb4fd30a6096900db094a8b453a9dcfc810c7c953fbeb004b4637ec24951aS3Bucket9284B0E6": Object {
      "Description": "S3 bucket for asset \\"71bfb4fd30a6096900db094a8b453a9dcfc810c7c953fbeb004b4637ec24951a\\"",
      "Type": "String",
    },
    "AssetParameters71bfb4fd30a6096900db094a8b453a9dcfc810c7c953fbeb004b4637ec24951aS3VersionKey5502ABD0": Object {
      "Description": "S3 key for asset version \\"71bfb4fd30a6096900db094a8b453a9dcfc810c7c953fbeb004b4637ec24951a\\"",
      "Type": "String",
    },
    "AssetParameters7ef22dac3421fb2d25175b3386053dbc5bdc110e87cbd58600263bf70a6324cdArtifactHashF658FD15": Object {
      "Description": "Artifact hash for asset \\"7ef22dac3421fb2d25175b3386053dbc5bdc110e87cbd58600263bf70a6324cd\\"",
      "Type": "String",
    },
    "AssetParameters7ef22dac3421fb2d25175b3386053dbc5bdc110e87cbd58600263bf70a6324cdS3BucketA00C8555": Object {
      "Description": "S3 bucket for asset \\"7ef22dac3421fb2d25175b3386053dbc5bdc110e87cbd58600263bf70a6324cd\\"",
      "Type": "String",
    },
    "AssetParameters7ef22dac3421fb2d25175b3386053dbc5bdc110e87cbd58600263bf70a6324cdS3VersionKey27C92598": Object {
      "Description": "S3 key for asset version \\"7ef22dac3421fb2d25175b3386053dbc5bdc110e87cbd58600263bf70a6324cd\\"",
      "Type": "String",
    },
    "AssetParameters812912681bd38bd6f38e69fd7038c85fea65b1a288df8309eee599efeaaf0385ArtifactHash2BBB5E18": Object {
      "Description": "Artifact hash for asset \\"812912681bd38bd6f38e69fd7038c85fea65b1a288df8309eee599efeaaf0385\\"",
      "Type": "String",
    },
    "AssetParameters812912681bd38bd6f38e69fd7038c85fea65b1a288df8309eee599efeaaf0385S3Bucket88BD9597": Object {
      "Description": "S3 bucket for asset \\"812912681bd38bd6f38e69fd7038c85fea65b1a288df8309eee599efeaaf0385\\"",
      "Type": "String",
    },
    "AssetParameters812912681bd38bd6f38e69fd7038c85fea65b1a288df8309eee599efeaaf0385S3VersionKeyEE8DBCD2": Object {
      "Description": "S3 key for asset version \\"812912681bd38bd6f38e69fd7038c85fea65b1a288df8309eee599efeaaf0385\\"",
      "Type": "String",
    },
  },
  "Resources": Object {
    "TagResourceTagResourceProvider02913E05": Object {
      "DeletionPolicy": "Delete",
      "Properties": Object {
        "ResourceId": "t-1234",
        "ServiceToken": Object {
          "Fn::GetAtt": Array [
            "TagResourcepepperizecdkorganizationsTagResourceProviderNestedStackpepperizecdkorganizationsTagResourceProviderNestedStackResource467D37EC",
            "Outputs.StackTagResourcepepperizecdkorganizationsTagResourceProviderframeworkonEvent49F77DC6Arn",
          ],
        },
        "Tags": Array [
          Object {
            "Key": "foo",
            "Value": "bar",
          },
        ],
      },
      "Type": "Custom::Organization_TagResource",
      "UpdateReplacePolicy": "Delete",
    },
    "TagResourcepepperizecdkorganizationsTagResourceProviderNestedStackpepperizecdkorganizationsTagResourceProviderNestedStackResource467D37EC": Object {
      "DeletionPolicy": "Delete",
      "Properties": Object {
        "Parameters": Object {
          "referencetoStackAssetParameters71bfb4fd30a6096900db094a8b453a9dcfc810c7c953fbeb004b4637ec24951aS3Bucket2E3DB6D7Ref": Object {
            "Ref": "AssetParameters71bfb4fd30a6096900db094a8b453a9dcfc810c7c953fbeb004b4637ec24951aS3Bucket9284B0E6",
          },
          "referencetoStackAssetParameters71bfb4fd30a6096900db094a8b453a9dcfc810c7c953fbeb004b4637ec24951aS3VersionKeyA1BFF702Ref": Object {
            "Ref": "AssetParameters71bfb4fd30a6096900db094a8b453a9dcfc810c7c953fbeb004b4637ec24951aS3VersionKey5502ABD0",
          },
          "referencetoStackAssetParameters7ef22dac3421fb2d25175b3386053dbc5bdc110e87cbd58600263bf70a6324cdS3Bucket7A09F772Ref": Object {
            "Ref": "AssetParameters7ef22dac3421fb2d25175b3386053dbc5bdc110e87cbd58600263bf70a6324cdS3BucketA00C8555",
          },
          "referencetoStackAssetParameters7ef22dac3421fb2d25175b3386053dbc5bdc110e87cbd58600263bf70a6324cdS3VersionKeyFCF7B7A5Ref": Object {
            "Ref": "AssetParameters7ef22dac3421fb2d25175b3386053dbc5bdc110e87cbd58600263bf70a6324cdS3VersionKey27C92598",
          },
        },
        "TemplateURL": Object {
          "Fn::Join": Array [
            "",
            Array [
              "https://s3.",
              Object {
                "Ref": "AWS::Region",
              },
              ".",
              Object {
                "Ref": "AWS::URLSuffix",
              },
              "/",
              Object {
                "Ref": "AssetParameters812912681bd38bd6f38e69fd7038c85fea65b1a288df8309eee599efeaaf0385S3Bucket88BD9597",
              },
              "/",
              Object {
                "Fn::Select": Array [
                  0,
                  Object {
                    "Fn::Split": Array [
                      "||",
                      Object {
                        "Ref": "AssetParameters812912681bd38bd6f38e69fd7038c85fea65b1a288df8309eee599efeaaf0385S3VersionKeyEE8DBCD2",
                      },
                    ],
                  },
                ],
              },
              Object {
                "Fn::Select": Array [
                  1,
                  Object {
                    "Fn::Split": Array [
                      "||",
                      Object {
                        "Ref": "AssetParameters812912681bd38bd6f38e69fd7038c85fea65b1a288df8309eee599efeaaf0385S3VersionKeyEE8DBCD2",
                      },
                    ],
                  },
                ],
              },
            ],
          ],
        },
      },
      "Type": "AWS::CloudFormation::Stack",
      "UpdateReplacePolicy": "Delete",
    },
  },
}
`;
