// Jest Snapshot v1, https://goo.gl/fbAQLP

exports[`TagResource Should match snapshot 1`] = `
Object {
  "Resources": Object {
    "TagTagResource41F8FD4C": Object {
      "DeletionPolicy": "Delete",
      "Properties": Object {
        "ResourceId": "t-1234",
        "ServiceToken": Object {
          "Fn::GetAtt": Array [
            "cdkorganizationsTagResourceProviderNestedStackcdkorganizationsTagResourceProviderNestedStackResourceA7B8DF96",
            "Outputs.cdkorganizationsTagResourceProviderframeworkonEventDD009DFBArn",
          ],
        },
      },
      "Type": "Custom::Organizations_TagResource",
      "UpdateReplacePolicy": "Delete",
    },
    "cdkorganizationsTagResourceProviderNestedStackcdkorganizationsTagResourceProviderNestedStackResourceA7B8DF96": Object {
      "DeletionPolicy": "Delete",
      "Properties": Object {
        "TemplateURL": Object {
          "Fn::Join": Array [
            "",
            Array [
              "https://s3.us-east-1.",
              Object {
                "Ref": "AWS::URLSuffix",
              },
              "/cdk-hnb659fds-assets-123456789012-us-east-1/e4e09adb05b0233086aa33747ea0b9c6445d3c8ba655b8b2bba2359fd3d40674.json",
            ],
          ],
        },
      },
      "Type": "AWS::CloudFormation::Stack",
      "UpdateReplacePolicy": "Delete",
    },
  },
}
`;
